"Elon Musk is a South African-born entrepreneur, inventor, and business magnate. He is best known for his ambitious ventures in the fields of space exploration,"