"Okay, let's break down who Elon Musk is. He's a truly fascinating and incredibly influential figure, often described as a disruptive innovator and a visionary"