" Elon Musk is a business magnate, industrial designer, and engineer. He is the CEO and lead designer of SpaceX, CEO and product"