"Elon Musk is a business magnate, industrial designer, and engineer. He is the founder, CEO, CTO, and chief designer of Space"