"Elon Musk is a South African-born Canadian-American business magnate, industrial designer, and engineer. He is known for his work in the fields of electric vehicles"