"Elon Musk is an American entrepreneur, investor, and engineer who has made significant contributions to the fields of space exploration, electric vehicles, and renewable energy. He"