"Elon Musk is a South African-born entrepreneur, inventor, and business magnate. He is the CEO of SpaceX, the founder of Tesla, Inc., and"