"Elon Musk is a South African-American entrepreneur, investor, engineer, and inventor who co-founded SpaceX, Tesla, Neuralink, The Boring Company, and"