"Elon Musk is an American entrepreneur, investor, and inventor. He is the founder and CEO of SpaceX, a private aerospace manufacturer and space transportation company. He"