[
    {
        "completion": " "
    },
    {
        "completion": " The"
    },
    {
        "completion": " E"
    },
    {
        "completion": "iff"
    },
    {
        "completion": "el"
    },
    {
        "completion": " Tower"
    },
    {
        "completion": " is"
    },
    {
        "completion": " located"
    },
    {
        "completion": " in"
    },
    {
        "completion": " Paris"
    },
    {
        "completion": ","
    },
    {
        "completion": " France"
    },
    {
        "completion": "."
    },
    {
        "completion": " It"
    },
    {
        "completion": " stands"
    },
    {
        "completion": " on"
    },
    {
        "completion": " the"
    },
    {
        "completion": " Champ"
    },
    {
        "completion": " de"
    },
    {
        "completion": " Mars"
    },
    {
        "completion": ","
    },
    {
        "completion": " a"
    },
    {
        "completion": " small"
    },
    {
        "completion": " island"
    },
    {
        "completion": " in"
    },
    {
        "completion": " the"
    },
    {
        "completion": " Seine"
    },
    {
        "completion": " River"
    },
    {
        "completion": ","
    },
    {
        "completion": " in"
    },
    {
        "completion": " the"
    },
    {
        "completion": " heart"
    },
    {
        "completion": " of"
    },
    {
        "completion": " Paris"
    },
    {
        "completion": "."
    },
    {
        "completion": " The"
    },
    {
        "completion": " exact"
    },
    {
        "completion": " address"
    },
    {
        "completion": " of"
    },
    {
        "completion": " the"
    },
    {
        "completion": " E"
    },
    {
        "completion": "iff"
    },
    {
        "completion": "el"
    },
    {
        "completion": " Tower"
    },
    {
        "completion": " is"
    },
    {
        "completion": ":"
    },
    {
        "completion": "\n"
    },
    {
        "completion": "2"
    },
    {
        "completion": " R"
    },
    {
        "completion": "ue"
    },
    {
        "completion": " de"
    },
    {
        "completion": " la"
    },
    {
        "completion": " Cro"
    },
    {
        "completion": "ix"
    },
    {
        "completion": " de"
    },
    {
        "completion": " Fer"
    },
    {
        "completion": ","
    },
    {
        "completion": " "
    },
    {
        "completion": "7"
    },
    {
        "completion": "5"
    },
    {
        "completion": "0"
    },
    {
        "completion": "1"
    },
    {
        "completion": "5"
    },
    {
        "completion": " Paris"
    },
    {
        "completion": ","
    },
    {
        "completion": " France"
    },
    {
        "completion": "\n"
    },
    {
        "completion": "The"
    },
    {
        "completion": " E"
    },
    {
        "completion": "iff"
    },
    {
        "completion": "el"
    },
    {
        "completion": " Tower"
    },
    {
        "completion": " is"
    },
    {
        "completion": " one"
    },
    {
        "completion": " of"
    },
    {
        "completion": " the"
    },
    {
        "completion": " most"
    },
    {
        "completion": " recogn"
    },
    {
        "completion": "izable"
    },
    {
        "completion": " land"
    },
    {
        "completion": "marks"
    },
    {
        "completion": " in"
    },
    {
        "completion": " the"
    },
    {
        "completion": " world"
    },
    {
        "completion": " and"
    },
    {
        "completion": " is"
    },
    {
        "completion": " considered"
    },
    {
        "completion": " an"
    },
    {
        "completion": " icon"
    },
    {
        "completion": "ic"
    },
    {
        "completion": " symbol"
    },
    {
        "completion": " of"
    },
    {
        "completion": " Paris"
    },
    {
        "completion": " and"
    },
    {
        "completion": " France"
    },
    {
        "completion": "."
    },
    {
        "completion": " It"
    },
    {
        "completion": " was"
    },
    {
        "completion": " built"
    },
    {
        "completion": " for"
    },
    {
        "completion": " the"
    },
    {
        "completion": " "
    },
    {
        "completion": "1"
    },
    {
        "completion": "8"
    },
    {
        "completion": "8"
    },
    {
        "completion": "9"
    },
    {
        "completion": " World"
    },
    {
        "completion": "'"
    },
    {
        "completion": "s"
    },
    {
        "completion": " Fair"
    },
    {
        "completion": " and"
    },
    {
        "completion": " stands"
    },
    {
        "completion": " "
    },
    {
        "completion": "3"
    },
    {
        "completion": "2"
    },
    {
        "completion": "4"
    },
    {
        "completion": " meters"
    },
    {
        "completion": " ("
    },
    {
        "completion": "1"
    },
    {
        "completion": ","
    },
    {
        "completion": "0"
    },
    {
        "completion": "6"
    },
    {
        "completion": "3"
    },
    {
        "completion": " feet"
    },
    {
        "completion": ")"
    },
    {
        "completion": " tall"
    },
    {
        "completion": ","
    },
    {
        "completion": " making"
    },
    {
        "completion": " it"
    },
    {
        "completion": " one"
    },
    {
        "completion": " of"
    },
    {
        "completion": " the"
    },
    {
        "completion": " tall"
    },
    {
        "completion": "est"
    },
    {
        "completion": " structures"
    },
    {
        "completion": " in"
    },
    {
        "completion": " the"
    },
    {
        "completion": " world"
    },
    {
        "completion": " at"
    },
    {
        "completion": " the"
    },
    {
        "completion": " time"
    },
    {
        "completion": " of"
    },
    {
        "completion": " its"
    },
    {
        "completion": " construction"
    },
    {
        "completion": "."
    },
    {
        "completion": ""
    }
]