[
    {
        "completion": " "
    },
    {
        "completion": " El"
    },
    {
        "completion": "on"
    },
    {
        "completion": " Mus"
    },
    {
        "completion": "k"
    },
    {
        "completion": " is"
    },
    {
        "completion": " a"
    },
    {
        "completion": " South"
    },
    {
        "completion": " African"
    },
    {
        "completion": "-"
    },
    {
        "completion": "born"
    },
    {
        "completion": " entrepr"
    },
    {
        "completion": "ene"
    },
    {
        "completion": "ur"
    },
    {
        "completion": ","
    },
    {
        "completion": " invent"
    },
    {
        "completion": "or"
    },
    {
        "completion": ","
    },
    {
        "completion": " and"
    },
    {
        "completion": " business"
    },
    {
        "completion": " magn"
    },
    {
        "completion": "ate"
    },
    {
        "completion": " who"
    },
    {
        "completion": " is"
    },
    {
        "completion": " best"
    },
    {
        "completion": " known"
    },
    {
        "completion": " for"
    },
    {
        "completion": " his"
    },
    {
        "completion": " innov"
    },
    {
        "completion": "ative"
    },
    {
        "completion": " companies"
    },
    {
        "completion": " in"
    },
    {
        "completion": " the"
    },
    {
        "completion": " fields"
    },
    {
        "completion": " of"
    },
    {
        "completion": " transport"
    },
    {
        "completion": "ation"
    },
    {
        "completion": ","
    },
    {
        "completion": " energy"
    },
    {
        "completion": ","
    },
    {
        "completion": " and"
    },
    {
        "completion": " space"
    },
    {
        "completion": " expl"
    },
    {
        "completion": "oration"
    },
    {
        "completion": "."
    },
    {
        "completion": "\n"
    },
    {
        "completion": "Mus"
    },
    {
        "completion": "k"
    },
    {
        "completion": " was"
    },
    {
        "completion": " born"
    },
    {
        "completion": " on"
    },
    {
        "completion": " June"
    },
    {
        "completion": " "
    },
    {
        "completion": "2"
    },
    {
        "completion": "8"
    },
    {
        "completion": ","
    },
    {
        "completion": " "
    },
    {
        "completion": "1"
    },
    {
        "completion": "9"
    },
    {
        "completion": "7"
    },
    {
        "completion": "1"
    },
    {
        "completion": ","
    },
    {
        "completion": " in"
    },
    {
        "completion": " P"
    },
    {
        "completion": "ret"
    },
    {
        "completion": "oria"
    },
    {
        "completion": ","
    },
    {
        "completion": " South"
    },
    {
        "completion": " Africa"
    },
    {
        "completion": "."
    },
    {
        "completion": " He"
    },
    {
        "completion": " developed"
    },
    {
        "completion": " an"
    },
    {
        "completion": " interest"
    },
    {
        "completion": " in"
    },
    {
        "completion": " computing"
    },
    {
        "completion": " and"
    },
    {
        "completion": " programming"
    },
    {
        "completion": " at"
    },
    {
        "completion": " an"
    },
    {
        "completion": " early"
    },
    {
        "completion": " age"
    },
    {
        "completion": " and"
    },
    {
        "completion": " taught"
    },
    {
        "completion": " himself"
    },
    {
        "completion": " computer"
    },
    {
        "completion": " programming"
    },
    {
        "completion": "."
    },
    {
        "completion": " He"
    },
    {
        "completion": " moved"
    },
    {
        "completion": " to"
    },
    {
        "completion": " Canada"
    },
    {
        "completion": " in"
    },
    {
        "completion": " "
    },
    {
        "completion": "1"
    },
    {
        "completion": "9"
    },
    {
        "completion": "9"
    },
    {
        "completion": "2"
    },
    {
        "completion": " to"
    },
    {
        "completion": " attend"
    },
    {
        "completion": " college"
    },
    {
        "completion": ","
    },
    {
        "completion": " and"
    },
    {
        "completion": " later"
    },
    {
        "completion": " transferred"
    },
    {
        "completion": " to"
    },
    {
        "completion": " the"
    },
    {
        "completion": " University"
    },
    {
        "completion": " of"
    },
    {
        "completion": " Pennsylvania"
    },
    {
        "completion": ","
    },
    {
        "completion": " where"
    },
    {
        "completion": " he"
    },
    {
        "completion": " graduated"
    },
    {
        "completion": " with"
    },
    {
        "completion": " a"
    },
    {
        "completion": " degree"
    },
    {
        "completion": " in"
    },
    {
        "completion": " econom"
    },
    {
        "completion": "ics"
    },
    {
        "completion": " and"
    },
    {
        "completion": " physics"
    },
    {
        "completion": "."
    },
    {
        "completion": "\n"
    },
    {
        "completion": "After"
    },
    {
        "completion": " college"
    },
    {
        "completion": ","
    },
    {
        "completion": " Mus"
    },
    {
        "completion": "k"
    },
    {
        "completion": " moved"
    },
    {
        "completion": " to"
    },
    {
        "completion": " California"
    },
    {
        "completion": " to"
    },
    {
        "completion": " purs"
    },
    {
        "completion": "ue"
    },
    {
        "completion": " a"
    },
    {
        "completion": " career"
    },
    {
        "completion": " in"
    },
    {
        "completion": " technology"
    },
    {
        "completion": " and"
    },
    {
        "completion": " entrepr"
    },
    {
        "completion": "ene"
    },
    {
        "completion": "ur"
    },
    {
        "completion": "ship"
    },
    {
        "completion": "."
    },
    {
        "completion": " He"
    },
    {
        "completion": " co"
    },
    {
        "completion": "-"
    },
    {
        "completion": "f"
    },
    {
        "completion": "ounded"
    },
    {
        "completion": " his"
    },
    {
        "completion": " first"
    },
    {
        "completion": " company"
    },
    {
        "completion": ","
    },
    {
        "completion": " Z"
    },
    {
        "completion": "ip"
    },
    {
        "completion": "2"
    },
    {
        "completion": ","
    },
    {
        "completion": " which"
    },
    {
        "completion": " provided"
    },
    {
        "completion": " online"
    },
    {
        "completion": " content"
    },
    {
        "completion": " publishing"
    },
    {
        "completion": " software"
    },
    {
        "completion": " for"
    },
    {
        "completion": " news"
    },
    {
        "completion": " organizations"
    },
    {
        "completion": "."
    },
    {
        "completion": " In"
    },
    {
        "completion": " "
    },
    {
        "completion": "1"
    },
    {
        "completion": "9"
    },
    {
        "completion": "9"
    },
    {
        "completion": "9"
    },
    {
        "completion": ","
    },
    {
        "completion": " he"
    },
    {
        "completion": " co"
    },
    {
        "completion": "-"
    },
    {
        "completion": "f"
    },
    {
        "completion": "ounded"
    },
    {
        "completion": " X"
    },
    {
        "completion": "."
    },
    {
        "completion": "com"
    },
    {
        "completion": ","
    },
    {
        "completion": " which"
    },
    {
        "completion": " later"
    },
    {
        "completion": " became"
    },
    {
        "completion": " Pay"
    },
    {
        "completion": "Pal"
    },
    {
        "completion": ","
    },
    {
        "completion": " an"
    },
    {
        "completion": " online"
    },
    {
        "completion": " payment"
    },
    {
        "completion": " system"
    },
    {
        "completion": " that"
    },
    {
        "completion": " was"
    },
    {
        "completion": " acquired"
    },
    {
        "completion": " by"
    },
    {
        "completion": " e"
    },
    {
        "completion": "B"
    },
    {
        "completion": "ay"
    },
    {
        "completion": " for"
    },
    {
        "completion": " $"
    },
    {
        "completion": "1"
    },
    {
        "completion": "."
    },
    {
        "completion": "5"
    },
    {
        "completion": " billion"
    },
    {
        "completion": " in"
    },
    {
        "completion": " "
    },
    {
        "completion": "2"
    },
    {
        "completion": "0"
    },
    {
        "completion": "0"
    },
    {
        "completion": "2"
    },
    {
        "completion": "."
    },
    {
        "completion": "\n"
    },
    {
        "completion": "In"
    },
    {
        "completion": " "
    },
    {
        "completion": "2"
    },
    {
        "completion": "0"
    },
    {
        "completion": "0"
    },
    {
        "completion": "2"
    },
    {
        "completion": ","
    },
    {
        "completion": " Mus"
    },
    {
        "completion": "k"
    },
    {
        "completion": " founded"
    },
    {
        "completion": " Space"
    },
    {
        "completion": "X"
    },
    {
        "completion": ","
    },
    {
        "completion": " a"
    },
    {
        "completion": " private"
    },
    {
        "completion": " space"
    },
    {
        "completion": " expl"
    },
    {
        "completion": "oration"
    },
    {
        "completion": " company"
    },
    {
        "completion": " with"
    },
    {
        "completion": " the"
    },
    {
        "completion": " goal"
    },
    {
        "completion": " of"
    },
    {
        "completion": " reducing"
    },
    {
        "completion": " space"
    },
    {
        "completion": " transport"
    },
    {
        "completion": "ation"
    },
    {
        "completion": " costs"
    },
    {
        "completion": " and"
    },
    {
        "completion": " en"
    },
    {
        "completion": "abling"
    },
    {
        "completion": " the"
    },
    {
        "completion": " colon"
    },
    {
        "completion": "ization"
    },
    {
        "completion": " of"
    },
    {
        "completion": " Mars"
    },
    {
        "completion": "."
    },
    {
        "completion": " Space"
    },
    {
        "completion": "X"
    },
    {
        "completion": " has"
    },
    {
        "completion": " since"
    },
    {
        "completion": " become"
    },
    {
        "completion": " a"
    },
    {
        "completion": " leading"
    },
    {
        "completion": " player"
    },
    {
        "completion": " in"
    },
    {
        "completion": " the"
    },
    {
        "completion": " commercial"
    },
    {
        "completion": " space"
    },
    {
        "completion": " industry"
    },
    {
        "completion": ","
    },
    {
        "completion": " with"
    },
    {
        "completion": " numerous"
    },
    {
        "completion": " successful"
    },
    {
        "completion": " launch"
    },
    {
        "completion": "es"
    },
    {
        "completion": " and"
    },
    {
        "completion": " a"
    },
    {
        "completion": " contract"
    },
    {
        "completion": " with"
    },
    {
        "completion": " NASA"
    },
    {
        "completion": " to"
    },
    {
        "completion": " transport"
    },
    {
        "completion": " cargo"
    },
    {
        "completion": " to"
    },
    {
        "completion": " the"
    },
    {
        "completion": " International"
    },
    {
        "completion": " Space"
    },
    {
        "completion": " Station"
    },
    {
        "completion": "."
    },
    {
        "completion": "\n"
    },
    {
        "completion": "In"
    },
    {
        "completion": " "
    },
    {
        "completion": "2"
    },
    {
        "completion": "0"
    },
    {
        "completion": "0"
    },
    {
        "completion": "4"
    },
    {
        "completion": ","
    },
    {
        "completion": " Mus"
    },
    {
        "completion": "k"
    },
    {
        "completion": " co"
    },
    {
        "completion": "-"
    },
    {
        "completion": "f"
    },
    {
        "completion": "ounded"
    },
    {
        "completion": " T"
    },
    {
        "completion": "es"
    },
    {
        "completion": "la"
    },
    {
        "completion": ","
    },
    {
        "completion": " an"
    },
    {
        "completion": " electric"
    },
    {
        "completion": " vehicle"
    },
    {
        "completion": " manufact"
    },
    {
        "completion": "urer"
    },
    {
        "completion": " that"
    },
    {
        "completion": " has"
    },
    {
        "completion": " become"
    },
    {
        "completion": " one"
    },
    {
        "completion": " of"
    },
    {
        "completion": " the"
    },
    {
        "completion": " leading"
    },
    {
        "completion": " players"
    },
    {
        "completion": " in"
    },
    {
        "completion": " the"
    },
    {
        "completion": " electric"
    },
    {
        "completion": " car"
    },
    {
        "completion": " industry"
    },
    {
        "completion": "."
    },
    {
        "completion": " The"
    },
    {
        "completion": " company"
    },
    {
        "completion": " has"
    },
    {
        "completion": " dis"
    },
    {
        "completion": "rupted"
    },
    {
        "completion": " the"
    },
    {
        "completion": " autom"
    },
    {
        "completion": "ot"
    },
    {
        "completion": "ive"
    },
    {
        "completion": " industry"
    },
    {
        "completion": " and"
    },
    {
        "completion": " played"
    },
    {
        "completion": " a"
    },
    {
        "completion": " significant"
    },
    {
        "completion": " role"
    },
    {
        "completion": " in"
    },
    {
        "completion": " popular"
    },
    {
        "completion": "izing"
    },
    {
        "completion": " electric"
    },
    {
        "completion": " vehicles"
    },
    {
        "completion": "."
    },
    {
        "completion": "\n"
    },
    {
        "completion": "Mus"
    },
    {
        "completion": "k"
    },
    {
        "completion": " has"
    },
    {
        "completion": " also"
    },
    {
        "completion": " been"
    },
    {
        "completion": " involved"
    },
    {
        "completion": " in"
    },
    {
        "completion": " other"
    },
    {
        "completion": " vent"
    },
    {
        "completion": "ures"
    },
    {
        "completion": ","
    },
    {
        "completion": " including"
    },
    {
        "completion": " Ne"
    },
    {
        "completion": "ural"
    },
    {
        "completion": "ink"
    },
    {
        "completion": ","
    },
    {
        "completion": " a"
    },
    {
        "completion": " ne"
    },
    {
        "completion": "uro"
    },
    {
        "completion": "techn"
    },
    {
        "completion": "ology"
    },
    {
        "completion": " company"
    },
    {
        "completion": " that"
    },
    {
        "completion": " a"
    },
    {
        "completion": "ims"
    },
    {
        "completion": " to"
    },
    {
        "completion": " integrate"
    },
    {
        "completion": " the"
    },
    {
        "completion": " human"
    },
    {
        "completion": " brain"
    },
    {
        "completion": " with"
    },
    {
        "completion": " computers"
    },
    {
        "completion": ","
    },
    {
        "completion": " and"
    },
    {
        "completion": " The"
    },
    {
        "completion": " Bor"
    },
    {
        "completion": "ing"
    },
    {
        "completion": " Company"
    },
    {
        "completion": ","
    },
    {
        "completion": " a"
    },
    {
        "completion": " tunnel"
    },
    {
        "completion": " construction"
    },
    {
        "completion": " company"
    },
    {
        "completion": " that"
    },
    {
        "completion": " a"
    },
    {
        "completion": "ims"
    },
    {
        "completion": " to"
    },
    {
        "completion": " reduce"
    },
    {
        "completion": " traffic"
    },
    {
        "completion": " con"
    },
    {
        "completion": "g"
    },
    {
        "completion": "estion"
    },
    {
        "completion": " in"
    },
    {
        "completion": " cities"
    },
    {
        "completion": "."
    },
    {
        "completion": "\n"
    },
    {
        "completion": "Mus"
    },
    {
        "completion": "k"
    },
    {
        "completion": " is"
    },
    {
        "completion": " known"
    },
    {
        "completion": " for"
    },
    {
        "completion": " his"
    },
    {
        "completion": " innov"
    },
    {
        "completion": "ative"
    },
    {
        "completion": " thinking"
    },
    {
        "completion": ","
    },
    {
        "completion": " his"
    },
    {
        "completion": " vision"
    },
    {
        "completion": " for"
    },
    {
        "completion": " the"
    },
    {
        "completion": " future"
    },
    {
        "completion": " of"
    },
    {
        "completion": " human"
    },
    {
        "completion": "ity"
    },
    {
        "completion": ","
    },
    {
        "completion": " and"
    },
    {
        "completion": " his"
    },
    {
        "completion": " ability"
    },
    {
        "completion": " to"
    },
    {
        "completion": " bring"
    },
    {
        "completion": " his"
    },
    {
        "completion": " ideas"
    },
    {
        "completion": " to"
    },
    {
        "completion": " life"
    },
    {
        "completion": "."
    },
    {
        "completion": " He"
    },
    {
        "completion": " has"
    },
    {
        "completion": " a"
    },
    {
        "completion": " reputation"
    },
    {
        "completion": " for"
    },
    {
        "completion": " being"
    },
    {
        "completion": " a"
    },
    {
        "completion": " demand"
    },
    {
        "completion": "ing"
    },
    {
        "completion": " and"
    },
    {
        "completion": " driven"
    },
    {
        "completion": " leader"
    },
    {
        "completion": ","
    },
    {
        "completion": " and"
    },
    {
        "completion": " has"
    },
    {
        "completion": " been"
    },
    {
        "completion": " involved"
    },
    {
        "completion": " in"
    },
    {
        "completion": " several"
    },
    {
        "completion": " high"
    },
    {
        "completion": "-"
    },
    {
        "completion": "profile"
    },
    {
        "completion": " controvers"
    },
    {
        "completion": "ies"
    },
    {
        "completion": " throughout"
    },
    {
        "completion": " his"
    },
    {
        "completion": " career"
    },
    {
        "completion": "."
    },
    {
        "completion": " Despite"
    },
    {
        "completion": " this"
    },
    {
        "completion": ","
    },
    {
        "completion": " he"
    },
    {
        "completion": " remains"
    },
    {
        "completion": " one"
    },
    {
        "completion": " of"
    },
    {
        "completion": " the"
    },
    {
        "completion": " most"
    },
    {
        "completion": " influ"
    },
    {
        "completion": "ential"
    },
    {
        "completion": " and"
    },
    {
        "completion": " respect"
    },
    {
        "completion": "ed"
    },
    {
        "completion": " figures"
    },
    {
        "completion": " in"
    },
    {
        "completion": " the"
    },
    {
        "completion": " technology"
    },
    {
        "completion": " and"
    },
    {
        "completion": " entrepr"
    },
    {
        "completion": "ene"
    },
    {
        "completion": "ur"
    },
    {
        "completion": "ship"
    },
    {
        "completion": " world"
    },
    {
        "completion": "."
    },
    {
        "completion": "\n"
    },
    {
        "completion": "Some"
    },
    {
        "completion": " of"
    },
    {
        "completion": " Mus"
    },
    {
        "completion": "k"
    },
    {
        "completion": "'"
    },
    {
        "completion": "s"
    },
    {
        "completion": " notable"
    },
    {
        "completion": " achiev"
    },
    {
        "completion": "ements"
    },
    {
        "completion": " include"
    },
    {
        "completion": ":"
    },
    {
        "completion": "\n"
    },
    {
        "completion": "1"
    },
    {
        "completion": "."
    },
    {
        "completion": " Found"
    },
    {
        "completion": "ing"
    },
    {
        "completion": " and"
    },
    {
        "completion": " leading"
    },
    {
        "completion": " multiple"
    },
    {
        "completion": " successful"
    },
    {
        "completion": " companies"
    },
    {
        "completion": ","
    },
    {
        "completion": " including"
    },
    {
        "completion": " Space"
    },
    {
        "completion": "X"
    },
    {
        "completion": ","
    },
    {
        "completion": " T"
    },
    {
        "completion": "es"
    },
    {
        "completion": "la"
    },
    {
        "completion": ","
    },
    {
        "completion": " Ne"
    },
    {
        "completion": "ural"
    },
    {
        "completion": "ink"
    },
    {
        "completion": ","
    },
    {
        "completion": " and"
    },
    {
        "completion": " The"
    },
    {
        "completion": " Bor"
    },
    {
        "completion": "ing"
    },
    {
        "completion": " Company"
    },
    {
        "completion": "."
    },
    {
        "completion": "\n"
    },
    {
        "completion": "2"
    },
    {
        "completion": "."
    },
    {
        "completion": " Play"
    },
    {
        "completion": "ing"
    },
    {
        "completion": " a"
    },
    {
        "completion": " significant"
    },
    {
        "completion": " role"
    },
    {
        "completion": " in"
    },
    {
        "completion": " popular"
    },
    {
        "completion": "izing"
    },
    {
        "completion": " electric"
    },
    {
        "completion": " vehicles"
    },
    {
        "completion": " and"
    },
    {
        "completion": " dis"
    },
    {
        "completion": "rupt"
    },
    {
        "completion": "ing"
    },
    {
        "completion": " the"
    },
    {
        "completion": " autom"
    },
    {
        "completion": "ot"
    },
    {
        "completion": "ive"
    },
    {
        "completion": " industry"
    },
    {
        "completion": "."
    },
    {
        "completion": "\n"
    },
    {
        "completion": "3"
    },
    {
        "completion": "."
    },
    {
        "completion": " Adv"
    },
    {
        "completion": "oc"
    },
    {
        "completion": "ating"
    },
    {
        "completion": " for"
    },
    {
        "completion": " the"
    },
    {
        "completion": " development"
    },
    {
        "completion": " of"
    },
    {
        "completion": " sust"
    },
    {
        "completion": "ain"
    },
    {
        "completion": "able"
    },
    {
        "completion": " energy"
    },
    {
        "completion": " solutions"
    },
    {
        "completion": " and"
    },
    {
        "completion": " reducing"
    },
    {
        "completion": " human"
    },
    {
        "completion": "ity"
    },
    {
        "completion": "'"
    },
    {
        "completion": "s"
    },
    {
        "completion": " reli"
    },
    {
        "completion": "ance"
    },
    {
        "completion": " on"
    },
    {
        "completion": " foss"
    },
    {
        "completion": "il"
    },
    {
        "completion": " fu"
    },
    {
        "completion": "els"
    },
    {
        "completion": "."
    },
    {
        "completion": "\n"
    },
    {
        "completion": "4"
    },
    {
        "completion": "."
    },
    {
        "completion": " P"
    },
    {
        "completion": "ione"
    },
    {
        "completion": "ering"
    },
    {
        "completion": " private"
    },
    {
        "completion": " space"
    },
    {
        "completion": " expl"
    },
    {
        "completion": "oration"
    },
    {
        "completion": " and"
    },
    {
        "completion": " developing"
    },
    {
        "completion": " cutting"
    },
    {
        "completion": "-"
    },
    {
        "completion": "edge"
    },
    {
        "completion": " technology"
    },
    {
        "completion": " for"
    },
    {
        "completion": " space"
    },
    {
        "completion": " travel"
    },
    {
        "completion": "."
    },
    {
        "completion": "\n"
    },
    {
        "completion": "5"
    },
    {
        "completion": "."
    },
    {
        "completion": " Being"
    },
    {
        "completion": " a"
    },
    {
        "completion": " vocal"
    },
    {
        "completion": " advoc"
    },
    {
        "completion": "ate"
    },
    {
        "completion": " for"
    },
    {
        "completion": " the"
    },
    {
        "completion": " colon"
    },
    {
        "completion": "ization"
    },
    {
        "completion": " of"
    },
    {
        "completion": " Mars"
    },
    {
        "completion": " and"
    },
    {
        "completion": " the"
    },
    {
        "completion": " potential"
    },
    {
        "completion": " for"
    },
    {
        "completion": " human"
    },
    {
        "completion": "ity"
    },
    {
        "completion": " to"
    },
    {
        "completion": " become"
    },
    {
        "completion": " a"
    },
    {
        "completion": " multi"
    },
    {
        "completion": "-"
    },
    {
        "completion": "plan"
    },
    {
        "completion": "et"
    },
    {
        "completion": "ary"
    },
    {
        "completion": " species"
    },
    {
        "completion": "."
    },
    {
        "completion": "\n"
    },
    {
        "completion": "6"
    },
    {
        "completion": "."
    },
    {
        "completion": " Being"
    },
    {
        "completion": " a"
    },
    {
        "completion": " prominent"
    },
    {
        "completion": " figure"
    },
    {
        "completion": " in"
    },
    {
        "completion": " the"
    },
    {
        "completion": " te"
    },
    {
        "completion": "ch"
    },
    {
        "completion": " and"
    },
    {
        "completion": " entrepr"
    },
    {
        "completion": "ene"
    },
    {
        "completion": "ur"
    },
    {
        "completion": "ship"
    },
    {
        "completion": " community"
    },
    {
        "completion": ","
    },
    {
        "completion": " and"
    },
    {
        "completion": " insp"
    },
    {
        "completion": "iring"
    },
    {
        "completion": " a"
    },
    {
        "completion": " new"
    },
    {
        "completion": " generation"
    },
    {
        "completion": " of"
    },
    {
        "completion": " innov"
    },
    {
        "completion": "ators"
    },
    {
        "completion": " and"
    },
    {
        "completion": " entrepr"
    },
    {
        "completion": "ene"
    },
    {
        "completion": "urs"
    },
    {
        "completion": "."
    },
    {
        "completion": "\n"
    },
    {
        "completion": "7"
    },
    {
        "completion": "."
    },
    {
        "completion": " Being"
    },
    {
        "completion": " a"
    },
    {
        "completion": " phil"
    },
    {
        "completion": "anth"
    },
    {
        "completion": "rop"
    },
    {
        "completion": "ist"
    },
    {
        "completion": ","
    },
    {
        "completion": " don"
    },
    {
        "completion": "ating"
    },
    {
        "completion": " millions"
    },
    {
        "completion": " of"
    },
    {
        "completion": " dollars"
    },
    {
        "completion": " to"
    },
    {
        "completion": " various"
    },
    {
        "completion": " char"
    },
    {
        "completion": "itable"
    },
    {
        "completion": " causes"
    },
    {
        "completion": ","
    },
    {
        "completion": " including"
    },
    {
        "completion": " education"
    },
    {
        "completion": ","
    },
    {
        "completion": " renew"
    },
    {
        "completion": "able"
    },
    {
        "completion": " energy"
    },
    {
        "completion": ","
    },
    {
        "completion": " and"
    },
    {
        "completion": " science"
    },
    {
        "completion": "."
    },
    {
        "completion": "\n"
    },
    {
        "completion": "8"
    },
    {
        "completion": "."
    },
    {
        "completion": " Being"
    },
    {
        "completion": " a"
    },
    {
        "completion": " vision"
    },
    {
        "completion": "ary"
    },
    {
        "completion": ","
    },
    {
        "completion": " always"
    },
    {
        "completion": " thinking"
    },
    {
        "completion": " ahead"
    },
    {
        "completion": " and"
    },
    {
        "completion": " pushing"
    },
    {
        "completion": " the"
    },
    {
        "completion": " boundaries"
    },
    {
        "completion": " of"
    },
    {
        "completion": " what"
    },
    {
        "completion": " is"
    },
    {
        "completion": " possible"
    },
    {
        "completion": "."
    },
    {
        "completion": "\n"
    },
    {
        "completion": "9"
    },
    {
        "completion": "."
    },
    {
        "completion": " Being"
    },
    {
        "completion": " a"
    },
    {
        "completion": " risk"
    },
    {
        "completion": "-"
    },
    {
        "completion": "t"
    },
    {
        "completion": "aker"
    },
    {
        "completion": ","
    },
    {
        "completion": " taking"
    },
    {
        "completion": " bold"
    },
    {
        "completion": " bet"
    },
    {
        "completion": "s"
    },
    {
        "completion": " on"
    },
    {
        "completion": " new"
    },
    {
        "completion": " techn"
    },
    {
        "completion": "ologies"
    },
    {
        "completion": " and"
    },
    {
        "completion": " business"
    },
    {
        "completion": "es"
    },
    {
        "completion": "."
    },
    {
        "completion": "\n"
    },
    {
        "completion": "1"
    },
    {
        "completion": "0"
    },
    {
        "completion": "."
    },
    {
        "completion": " Being"
    },
    {
        "completion": " a"
    },
    {
        "completion": " true"
    },
    {
        "completion": " pione"
    },
    {
        "completion": "er"
    },
    {
        "completion": ","
    },
    {
        "completion": " breaking"
    },
    {
        "completion": " new"
    },
    {
        "completion": " ground"
    },
    {
        "completion": " and"
    },
    {
        "completion": " p"
    },
    {
        "completion": "aving"
    },
    {
        "completion": " the"
    },
    {
        "completion": " way"
    },
    {
        "completion": " for"
    },
    {
        "completion": " others"
    },
    {
        "completion": " to"
    },
    {
        "completion": " follow"
    },
    {
        "completion": "."
    },
    {
        "completion": ""
    }
]