{
    "message": {
        "content": "  Elon Musk is a South African-born entrepreneur, inventor, and business magnate who is best known for his involvement in revolutionizing multiple industries through his companies, including transportation, energy, and space exploration.\nHere are some key facts about Elon Musk:\n1. Early Life: Musk was born in Pretoria, South Africa in 1971. He developed an interest in computing and programming at an early age and taught himself computer programming.\n2. Education: Musk moved to Canada in 1992 to attend college, and later transferred to the University of Pennsylvania, where he graduated with a degree in economics and physics.\n3. Career: Musk co-founded PayPal, which was later sold to eBay for $1.5 billion. He then went on to found SpaceX and Tesla, two companies that have revolutionized the transportation and energy industries.\n4. SpaceX: Musk founded SpaceX in 2002 with the goal of reducing space transportation costs and enabling the colonization of Mars. SpaceX has since become a leading player in the private space industry, with numerous successful launches and a contract with NASA to transport astronauts to the International Space Station.\n5. Tesla: Musk co-founded Tesla in 2003 with the goal of accelerating the world's transition to sustainable energy through the production of electric cars. Tesla has since become one of the leading electric vehicle manufacturers in the world, with a market value of over $1 trillion.\n6. Other Ventures: Musk has also founded or invested in other companies, including Neuralink, a neurotechnology company, and The Boring Company, a tunnel construction company.\n7. Philanthropy: Musk has donated to various charitable organizations, including the Musk Foundation, which focuses on providing support for education, renewable energy, and science.\n8. Personal Life: Musk is married to Canadian author Justine Musk and has seven children. He is known for his demanding work ethic and has stated that he works over 100 hours per week.\n9. Controversies: Musk has been involved in several controversies throughout his career, including his use of Twitter, where he has made controversial statements and faced criticism for his approach to managing his companies.\n10. Impact: Musk has had a significant impact on the technology and energy industries, and has been credited with revolutionizing the way we think about transportation and energy. He has also been a pioneer in the field of private space exploration and has played a key role in advancing the field of artificial intelligence.\nOverall, Elon Musk is a highly influential and innovative entrepreneur who has made a significant impact on multiple industries through his companies and vision for the future.",
        "role": "assistant"
    }
}