{
    "message": {
        "content": "  Elon Musk is a South African-born entrepreneur, inventor, and business magnate who is best known for his innovative companies in the fields of transportation, energy, and space exploration.\nMusk was born on June 28, 1971, in Pretoria, South Africa. He developed an interest in computing and programming at an early age and taught himself computer programming. He moved to Canada in 1992 to attend college, and later transferred to the University of Pennsylvania, where he graduated with a degree in economics and physics.\nAfter college, Musk moved to California to pursue a career in technology and entrepreneurship. He co-founded his first company, Zip2, which provided online content publishing software for news organizations. In 1999, he co-founded X.com, which later became PayPal, an online payment system that was acquired by eBay for $1.5 billion in 2002.\nIn 2002, Musk founded SpaceX, a private space exploration company with the goal of reducing space transportation costs and enabling the colonization of Mars. SpaceX has since become a leading player in the commercial space industry, with numerous successful launches and a contract with NASA to transport cargo to the International Space Station.\nIn 2004, Musk co-founded Tesla, an electric vehicle manufacturer that has become one of the leading players in the electric car industry. The company has disrupted the automotive industry and played a significant role in popularizing electric vehicles.\nMusk has also been involved in other ventures, including Neuralink, a neurotechnology company that aims to integrate the human brain with computers, and The Boring Company, a tunnel construction company that aims to reduce traffic congestion in cities.\nMusk is known for his innovative thinking, his vision for the future of humanity, and his ability to bring his ideas to life. He has a reputation for being a demanding and driven leader, and has been involved in several high-profile controversies throughout his career. Despite this, he remains one of the most influential and respected figures in the technology and entrepreneurship world.\nSome of Musk's notable achievements include:\n1. Founding and leading multiple successful companies, including SpaceX, Tesla, Neuralink, and The Boring Company.\n2. Playing a significant role in popularizing electric vehicles and disrupting the automotive industry.\n3. Advocating for the development of sustainable energy solutions and reducing humanity's reliance on fossil fuels.\n4. Pioneering private space exploration and developing cutting-edge technology for space travel.\n5. Being a vocal advocate for the colonization of Mars and the potential for humanity to become a multi-planetary species.\n6. Being a prominent figure in the tech and entrepreneurship community, and inspiring a new generation of innovators and entrepreneurs.\n7. Being a philanthropist, donating millions of dollars to various charitable causes, including education, renewable energy, and science.\n8. Being a visionary, always thinking ahead and pushing the boundaries of what is possible.\n9. Being a risk-taker, taking bold bets on new technologies and businesses.\n10. Being a true pioneer, breaking new ground and paving the way for others to follow.",
        "role": "assistant"
    }
}