[
    {
        "completion": " "
    },
    {
        "completion": " El"
    },
    {
        "completion": "on"
    },
    {
        "completion": " Mus"
    },
    {
        "completion": "k"
    },
    {
        "completion": " is"
    },
    {
        "completion": " a"
    },
    {
        "completion": " South"
    },
    {
        "completion": " African"
    },
    {
        "completion": "-"
    },
    {
        "completion": "born"
    },
    {
        "completion": " entrepr"
    },
    {
        "completion": "ene"
    },
    {
        "completion": "ur"
    },
    {
        "completion": ","
    },
    {
        "completion": " invent"
    },
    {
        "completion": "or"
    },
    {
        "completion": ","
    },
    {
        "completion": " and"
    },
    {
        "completion": " business"
    },
    {
        "completion": " magn"
    },
    {
        "completion": "ate"
    },
    {
        "completion": " who"
    },
    {
        "completion": " is"
    },
    {
        "completion": " best"
    },
    {
        "completion": " known"
    },
    {
        "completion": " for"
    },
    {
        "completion": " his"
    },
    {
        "completion": " innov"
    },
    {
        "completion": "ative"
    },
    {
        "completion": " ideas"
    },
    {
        "completion": " and"
    },
    {
        "completion": " vision"
    },
    {
        "completion": "ary"
    },
    {
        "completion": " leadership"
    },
    {
        "completion": " in"
    },
    {
        "completion": " the"
    },
    {
        "completion": " fields"
    },
    {
        "completion": " of"
    },
    {
        "completion": " technology"
    },
    {
        "completion": ","
    },
    {
        "completion": " energy"
    },
    {
        "completion": ","
    },
    {
        "completion": " and"
    },
    {
        "completion": " space"
    },
    {
        "completion": " expl"
    },
    {
        "completion": "oration"
    },
    {
        "completion": "."
    },
    {
        "completion": "\n"
    },
    {
        "completion": "Mus"
    },
    {
        "completion": "k"
    },
    {
        "completion": " was"
    },
    {
        "completion": " born"
    },
    {
        "completion": " in"
    },
    {
        "completion": " "
    },
    {
        "completion": "1"
    },
    {
        "completion": "9"
    },
    {
        "completion": "7"
    },
    {
        "completion": "1"
    },
    {
        "completion": " in"
    },
    {
        "completion": " P"
    },
    {
        "completion": "ret"
    },
    {
        "completion": "oria"
    },
    {
        "completion": ","
    },
    {
        "completion": " South"
    },
    {
        "completion": " Africa"
    },
    {
        "completion": "."
    },
    {
        "completion": " He"
    },
    {
        "completion": " developed"
    },
    {
        "completion": " an"
    },
    {
        "completion": " interest"
    },
    {
        "completion": " in"
    },
    {
        "completion": " computing"
    },
    {
        "completion": " and"
    },
    {
        "completion": " programming"
    },
    {
        "completion": " at"
    },
    {
        "completion": " an"
    },
    {
        "completion": " early"
    },
    {
        "completion": " age"
    },
    {
        "completion": " and"
    },
    {
        "completion": " taught"
    },
    {
        "completion": " himself"
    },
    {
        "completion": " computer"
    },
    {
        "completion": " programming"
    },
    {
        "completion": "."
    },
    {
        "completion": " He"
    },
    {
        "completion": " moved"
    },
    {
        "completion": " to"
    },
    {
        "completion": " Canada"
    },
    {
        "completion": " in"
    },
    {
        "completion": " "
    },
    {
        "completion": "1"
    },
    {
        "completion": "9"
    },
    {
        "completion": "9"
    },
    {
        "completion": "2"
    },
    {
        "completion": " to"
    },
    {
        "completion": " attend"
    },
    {
        "completion": " college"
    },
    {
        "completion": ","
    },
    {
        "completion": " and"
    },
    {
        "completion": " later"
    },
    {
        "completion": " transferred"
    },
    {
        "completion": " to"
    },
    {
        "completion": " the"
    },
    {
        "completion": " University"
    },
    {
        "completion": " of"
    },
    {
        "completion": " Pennsylvania"
    },
    {
        "completion": ","
    },
    {
        "completion": " where"
    },
    {
        "completion": " he"
    },
    {
        "completion": " graduated"
    },
    {
        "completion": " with"
    },
    {
        "completion": " a"
    },
    {
        "completion": " degree"
    },
    {
        "completion": " in"
    },
    {
        "completion": " econom"
    },
    {
        "completion": "ics"
    },
    {
        "completion": " and"
    },
    {
        "completion": " physics"
    },
    {
        "completion": "."
    },
    {
        "completion": "\n"
    },
    {
        "completion": "After"
    },
    {
        "completion": " college"
    },
    {
        "completion": ","
    },
    {
        "completion": " Mus"
    },
    {
        "completion": "k"
    },
    {
        "completion": " moved"
    },
    {
        "completion": " to"
    },
    {
        "completion": " California"
    },
    {
        "completion": " to"
    },
    {
        "completion": " purs"
    },
    {
        "completion": "ue"
    },
    {
        "completion": " a"
    },
    {
        "completion": " career"
    },
    {
        "completion": " in"
    },
    {
        "completion": " technology"
    },
    {
        "completion": " and"
    },
    {
        "completion": " entrepr"
    },
    {
        "completion": "ene"
    },
    {
        "completion": "ur"
    },
    {
        "completion": "ship"
    },
    {
        "completion": "."
    },
    {
        "completion": " He"
    },
    {
        "completion": " co"
    },
    {
        "completion": "-"
    },
    {
        "completion": "f"
    },
    {
        "completion": "ounded"
    },
    {
        "completion": " his"
    },
    {
        "completion": " first"
    },
    {
        "completion": " company"
    },
    {
        "completion": ","
    },
    {
        "completion": " Z"
    },
    {
        "completion": "ip"
    },
    {
        "completion": "2"
    },
    {
        "completion": ","
    },
    {
        "completion": " which"
    },
    {
        "completion": " provided"
    },
    {
        "completion": " online"
    },
    {
        "completion": " content"
    },
    {
        "completion": " publishing"
    },
    {
        "completion": " software"
    },
    {
        "completion": " for"
    },
    {
        "completion": " news"
    },
    {
        "completion": " organizations"
    },
    {
        "completion": "."
    },
    {
        "completion": " In"
    },
    {
        "completion": " "
    },
    {
        "completion": "1"
    },
    {
        "completion": "9"
    },
    {
        "completion": "9"
    },
    {
        "completion": "9"
    },
    {
        "completion": ","
    },
    {
        "completion": " he"
    },
    {
        "completion": " co"
    },
    {
        "completion": "-"
    },
    {
        "completion": "f"
    },
    {
        "completion": "ounded"
    },
    {
        "completion": " X"
    },
    {
        "completion": "."
    },
    {
        "completion": "com"
    },
    {
        "completion": ","
    },
    {
        "completion": " which"
    },
    {
        "completion": " later"
    },
    {
        "completion": " became"
    },
    {
        "completion": " Pay"
    },
    {
        "completion": "Pal"
    },
    {
        "completion": ","
    },
    {
        "completion": " an"
    },
    {
        "completion": " online"
    },
    {
        "completion": " payment"
    },
    {
        "completion": " system"
    },
    {
        "completion": " that"
    },
    {
        "completion": " was"
    },
    {
        "completion": " acquired"
    },
    {
        "completion": " by"
    },
    {
        "completion": " e"
    },
    {
        "completion": "B"
    },
    {
        "completion": "ay"
    },
    {
        "completion": " for"
    },
    {
        "completion": " $"
    },
    {
        "completion": "1"
    },
    {
        "completion": "."
    },
    {
        "completion": "5"
    },
    {
        "completion": " billion"
    },
    {
        "completion": " in"
    },
    {
        "completion": " "
    },
    {
        "completion": "2"
    },
    {
        "completion": "0"
    },
    {
        "completion": "0"
    },
    {
        "completion": "2"
    },
    {
        "completion": "."
    },
    {
        "completion": "\n"
    },
    {
        "completion": "In"
    },
    {
        "completion": " "
    },
    {
        "completion": "2"
    },
    {
        "completion": "0"
    },
    {
        "completion": "0"
    },
    {
        "completion": "2"
    },
    {
        "completion": ","
    },
    {
        "completion": " Mus"
    },
    {
        "completion": "k"
    },
    {
        "completion": " founded"
    },
    {
        "completion": " Space"
    },
    {
        "completion": "X"
    },
    {
        "completion": ","
    },
    {
        "completion": " a"
    },
    {
        "completion": " private"
    },
    {
        "completion": " a"
    },
    {
        "completion": "eros"
    },
    {
        "completion": "pace"
    },
    {
        "completion": " manufact"
    },
    {
        "completion": "urer"
    },
    {
        "completion": " and"
    },
    {
        "completion": " space"
    },
    {
        "completion": " transport"
    },
    {
        "completion": " services"
    },
    {
        "completion": " company"
    },
    {
        "completion": "."
    },
    {
        "completion": " Space"
    },
    {
        "completion": "X"
    },
    {
        "completion": " has"
    },
    {
        "completion": " since"
    },
    {
        "completion": " become"
    },
    {
        "completion": " a"
    },
    {
        "completion": " leading"
    },
    {
        "completion": " player"
    },
    {
        "completion": " in"
    },
    {
        "completion": " the"
    },
    {
        "completion": " commercial"
    },
    {
        "completion": " space"
    },
    {
        "completion": " industry"
    },
    {
        "completion": ","
    },
    {
        "completion": " with"
    },
    {
        "completion": " numerous"
    },
    {
        "completion": " successful"
    },
    {
        "completion": " launch"
    },
    {
        "completion": "es"
    },
    {
        "completion": " and"
    },
    {
        "completion": " a"
    },
    {
        "completion": " contract"
    },
    {
        "completion": " with"
    },
    {
        "completion": " NASA"
    },
    {
        "completion": " to"
    },
    {
        "completion": " transport"
    },
    {
        "completion": " cargo"
    },
    {
        "completion": " to"
    },
    {
        "completion": " the"
    },
    {
        "completion": " International"
    },
    {
        "completion": " Space"
    },
    {
        "completion": " Station"
    },
    {
        "completion": "."
    },
    {
        "completion": "\n"
    },
    {
        "completion": "In"
    },
    {
        "completion": " "
    },
    {
        "completion": "2"
    },
    {
        "completion": "0"
    },
    {
        "completion": "0"
    },
    {
        "completion": "4"
    },
    {
        "completion": ","
    },
    {
        "completion": " Mus"
    },
    {
        "completion": "k"
    },
    {
        "completion": " co"
    },
    {
        "completion": "-"
    },
    {
        "completion": "f"
    },
    {
        "completion": "ounded"
    },
    {
        "completion": " T"
    },
    {
        "completion": "es"
    },
    {
        "completion": "la"
    },
    {
        "completion": ","
    },
    {
        "completion": " an"
    },
    {
        "completion": " electric"
    },
    {
        "completion": " vehicle"
    },
    {
        "completion": " manufact"
    },
    {
        "completion": "urer"
    },
    {
        "completion": " that"
    },
    {
        "completion": " has"
    },
    {
        "completion": " become"
    },
    {
        "completion": " one"
    },
    {
        "completion": " of"
    },
    {
        "completion": " the"
    },
    {
        "completion": " leading"
    },
    {
        "completion": " players"
    },
    {
        "completion": " in"
    },
    {
        "completion": " the"
    },
    {
        "completion": " electric"
    },
    {
        "completion": " car"
    },
    {
        "completion": " industry"
    },
    {
        "completion": "."
    },
    {
        "completion": " The"
    },
    {
        "completion": " company"
    },
    {
        "completion": " has"
    },
    {
        "completion": " dis"
    },
    {
        "completion": "rupted"
    },
    {
        "completion": " the"
    },
    {
        "completion": " autom"
    },
    {
        "completion": "ot"
    },
    {
        "completion": "ive"
    },
    {
        "completion": " industry"
    },
    {
        "completion": " and"
    },
    {
        "completion": " played"
    },
    {
        "completion": " a"
    },
    {
        "completion": " significant"
    },
    {
        "completion": " role"
    },
    {
        "completion": " in"
    },
    {
        "completion": " popular"
    },
    {
        "completion": "izing"
    },
    {
        "completion": " electric"
    },
    {
        "completion": " vehicles"
    },
    {
        "completion": "."
    },
    {
        "completion": "\n"
    },
    {
        "completion": "In"
    },
    {
        "completion": " addition"
    },
    {
        "completion": " to"
    },
    {
        "completion": " his"
    },
    {
        "completion": " work"
    },
    {
        "completion": " in"
    },
    {
        "completion": " the"
    },
    {
        "completion": " technology"
    },
    {
        "completion": " and"
    },
    {
        "completion": " autom"
    },
    {
        "completion": "ot"
    },
    {
        "completion": "ive"
    },
    {
        "completion": " indust"
    },
    {
        "completion": "ries"
    },
    {
        "completion": ","
    },
    {
        "completion": " Mus"
    },
    {
        "completion": "k"
    },
    {
        "completion": " has"
    },
    {
        "completion": " also"
    },
    {
        "completion": " been"
    },
    {
        "completion": " involved"
    },
    {
        "completion": " in"
    },
    {
        "completion": " other"
    },
    {
        "completion": " vent"
    },
    {
        "completion": "ures"
    },
    {
        "completion": ","
    },
    {
        "completion": " such"
    },
    {
        "completion": " as"
    },
    {
        "completion": " Ne"
    },
    {
        "completion": "ural"
    },
    {
        "completion": "ink"
    },
    {
        "completion": ","
    },
    {
        "completion": " a"
    },
    {
        "completion": " ne"
    },
    {
        "completion": "uro"
    },
    {
        "completion": "techn"
    },
    {
        "completion": "ology"
    },
    {
        "completion": " company"
    },
    {
        "completion": " that"
    },
    {
        "completion": " a"
    },
    {
        "completion": "ims"
    },
    {
        "completion": " to"
    },
    {
        "completion": " integrate"
    },
    {
        "completion": " the"
    },
    {
        "completion": " human"
    },
    {
        "completion": " brain"
    },
    {
        "completion": " with"
    },
    {
        "completion": " artificial"
    },
    {
        "completion": " intelligence"
    },
    {
        "completion": ","
    },
    {
        "completion": " and"
    },
    {
        "completion": " The"
    },
    {
        "completion": " Bor"
    },
    {
        "completion": "ing"
    },
    {
        "completion": " Company"
    },
    {
        "completion": ","
    },
    {
        "completion": " a"
    },
    {
        "completion": " tunnel"
    },
    {
        "completion": " construction"
    },
    {
        "completion": " company"
    },
    {
        "completion": " that"
    },
    {
        "completion": " a"
    },
    {
        "completion": "ims"
    },
    {
        "completion": " to"
    },
    {
        "completion": " reduce"
    },
    {
        "completion": " traffic"
    },
    {
        "completion": " con"
    },
    {
        "completion": "g"
    },
    {
        "completion": "estion"
    },
    {
        "completion": " in"
    },
    {
        "completion": " cities"
    },
    {
        "completion": "."
    },
    {
        "completion": "\n"
    },
    {
        "completion": "Mus"
    },
    {
        "completion": "k"
    },
    {
        "completion": " is"
    },
    {
        "completion": " known"
    },
    {
        "completion": " for"
    },
    {
        "completion": " his"
    },
    {
        "completion": " innov"
    },
    {
        "completion": "ative"
    },
    {
        "completion": " thinking"
    },
    {
        "completion": ","
    },
    {
        "completion": " his"
    },
    {
        "completion": " vision"
    },
    {
        "completion": " for"
    },
    {
        "completion": " the"
    },
    {
        "completion": " future"
    },
    {
        "completion": " of"
    },
    {
        "completion": " human"
    },
    {
        "completion": "ity"
    },
    {
        "completion": ","
    },
    {
        "completion": " and"
    },
    {
        "completion": " his"
    },
    {
        "completion": " ability"
    },
    {
        "completion": " to"
    },
    {
        "completion": " bring"
    },
    {
        "completion": " his"
    },
    {
        "completion": " ideas"
    },
    {
        "completion": " to"
    },
    {
        "completion": " life"
    },
    {
        "completion": "."
    },
    {
        "completion": " He"
    },
    {
        "completion": " has"
    },
    {
        "completion": " been"
    },
    {
        "completion": " a"
    },
    {
        "completion": " pione"
    },
    {
        "completion": "er"
    },
    {
        "completion": " in"
    },
    {
        "completion": " the"
    },
    {
        "completion": " fields"
    },
    {
        "completion": " of"
    },
    {
        "completion": " electric"
    },
    {
        "completion": " vehicles"
    },
    {
        "completion": ","
    },
    {
        "completion": " renew"
    },
    {
        "completion": "able"
    },
    {
        "completion": " energy"
    },
    {
        "completion": ","
    },
    {
        "completion": " and"
    },
    {
        "completion": " space"
    },
    {
        "completion": " expl"
    },
    {
        "completion": "oration"
    },
    {
        "completion": ","
    },
    {
        "completion": " and"
    },
    {
        "completion": " has"
    },
    {
        "completion": " been"
    },
    {
        "completion": " recognized"
    },
    {
        "completion": " for"
    },
    {
        "completion": " his"
    },
    {
        "completion": " contributions"
    },
    {
        "completion": " to"
    },
    {
        "completion": " society"
    },
    {
        "completion": " with"
    },
    {
        "completion": " numerous"
    },
    {
        "completion": " awards"
    },
    {
        "completion": " and"
    },
    {
        "completion": " hon"
    },
    {
        "completion": "ors"
    },
    {
        "completion": "."
    },
    {
        "completion": "\n"
    },
    {
        "completion": "However"
    },
    {
        "completion": ","
    },
    {
        "completion": " Mus"
    },
    {
        "completion": "k"
    },
    {
        "completion": " has"
    },
    {
        "completion": " also"
    },
    {
        "completion": " faced"
    },
    {
        "completion": " criticism"
    },
    {
        "completion": " for"
    },
    {
        "completion": " some"
    },
    {
        "completion": " of"
    },
    {
        "completion": " his"
    },
    {
        "completion": " dec"
    },
    {
        "completion": "isions"
    },
    {
        "completion": " and"
    },
    {
        "completion": " actions"
    },
    {
        "completion": ","
    },
    {
        "completion": " such"
    },
    {
        "completion": " as"
    },
    {
        "completion": " his"
    },
    {
        "completion": " controvers"
    },
    {
        "completion": "ial"
    },
    {
        "completion": " use"
    },
    {
        "completion": " of"
    },
    {
        "completion": " Twitter"
    },
    {
        "completion": ","
    },
    {
        "completion": " where"
    },
    {
        "completion": " he"
    },
    {
        "completion": " has"
    },
    {
        "completion": " made"
    },
    {
        "completion": " head"
    },
    {
        "completion": "lines"
    },
    {
        "completion": " for"
    },
    {
        "completion": " making"
    },
    {
        "completion": " err"
    },
    {
        "completion": "atic"
    },
    {
        "completion": " and"
    },
    {
        "completion": " sometimes"
    },
    {
        "completion": " confusing"
    },
    {
        "completion": " statements"
    },
    {
        "completion": ","
    },
    {
        "completion": " and"
    },
    {
        "completion": " his"
    },
    {
        "completion": " t"
    },
    {
        "completion": "endency"
    },
    {
        "completion": " to"
    },
    {
        "completion": " over"
    },
    {
        "completion": "prom"
    },
    {
        "completion": "ise"
    },
    {
        "completion": " and"
    },
    {
        "completion": " under"
    },
    {
        "completion": "del"
    },
    {
        "completion": "iver"
    },
    {
        "completion": " on"
    },
    {
        "completion": " some"
    },
    {
        "completion": " of"
    },
    {
        "completion": " his"
    },
    {
        "completion": " projects"
    },
    {
        "completion": "."
    },
    {
        "completion": "\n"
    },
    {
        "completion": "Over"
    },
    {
        "completion": "all"
    },
    {
        "completion": ","
    },
    {
        "completion": " El"
    },
    {
        "completion": "on"
    },
    {
        "completion": " Mus"
    },
    {
        "completion": "k"
    },
    {
        "completion": " is"
    },
    {
        "completion": " a"
    },
    {
        "completion": " complex"
    },
    {
        "completion": " and"
    },
    {
        "completion": " controvers"
    },
    {
        "completion": "ial"
    },
    {
        "completion": " figure"
    },
    {
        "completion": " who"
    },
    {
        "completion": " has"
    },
    {
        "completion": " made"
    },
    {
        "completion": " a"
    },
    {
        "completion": " significant"
    },
    {
        "completion": " impact"
    },
    {
        "completion": " on"
    },
    {
        "completion": " the"
    },
    {
        "completion": " world"
    },
    {
        "completion": " of"
    },
    {
        "completion": " technology"
    },
    {
        "completion": " and"
    },
    {
        "completion": " entrepr"
    },
    {
        "completion": "ene"
    },
    {
        "completion": "ur"
    },
    {
        "completion": "ship"
    },
    {
        "completion": "."
    },
    {
        "completion": " While"
    },
    {
        "completion": " he"
    },
    {
        "completion": " has"
    },
    {
        "completion": " achieved"
    },
    {
        "completion": " great"
    },
    {
        "completion": " success"
    },
    {
        "completion": " and"
    },
    {
        "completion": " recognition"
    },
    {
        "completion": " for"
    },
    {
        "completion": " his"
    },
    {
        "completion": " innov"
    },
    {
        "completion": "ative"
    },
    {
        "completion": " ideas"
    },
    {
        "completion": " and"
    },
    {
        "completion": " leadership"
    },
    {
        "completion": ","
    },
    {
        "completion": " he"
    },
    {
        "completion": " has"
    },
    {
        "completion": " also"
    },
    {
        "completion": " faced"
    },
    {
        "completion": " criticism"
    },
    {
        "completion": " and"
    },
    {
        "completion": " challeng"
    },
    {
        "completion": "es"
    },
    {
        "completion": " along"
    },
    {
        "completion": " the"
    },
    {
        "completion": " way"
    },
    {
        "completion": "."
    },
    {
        "completion": ""
    }
]