{
    "completion": "  Elon Musk is a South African-born entrepreneur, inventor, and business magnate who is best known for his innovative ideas and visionary leadership in the fields of technology, energy, and space exploration.\nMusk was born in 1971 in Pretoria, South Africa. He developed an interest in computing and programming at an early age and taught himself computer programming. He moved to Canada in 1992 to attend college, and later transferred to the University of Pennsylvania, where he graduated with a degree in economics and physics.\nAfter college, Musk moved to California to pursue a career in technology and entrepreneurship. He co-founded his first company, Zip2, which provided online content publishing software for news organizations. In 1999, he co-founded X.com, which later became PayPal, an online payment system that was acquired by eBay for $1.5 billion in 2002.\nIn 2002, Musk founded SpaceX, a private aerospace manufacturer and space transport services company. SpaceX has since become a leading player in the commercial space industry, with numerous successful launches and a contract with NASA to transport cargo to the International Space Station.\nIn 2004, Musk co-founded Tesla, an electric vehicle manufacturer that has become one of the leading players in the electric car industry. The company has disrupted the automotive industry and played a significant role in popularizing electric vehicles.\nIn addition to his work in the technology and automotive industries, Musk has also been involved in other ventures, such as Neuralink, a neurotechnology company that aims to integrate the human brain with artificial intelligence, and The Boring Company, a tunnel construction company that aims to reduce traffic congestion in cities.\nMusk is known for his innovative thinking, his vision for the future of humanity, and his ability to bring his ideas to life. He has been a pioneer in the fields of electric vehicles, renewable energy, and space exploration, and has been recognized for his contributions to society with numerous awards and honors.\nHowever, Musk has also faced criticism for some of his decisions and actions, such as his controversial use of Twitter, where he has made headlines for making erratic and sometimes confusing statements, and his tendency to overpromise and underdeliver on some of his projects.\nOverall, Elon Musk is a complex and controversial figure who has made a significant impact on the world of technology and entrepreneurship. While he has achieved great success and recognition for his innovative ideas and leadership, he has also faced criticism and challenges along the way."
}