[
    {
        "timestamps": [
            0.0,
            11.133000373840332,
            20.732999801635742,
            36.733001708984375,
            52.733001708984375,
            67.53299713134766,
            69.80000305175781,
            72.26699829101562
        ],
        "captions": [
            "a man is standing in front of a blackboard with a long stick",
            "a man is standing on a stage in front of a classroom",
            "a man holding a ball in front of a chalkboard",
            "a man standing in front of a blackboard with a whiteboard",
            "a man standing in front of a chalkboard with a ball",
            "a black metal shelf mounted to the wall",
            "a white ball is being thrown by a man",
            "a black wall mounted camera is on a wall"
        ]
    },
    {
        "transcription": {
            "text": " Now I want to return to the conservation of mechanical energy."
        },
        "segments": [
            {
                "text": " Now I want to return to the conservation of mechanical energy.",
                "time_interval": {
                    "start": 0.0,
                    "end": 6.0
                },
                "confidence": 0.9155454257136106,
                "no_speech_confidence": 0.006999969482421875,
                "words": []
            }
        ],
        "info": {
            "language": "en",
            "language_confidence": 0.982421875
        }
    },
    {
        "transcription": {
            "text": " I have here a pendulum."
        },
        "segments": [
            {
                "text": " I have here a pendulum.",
                "time_interval": {
                    "start": 6.0,
                    "end": 12.0
                },
                "confidence": 0.9155454257136106,
                "no_speech_confidence": 0.006999969482421875,
                "words": []
            }
        ],
        "info": {
            "language": "en",
            "language_confidence": 0.982421875
        }
    },
    {
        "transcription": {
            "text": " I have an object that weighs 15 kilograms"
        },
        "segments": [
            {
                "text": " I have an object that weighs 15 kilograms",
                "time_interval": {
                    "start": 12.0,
                    "end": 18.0
                },
                "confidence": 0.9155454257136106,
                "no_speech_confidence": 0.006999969482421875,
                "words": []
            }
        ],
        "info": {
            "language": "en",
            "language_confidence": 0.982421875
        }
    },
    {
        "transcription": {
            "text": " and I can lift it up one meter, which I have done now."
        },
        "segments": [
            {
                "text": " and I can lift it up one meter, which I have done now.",
                "time_interval": {
                    "start": 18.0,
                    "end": 24.0
                },
                "confidence": 0.9155454257136106,
                "no_speech_confidence": 0.006999969482421875,
                "words": []
            }
        ],
        "info": {
            "language": "en",
            "language_confidence": 0.982421875
        }
    },
    {
        "timestamps": [
            73.86699676513672,
            89.86699676513672,
            105.86699676513672,
            121.86699676513672,
            131.5330047607422,
            133.66700744628906,
            142.06700134277344,
            158.06700134277344
        ],
        "captions": [
            "a man standing in front of a blackboard with a calculator",
            "a man is putting a piece of metal on a wall",
            "a man is fixing a wall mounted television",
            "a man standing in front of a blackboard with a man pointing",
            "a group of students sitting in a lecture hall",
            "a man is holding a ball in his hand",
            "a man holding a white ball in his hands",
            "a man holding a white ball in his hand"
        ]
    },
    {
        "transcription": {
            "text": " If I let it fall, then that will be converted to kinetic energy."
        },
        "segments": [
            {
                "text": " If I let it fall, then that will be converted to kinetic energy.",
                "time_interval": {
                    "start": 24.0,
                    "end": 30.0
                },
                "confidence": 0.8998440065155437,
                "no_speech_confidence": 0.423828125,
                "words": []
            }
        ],
        "info": {
            "language": "en",
            "language_confidence": 0.982421875
        }
    },
    {
        "transcription": {
            "text": " If I would let it swing from one meter height"
        },
        "segments": [
            {
                "text": " If I would let it swing from one meter height",
                "time_interval": {
                    "start": 30.0,
                    "end": 36.0
                },
                "confidence": 0.8998440065155437,
                "no_speech_confidence": 0.423828125,
                "words": []
            }
        ],
        "info": {
            "language": "en",
            "language_confidence": 0.982421875
        }
    },
    {
        "transcription": {
            "text": " and you would be there and it would hit you, you'd be dead."
        },
        "segments": [
            {
                "text": " and you would be there and it would hit you, you'd be dead.",
                "time_interval": {
                    "start": 36.0,
                    "end": 42.0
                },
                "confidence": 0.8998440065155437,
                "no_speech_confidence": 0.423828125,
                "words": []
            }
        ],
        "info": {
            "language": "en",
            "language_confidence": 0.982421875
        }
    },
    {
        "transcription": {
            "text": " 150 joules is enough to kill you."
        },
        "segments": [
            {
                "text": " 150 joules is enough to kill you.",
                "time_interval": {
                    "start": 42.0,
                    "end": 48.0
                },
                "confidence": 0.8998440065155437,
                "no_speech_confidence": 0.423828125,
                "words": []
            }
        ],
        "info": {
            "language": "en",
            "language_confidence": 0.982421875
        }
    },
    {
        "transcription": {
            "text": " They use them to demolish buildings."
        },
        "segments": [
            {
                "text": " They use them to demolish buildings.",
                "time_interval": {
                    "start": 48.0,
                    "end": 54.0
                },
                "confidence": 0.8811879148457943,
                "no_speech_confidence": 0.59521484375,
                "words": []
            }
        ],
        "info": {
            "language": "en",
            "language_confidence": 0.982421875
        }
    },
    {
        "transcription": {
            "text": " You lift up a very heavy object, even heavier than this,"
        },
        "segments": [
            {
                "text": " You lift up a very heavy object, even heavier than this,",
                "time_interval": {
                    "start": 54.0,
                    "end": 60.0
                },
                "confidence": 0.8811879148457943,
                "no_speech_confidence": 0.59521484375,
                "words": []
            }
        ],
        "info": {
            "language": "en",
            "language_confidence": 0.982421875
        }
    },
    {
        "transcription": {
            "text": " and then you let it go, you swing it,"
        },
        "segments": [
            {
                "text": " and then you let it go, you swing it,",
                "time_interval": {
                    "start": 60.0,
                    "end": 66.0
                },
                "confidence": 0.8811879148457943,
                "no_speech_confidence": 0.59521484375,
                "words": []
            }
        ],
        "info": {
            "language": "en",
            "language_confidence": 0.982421875
        }
    },
    {
        "transcription": {
            "text": " thereby converting gravitational potential energy into kinetic energy"
        },
        "segments": [
            {
                "text": " thereby converting gravitational potential energy into kinetic energy",
                "time_interval": {
                    "start": 66.0,
                    "end": 72.0
                },
                "confidence": 0.8811879148457943,
                "no_speech_confidence": 0.59521484375,
                "words": []
            }
        ],
        "info": {
            "language": "en",
            "language_confidence": 0.982421875
        }
    },
    {
        "timestamps": [
            174.06700134277344,
            183.66700744628906,
            185.4669952392578,
            187.66700744628906,
            191.33299255371094,
            194.1999969482422,
            200.4669952392578,
            201.4669952392578
        ],
        "captions": [
            "a man holding a white ball in front of a wall",
            "a group of people sitting in a lecture hall",
            "a man holding a white ball in his hand",
            "a lecture hall with a blackboard and people sitting in front of it",
            "a man in a blue shirt leaning against a wall",
            "a man in a blue shirt leaning against a wall",
            "a group of people sitting in a lecture hall",
            "a man in a blue shirt is talking to a crowd"
        ]
    },
    {
        "transcription": {
            "text": " which is the whole idea of wrecking."
        },
        "segments": [
            {
                "text": " which is the whole idea of wrecking.",
                "time_interval": {
                    "start": 72.0,
                    "end": 78.0
                },
                "confidence": 0.8715343445859605,
                "no_speech_confidence": 0.40087890625,
                "words": []
            }
        ],
        "info": {
            "language": "en",
            "language_confidence": 0.982421875
        }
    },
    {
        "transcription": {
            "text": " So you are using then the conversion of gravitational potential energy to kinetic energy."
        },
        "segments": [
            {
                "text": " So you are using then the conversion of gravitational potential energy to kinetic energy.",
                "time_interval": {
                    "start": 78.0,
                    "end": 84.0
                },
                "confidence": 0.8715343445859605,
                "no_speech_confidence": 0.40087890625,
                "words": []
            }
        ],
        "info": {
            "language": "en",
            "language_confidence": 0.982421875
        }
    },
    {
        "transcription": {
            "text": " Now, I am such a strong believer of the conservation of mechanical energy"
        },
        "segments": [
            {
                "text": " Now, I am such a strong believer of the conservation of mechanical energy",
                "time_interval": {
                    "start": 84.0,
                    "end": 90.0
                },
                "confidence": 0.8715343445859605,
                "no_speech_confidence": 0.40087890625,
                "words": []
            }
        ],
        "info": {
            "language": "en",
            "language_confidence": 0.982421875
        }
    },
    {
        "transcription": {
            "text": " that I am willing to put my life on the line."
        },
        "segments": [
            {
                "text": " that I am willing to put my life on the line.",
                "time_interval": {
                    "start": 90.0,
                    "end": 96.0
                },
                "confidence": 0.8715343445859605,
                "no_speech_confidence": 0.40087890625,
                "words": []
            }
        ],
        "info": {
            "language": "en",
            "language_confidence": 0.982421875
        }
    },
    {
        "transcription": {
            "text": " If I release that bob from a certain height,"
        },
        "segments": [
            {
                "text": " If I release that bob from a certain height,",
                "time_interval": {
                    "start": 97.0,
                    "end": 103.0
                },
                "confidence": 0.9383433771074657,
                "no_speech_confidence": 0.01447296142578125,
                "words": []
            }
        ],
        "info": {
            "language": "en",
            "language_confidence": 0.982421875
        }
    },
    {
        "transcription": {
            "text": " then that bob can never come back to a point where the height is any larger."
        },
        "segments": [
            {
                "text": " then that bob can never come back to a point where the height is any larger.",
                "time_interval": {
                    "start": 103.0,
                    "end": 109.0
                },
                "confidence": 0.9383433771074657,
                "no_speech_confidence": 0.01447296142578125,
                "words": []
            }
        ],
        "info": {
            "language": "en",
            "language_confidence": 0.982421875
        }
    },
    {
        "transcription": {
            "text": " If I release it from this height and it swings,"
        },
        "segments": [
            {
                "text": " If I release it from this height and it swings,",
                "time_interval": {
                    "start": 111.0,
                    "end": 117.0
                },
                "confidence": 0.9383433771074657,
                "no_speech_confidence": 0.01447296142578125,
                "words": []
            }
        ],
        "info": {
            "language": "en",
            "language_confidence": 0.982421875
        }
    },
    {
        "transcription": {
            "text": " then when it reaches here, it could not be higher."
        },
        "segments": [
            {
                "text": " then when it reaches here, it could not be higher.",
                "time_interval": {
                    "start": 117.0,
                    "end": 121.0
                },
                "confidence": 0.9383433771074657,
                "no_speech_confidence": 0.01447296142578125,
                "words": []
            }
        ],
        "info": {
            "language": "en",
            "language_confidence": 0.982421875
        }
    },
    {
        "transcription": {
            "text": " It could go from gravitational potential energy to kinetic energy"
        },
        "segments": [
            {
                "text": " It could go from gravitational potential energy to kinetic energy",
                "time_interval": {
                    "start": 121.0,
                    "end": 127.0
                },
                "confidence": 0.8513452785243097,
                "no_speech_confidence": 0.2396240234375,
                "words": []
            }
        ],
        "info": {
            "language": "en",
            "language_confidence": 0.982421875
        }
    },
    {
        "transcription": {
            "text": " back to gravitational potential energy and it will come to a stop here."
        },
        "segments": [
            {
                "text": " back to gravitational potential energy and it will come to a stop here.",
                "time_interval": {
                    "start": 127.0,
                    "end": 133.0
                },
                "confidence": 0.8513452785243097,
                "no_speech_confidence": 0.2396240234375,
                "words": []
            }
        ],
        "info": {
            "language": "en",
            "language_confidence": 0.982421875
        }
    },
    {
        "transcription": {
            "text": " And when it swings back, it should not be able to reach any higher"
        },
        "segments": [
            {
                "text": " And when it swings back, it should not be able to reach any higher",
                "time_interval": {
                    "start": 133.0,
                    "end": 139.0
                },
                "confidence": 0.8513452785243097,
                "no_speech_confidence": 0.2396240234375,
                "words": []
            }
        ],
        "info": {
            "language": "en",
            "language_confidence": 0.982421875
        }
    },
    {
        "transcription": {
            "text": " provided that I do not give this object an initial speed when I stand here."
        },
        "segments": [
            {
                "text": " provided that I do not give this object an initial speed when I stand here.",
                "time_interval": {
                    "start": 139.0,
                    "end": 145.0
                },
                "confidence": 0.8513452785243097,
                "no_speech_confidence": 0.2396240234375,
                "words": []
            }
        ],
        "info": {
            "language": "en",
            "language_confidence": 0.982421875
        }
    },
    {
        "transcription": {
            "text": " I may not trust myself."
        },
        "segments": [
            {
                "text": " I may not trust myself.",
                "time_interval": {
                    "start": 145.0,
                    "end": 151.0
                },
                "confidence": 0.9217725291204704,
                "no_speech_confidence": 0.0235748291015625,
                "words": []
            }
        ],
        "info": {
            "language": "en",
            "language_confidence": 0.982421875
        }
    },
    {
        "transcription": {
            "text": " I am going to release this object and I hope I will be able to do it at zero speed"
        },
        "segments": [
            {
                "text": " I am going to release this object and I hope I will be able to do it at zero speed",
                "time_interval": {
                    "start": 151.0,
                    "end": 157.0
                },
                "confidence": 0.9217725291204704,
                "no_speech_confidence": 0.0235748291015625,
                "words": []
            }
        ],
        "info": {
            "language": "en",
            "language_confidence": 0.982421875
        }
    },
    {
        "transcription": {
            "text": " so that when it comes back it may touch my chin but it may not crush my chin."
        },
        "segments": [
            {
                "text": " so that when it comes back it may touch my chin but it may not crush my chin.",
                "time_interval": {
                    "start": 157.0,
                    "end": 163.0
                },
                "confidence": 0.9217725291204704,
                "no_speech_confidence": 0.0235748291015625,
                "words": []
            }
        ],
        "info": {
            "language": "en",
            "language_confidence": 0.982421875
        }
    },
    {
        "transcription": {
            "text": " I want you to be extremely quiet because this is no joke."
        },
        "segments": [
            {
                "text": " I want you to be extremely quiet because this is no joke.",
                "time_interval": {
                    "start": 163.0,
                    "end": 169.0
                },
                "confidence": 0.9217725291204704,
                "no_speech_confidence": 0.0235748291015625,
                "words": []
            }
        ],
        "info": {
            "language": "en",
            "language_confidence": 0.982421875
        }
    },
    {
        "transcription": {
            "text": " If I release this object at zero speed, then this will be my last lecture."
        },
        "segments": [
            {
                "text": " If I release this object at zero speed, then this will be my last lecture.",
                "time_interval": {
                    "start": 169.0,
                    "end": 175.0
                },
                "confidence": 0.8646648422853658,
                "no_speech_confidence": 0.429931640625,
                "words": []
            }
        ],
        "info": {
            "language": "en",
            "language_confidence": 0.982421875
        }
    },
    {
        "transcription": {
            "text": " I will close my eyes. I don't want to see this."
        },
        "segments": [
            {
                "text": " I will close my eyes. I don't want to see this.",
                "time_interval": {
                    "start": 175.0,
                    "end": 181.0
                },
                "confidence": 0.8646648422853658,
                "no_speech_confidence": 0.429931640625,
                "words": []
            }
        ],
        "info": {
            "language": "en",
            "language_confidence": 0.982421875
        }
    },
    {
        "transcription": {
            "text": " So please be very quiet. I almost didn't sleep all night."
        },
        "segments": [
            {
                "text": " So please be very quiet. I almost didn't sleep all night.",
                "time_interval": {
                    "start": 181.0,
                    "end": 187.0
                },
                "confidence": 0.8646648422853658,
                "no_speech_confidence": 0.429931640625,
                "words": []
            }
        ],
        "info": {
            "language": "en",
            "language_confidence": 0.982421875
        }
    },
    {
        "transcription": {
            "text": " Three, two, one, zero."
        },
        "segments": [
            {
                "text": " Three, two, one, zero.",
                "time_interval": {
                    "start": 187.0,
                    "end": 193.0
                },
                "confidence": 0.8646648422853658,
                "no_speech_confidence": 0.429931640625,
                "words": []
            }
        ],
        "info": {
            "language": "en",
            "language_confidence": 0.982421875
        }
    },
    {
        "transcription": {
            "text": " Physics works and I am still alive."
        },
        "segments": [
            {
                "text": " Physics works and I am still alive.",
                "time_interval": {
                    "start": 199.0,
                    "end": 205.0
                },
                "confidence": 0.8780664047938203,
                "no_speech_confidence": 0.07843017578125,
                "words": []
            }
        ],
        "info": {
            "language": "en",
            "language_confidence": 0.982421875
        }
    },
    {
        "transcription": {
            "text": " Physics works and I am still alive."
        },
        "segments": [
            {
                "text": " Physics works and I am still alive.",
                "time_interval": {
                    "start": 205.0,
                    "end": 211.0
                },
                "confidence": 0.8780664047938203,
                "no_speech_confidence": 0.07843017578125,
                "words": []
            }
        ],
        "info": {
            "language": "en",
            "language_confidence": 0.982421875
        }
    },
    {
        "transcription": {
            "text": " Physics works and I am still alive."
        },
        "segments": [
            {
                "text": " Physics works and I am still alive.",
                "time_interval": {
                    "start": 211.0,
                    "end": 217.0
                },
                "confidence": 0.8780664047938203,
                "no_speech_confidence": 0.07843017578125,
                "words": []
            }
        ],
        "info": {
            "language": "en",
            "language_confidence": 0.982421875
        }
    },
    {
        "transcription": {
            "text": " Physics works and I am still alive."
        },
        "segments": [
            {
                "text": " Physics works and I am still alive.",
                "time_interval": {
                    "start": 217.0,
                    "end": 223.0
                },
                "confidence": 0.8780664047938203,
                "no_speech_confidence": 0.07843017578125,
                "words": []
            }
        ],
        "info": {
            "language": "en",
            "language_confidence": 0.982421875
        }
    },
    {
        "transcription": {
            "text": " Physics works and I am still alive."
        },
        "segments": [
            {
                "text": " Physics works and I am still alive.",
                "time_interval": {
                    "start": 223.0,
                    "end": 227.0
                },
                "confidence": 0.8780664047938203,
                "no_speech_confidence": 0.07843017578125,
                "words": []
            }
        ],
        "info": {
            "language": "en",
            "language_confidence": 0.982421875
        }
    },
    {
        "caption_ids": [
            1,
            2,
            3,
            4,
            5,
            6,
            7,
            8,
            9,
            10,
            11,
            12,
            13,
            14,
            15,
            16,
            17,
            18,
            19,
            20,
            21,
            22,
            23,
            24
        ],
        "transcription_id": 1
    }
]