[
    {
        "info": {
            "language": "en",
            "language_confidence": 0.60302734375
        },
        "segments": [
            {
                "confidence": 0.6239854156762731,
                "no_speech_confidence": 0.4189453125,
                "text": " We're no strangers to love You know the rules, and so do I",
                "time_interval": {
                    "end": 26.88,
                    "start": 0.0
                },
                "words": []
            }
        ],
        "transcription": {
            "text": " We're no strangers to love You know the rules, and so do I"
        }
    },
    {
        "info": {
            "language": "en",
            "language_confidence": 0.60302734375
        },
        "segments": [
            {
                "confidence": 0.8495449356404748,
                "no_speech_confidence": 0.72900390625,
                "text": " I feel commitments while I'm thinking of You wouldn't get this from any other guy",
                "time_interval": {
                    "end": 34.879999999999995,
                    "start": 26.88
                },
                "words": []
            }
        ],
        "transcription": {
            "text": " I feel commitments while I'm thinking of You wouldn't get this from any other guy"
        }
    },
    {
        "info": {
            "language": "en",
            "language_confidence": 0.60302734375
        },
        "segments": [
            {
                "confidence": 0.8495449356404748,
                "no_speech_confidence": 0.72900390625,
                "text": " I just wanna tell you how I'm feeling Gotta make you understand",
                "time_interval": {
                    "end": 42.879999999999995,
                    "start": 34.879999999999995
                },
                "words": []
            }
        ],
        "transcription": {
            "text": " I just wanna tell you how I'm feeling Gotta make you understand"
        }
    },
    {
        "info": {
            "language": "en",
            "language_confidence": 0.60302734375
        },
        "segments": [
            {
                "confidence": 0.8495449356404748,
                "no_speech_confidence": 0.72900390625,
                "text": " Never gonna give you up Never gonna let you down",
                "time_interval": {
                    "end": 46.879999999999995,
                    "start": 42.879999999999995
                },
                "words": []
            }
        ],
        "transcription": {
            "text": " Never gonna give you up Never gonna let you down"
        }
    },
    {
        "info": {
            "language": "en",
            "language_confidence": 0.60302734375
        },
        "segments": [
            {
                "confidence": 0.8495449356404748,
                "no_speech_confidence": 0.72900390625,
                "text": " Never gonna run around and desert you Never gonna make you cry",
                "time_interval": {
                    "end": 52.879999999999995,
                    "start": 46.879999999999995
                },
                "words": []
            }
        ],
        "transcription": {
            "text": " Never gonna run around and desert you Never gonna make you cry"
        }
    },
    {
        "captions": [
            "a black background with a white background",
            "a man in a suit is singing into a microphone",
            "a man in a suit is singing into a microphone",
            "a person is holding a black jacket and a white shirt",
            "a man in a suit is singing into a microphone",
            "a man is smiling and wearing a white jacket",
            "a man in a white coat is standing in front of a brick wall",
            "a man in a white coat is standing in front of a brick wall"
        ],
        "timestamps": [
            0.0,
            0.07999999821186066,
            0.6800000071525574,
            2.0,
            5.320000171661377,
            7.440000057220459,
            7.960000038146973,
            8.760000228881836
        ]
    },
    {
        "info": {
            "language": "en",
            "language_confidence": 0.60302734375
        },
        "segments": [
            {
                "confidence": 0.9059738105990237,
                "no_speech_confidence": 0.62060546875,
                "text": " Never gonna say goodbye Never gonna tell a lie and hurt you",
                "time_interval": {
                    "end": 58.88,
                    "start": 52.88
                },
                "words": []
            }
        ],
        "transcription": {
            "text": " Never gonna say goodbye Never gonna tell a lie and hurt you"
        }
    },
    {
        "info": {
            "language": "en",
            "language_confidence": 0.60302734375
        },
        "segments": [
            {
                "confidence": 0.9059738105990237,
                "no_speech_confidence": 0.62060546875,
                "text": " We've known each other for so long Your heart's been aching but you're too shy to say it",
                "time_interval": {
                    "end": 68.88,
                    "start": 58.88
                },
                "words": []
            }
        ],
        "transcription": {
            "text": " We've known each other for so long Your heart's been aching but you're too shy to say it"
        }
    },
    {
        "info": {
            "language": "en",
            "language_confidence": 0.60302734375
        },
        "segments": [
            {
                "confidence": 0.9059738105990237,
                "no_speech_confidence": 0.62060546875,
                "text": " Inside we both know what's been going on We know the game and we're gonna play it",
                "time_interval": {
                    "end": 76.88,
                    "start": 68.88
                },
                "words": []
            }
        ],
        "transcription": {
            "text": " Inside we both know what's been going on We know the game and we're gonna play it"
        }
    },
    {
        "info": {
            "language": "en",
            "language_confidence": 0.60302734375
        },
        "segments": [
            {
                "confidence": 0.967252084465121,
                "no_speech_confidence": 0.845703125,
                "text": " And if you ask me how I'm feeling Don't tell me you're too blind to see",
                "time_interval": {
                    "end": 84.88,
                    "start": 76.88
                },
                "words": []
            }
        ],
        "transcription": {
            "text": " And if you ask me how I'm feeling Don't tell me you're too blind to see"
        }
    },
    {
        "info": {
            "language": "en",
            "language_confidence": 0.60302734375
        },
        "segments": [
            {
                "confidence": 0.967252084465121,
                "no_speech_confidence": 0.845703125,
                "text": " Never gonna give you up Never gonna let you down",
                "time_interval": {
                    "end": 88.88,
                    "start": 84.88
                },
                "words": []
            }
        ],
        "transcription": {
            "text": " Never gonna give you up Never gonna let you down"
        }
    },
    {
        "info": {
            "language": "en",
            "language_confidence": 0.60302734375
        },
        "segments": [
            {
                "confidence": 0.967252084465121,
                "no_speech_confidence": 0.845703125,
                "text": " Never gonna run around and desert you Never gonna make you cry",
                "time_interval": {
                    "end": 94.88,
                    "start": 88.88
                },
                "words": []
            }
        ],
        "transcription": {
            "text": " Never gonna run around and desert you Never gonna make you cry"
        }
    },
    {
        "info": {
            "language": "en",
            "language_confidence": 0.60302734375
        },
        "segments": [
            {
                "confidence": 0.967252084465121,
                "no_speech_confidence": 0.845703125,
                "text": " Never gonna say goodbye Never gonna tell a lie and hurt you",
                "time_interval": {
                    "end": 100.88,
                    "start": 94.88
                },
                "words": []
            }
        ],
        "transcription": {
            "text": " Never gonna say goodbye Never gonna tell a lie and hurt you"
        }
    },
    {
        "info": {
            "language": "en",
            "language_confidence": 0.60302734375
        },
        "segments": [
            {
                "confidence": 0.9204295592681705,
                "no_speech_confidence": 0.94921875,
                "text": " Never gonna give you up Never gonna let you down",
                "time_interval": {
                    "end": 104.88,
                    "start": 100.88
                },
                "words": []
            }
        ],
        "transcription": {
            "text": " Never gonna give you up Never gonna let you down"
        }
    },
    {
        "info": {
            "language": "en",
            "language_confidence": 0.60302734375
        },
        "segments": [
            {
                "confidence": 0.9204295592681705,
                "no_speech_confidence": 0.94921875,
                "text": " Never gonna run around and desert you Never gonna make you cry",
                "time_interval": {
                    "end": 110.88,
                    "start": 104.88
                },
                "words": []
            }
        ],
        "transcription": {
            "text": " Never gonna run around and desert you Never gonna make you cry"
        }
    },
    {
        "info": {
            "language": "en",
            "language_confidence": 0.60302734375
        },
        "segments": [
            {
                "confidence": 0.9204295592681705,
                "no_speech_confidence": 0.94921875,
                "text": " Never gonna say goodbye Never gonna tell a lie and hurt you",
                "time_interval": {
                    "end": 116.88,
                    "start": 110.88
                },
                "words": []
            }
        ],
        "transcription": {
            "text": " Never gonna say goodbye Never gonna tell a lie and hurt you"
        }
    },
    {
        "captions": [
            "a blonde woman with a yellow bow in her hair",
            "a woman with blonde hair standing in front of a window",
            "a man wearing sunglasses standing in front of a chain link fence",
            "a man in a blue shirt and sunglasses is walking",
            "a woman in a white dress and sunglasses is standing in front of a brick wall",
            "a woman with blonde hair standing in front of a white wall",
            "a woman with long blonde hair standing in front of a white wall",
            "a man in a trench coat is standing in front of a brick wall"
        ],
        "timestamps": [
            9.4399995803833,
            10.079999923706055,
            11.279999732971191,
            12.039999961853027,
            15.0,
            17.399999618530273,
            18.040000915527344,
            18.239999771118164
        ]
    },
    {
        "info": {
            "language": "en",
            "language_confidence": 0.60302734375
        },
        "segments": [
            {
                "confidence": 0.8908876338811589,
                "no_speech_confidence": 0.6396484375,
                "text": " Never gonna give you up Never gonna give you up",
                "time_interval": {
                    "end": 120.88,
                    "start": 116.88
                },
                "words": []
            }
        ],
        "transcription": {
            "text": " Never gonna give you up Never gonna give you up"
        }
    },
    {
        "info": {
            "language": "en",
            "language_confidence": 0.60302734375
        },
        "segments": [
            {
                "confidence": 0.8908876338811589,
                "no_speech_confidence": 0.6396484375,
                "text": " Never gonna give you up Never gonna give you up",
                "time_interval": {
                    "end": 124.88,
                    "start": 120.88
                },
                "words": []
            }
        ],
        "transcription": {
            "text": " Never gonna give you up Never gonna give you up"
        }
    },
    {
        "info": {
            "language": "en",
            "language_confidence": 0.60302734375
        },
        "segments": [
            {
                "confidence": 0.8908876338811589,
                "no_speech_confidence": 0.6396484375,
                "text": " We've known each other for so long Your heart's been aching but you're too shy to say it",
                "time_interval": {
                    "end": 132.88,
                    "start": 124.88
                },
                "words": []
            }
        ],
        "transcription": {
            "text": " We've known each other for so long Your heart's been aching but you're too shy to say it"
        }
    },
    {
        "info": {
            "language": "en",
            "language_confidence": 0.60302734375
        },
        "segments": [
            {
                "confidence": 0.8908876338811589,
                "no_speech_confidence": 0.6396484375,
                "text": " Inside we both know what's been going on We know the game and we're gonna play it",
                "time_interval": {
                    "end": 140.88,
                    "start": 132.88
                },
                "words": []
            }
        ],
        "transcription": {
            "text": " Inside we both know what's been going on We know the game and we're gonna play it"
        }
    },
    {
        "info": {
            "language": "en",
            "language_confidence": 0.60302734375
        },
        "segments": [
            {
                "confidence": 0.9688604363061694,
                "no_speech_confidence": 0.72998046875,
                "text": " Your heart's been aching but you're too shy to say it",
                "time_interval": {
                    "end": 144.88,
                    "start": 140.88
                },
                "words": []
            }
        ],
        "transcription": {
            "text": " Your heart's been aching but you're too shy to say it"
        }
    },
    {
        "info": {
            "language": "en",
            "language_confidence": 0.60302734375
        },
        "segments": [
            {
                "confidence": 0.9688604363061694,
                "no_speech_confidence": 0.72998046875,
                "text": " Inside we both know what's been going on We know the game and we're gonna play it",
                "time_interval": {
                    "end": 152.88,
                    "start": 144.88
                },
                "words": []
            }
        ],
        "transcription": {
            "text": " Inside we both know what's been going on We know the game and we're gonna play it"
        }
    },
    {
        "info": {
            "language": "en",
            "language_confidence": 0.60302734375
        },
        "segments": [
            {
                "confidence": 0.9688604363061694,
                "no_speech_confidence": 0.72998046875,
                "text": " I just wanna tell you how I'm feeling Gotta make you understand",
                "time_interval": {
                    "end": 160.88,
                    "start": 152.88
                },
                "words": []
            }
        ],
        "transcription": {
            "text": " I just wanna tell you how I'm feeling Gotta make you understand"
        }
    },
    {
        "info": {
            "language": "en",
            "language_confidence": 0.60302734375
        },
        "segments": [
            {
                "confidence": 0.9688604363061694,
                "no_speech_confidence": 0.72998046875,
                "text": " Never gonna give you up Never gonna let you down",
                "time_interval": {
                    "end": 164.88,
                    "start": 160.88
                },
                "words": []
            }
        ],
        "transcription": {
            "text": " Never gonna give you up Never gonna let you down"
        }
    },
    {
        "info": {
            "language": "en",
            "language_confidence": 0.60302734375
        },
        "segments": [
            {
                "confidence": 0.9625630656977605,
                "no_speech_confidence": 0.89697265625,
                "text": " Never gonna run around and desert you Never gonna make you cry",
                "time_interval": {
                    "end": 170.88,
                    "start": 164.88
                },
                "words": []
            }
        ],
        "transcription": {
            "text": " Never gonna run around and desert you Never gonna make you cry"
        }
    },
    {
        "info": {
            "language": "en",
            "language_confidence": 0.60302734375
        },
        "segments": [
            {
                "confidence": 0.9625630656977605,
                "no_speech_confidence": 0.89697265625,
                "text": " Never gonna say goodbye Never gonna tell a lie and hurt you",
                "time_interval": {
                    "end": 176.88,
                    "start": 170.88
                },
                "words": []
            }
        ],
        "transcription": {
            "text": " Never gonna say goodbye Never gonna tell a lie and hurt you"
        }
    },
    {
        "info": {
            "language": "en",
            "language_confidence": 0.60302734375
        },
        "segments": [
            {
                "confidence": 0.9625630656977605,
                "no_speech_confidence": 0.89697265625,
                "text": " Never gonna give you up Never gonna let you down",
                "time_interval": {
                    "end": 181.88,
                    "start": 176.88
                },
                "words": []
            }
        ],
        "transcription": {
            "text": " Never gonna give you up Never gonna let you down"
        }
    },
    {
        "info": {
            "language": "en",
            "language_confidence": 0.60302734375
        },
        "segments": [
            {
                "confidence": 0.9625630656977605,
                "no_speech_confidence": 0.89697265625,
                "text": " Never gonna run around and desert you Never gonna make you cry",
                "time_interval": {
                    "end": 187.88,
                    "start": 181.88
                },
                "words": []
            }
        ],
        "transcription": {
            "text": " Never gonna run around and desert you Never gonna make you cry"
        }
    },
    {
        "captions": [
            "a man in sunglasses and a blue shirt is walking",
            "a young man wearing sunglasses and a blue shirt",
            "a man wearing sunglasses and a blue shirt",
            "a man in a blue jumpsuit and sunglasses walking by a fence",
            "a young man wearing sunglasses and a blue shirt",
            "the shadow of a person standing on the ground",
            "a shadow of a person standing on a sidewalk",
            "a man in a blue jumpsuit standing next to a fence"
        ],
        "timestamps": [
            24.200000762939453,
            24.520000457763672,
            26.600000381469727,
            27.799999237060547,
            28.959999084472656,
            30.440000534057617,
            31.040000915527344,
            32.0
        ]
    },
    {
        "info": {
            "language": "en",
            "language_confidence": 0.60302734375
        },
        "segments": [
            {
                "confidence": 0.9182383404568272,
                "no_speech_confidence": 0.83544921875,
                "text": " Never gonna say goodbye Never gonna tell a lie and hurt you",
                "time_interval": {
                    "end": 193.88,
                    "start": 187.88
                },
                "words": []
            }
        ],
        "transcription": {
            "text": " Never gonna say goodbye Never gonna tell a lie and hurt you"
        }
    },
    {
        "info": {
            "language": "en",
            "language_confidence": 0.60302734375
        },
        "segments": [
            {
                "confidence": 0.9182383404568272,
                "no_speech_confidence": 0.83544921875,
                "text": " Never gonna give you up Never gonna let you down",
                "time_interval": {
                    "end": 198.88,
                    "start": 193.88
                },
                "words": []
            }
        ],
        "transcription": {
            "text": " Never gonna give you up Never gonna let you down"
        }
    },
    {
        "info": {
            "language": "en",
            "language_confidence": 0.60302734375
        },
        "segments": [
            {
                "confidence": 0.9182383404568272,
                "no_speech_confidence": 0.83544921875,
                "text": " Never gonna run around and desert you Never gonna make you cry",
                "time_interval": {
                    "end": 204.88,
                    "start": 198.88
                },
                "words": []
            }
        ],
        "transcription": {
            "text": " Never gonna run around and desert you Never gonna make you cry"
        }
    },
    {
        "info": {
            "language": "en",
            "language_confidence": 0.60302734375
        },
        "segments": [
            {
                "confidence": 0.9182383404568272,
                "no_speech_confidence": 0.83544921875,
                "text": " Never gonna say goodbye Never gonna tell a lie and hurt you",
                "time_interval": {
                    "end": 210.88,
                    "start": 204.88
                },
                "words": []
            }
        ],
        "transcription": {
            "text": " Never gonna say goodbye Never gonna tell a lie and hurt you"
        }
    },
    {
        "captions": [
            "a man in a white jacket is making a face",
            "a man standing in an alleyway with a brick wall behind him",
            "a man in a white jacket is singing",
            "a young man wearing sunglasses and a blue shirt",
            "a woman in a dress and sunglasses walking by a brick wall",
            "a woman in a white dress and sunglasses is walking by a brick wall",
            "a woman with long blonde hair and sunglasses standing in front of a brick wall",
            "a man in sunglasses is standing next to a fence"
        ],
        "timestamps": [
            33.20000076293945,
            34.7599983215332,
            36.31999969482422,
            37.720001220703125,
            38.439998626708984,
            38.68000030517578,
            39.599998474121094,
            42.119998931884766
        ]
    },
    {
        "captions": [
            "a large room with tables and chairs in front of a large window",
            "a man in a suit is singing into a microphone",
            "a man with a microphone in front of a window",
            "david bowie - starman",
            "a man in a white shirt and tie standing behind a bar",
            "a man in a white shirt and suspenders sitting at a bar",
            "a man in a suit singing into a microphone",
            "a woman with blonde hair standing in front of a wall"
        ],
        "timestamps": [
            42.31999969482422,
            43.68000030517578,
            47.84000015258789,
            48.040000915527344,
            51.15999984741211,
            53.439998626708984,
            57.08000183105469,
            59.720001220703125
        ]
    },
    {
        "captions": [
            "a man in a trench coat standing in front of a brick wall",
            "a man with his eyes closed singing in front of a brick wall",
            "a man with a white shirt and black jacket",
            "a man in a white jacket standing in front of a brick wall",
            "a man in a trench coat standing in front of a brick wall",
            "a man in a trench coat is walking in the street",
            "a man in a white jacket is talking into the camera",
            "a man in a white shirt and black jacket"
        ],
        "timestamps": [
            60.7599983215332,
            62.15999984741211,
            63.15999984741211,
            64.31999969482422,
            66.80000305175781,
            68.04000091552734,
            69.12000274658203,
            70.04000091552734
        ]
    },
    {
        "captions": [
            "three women are standing on chairs in front of a large window",
            "a man in suspenders holding a glass",
            "three women stand in front of a large window",
            "david bowie - starman",
            "a man in a white shirt is holding a glass",
            "a man standing in front of a wall with wine glasses",
            "a man in a suit is singing into a microphone",
            "a man in a suit is singing into a microphone"
        ],
        "timestamps": [
            72.5999984741211,
            74.55999755859375,
            76.23999786376953,
            77.23999786376953,
            78.31999969482422,
            79.72000122070312,
            80.23999786376953,
            80.87999725341797
        ]
    },
    {
        "captions": [
            "a man in a white coat standing in front of a brick wall",
            "a man in a white coat is standing in front of a brick wall",
            "a man in a trench coat standing in front of a brick wall",
            "a man in a white jacket standing in front of a brick wall",
            "a man in a white jacket is singing",
            "a group of people standing in front of chairs",
            "a man singing into a microphone while wearing a suit",
            "a man singing into a microphone in front of a window"
        ],
        "timestamps": [
            82.4000015258789,
            84.55999755859375,
            86.08000183105469,
            86.16000366210938,
            88.08000183105469,
            90.08000183105469,
            91.4800033569336,
            92.44000244140625
        ]
    },
    {
        "captions": [
            "a man and woman dancing in front of a large window",
            "a man is standing behind a bar with a glass",
            "two people are standing on stage in front of tables",
            "a man in a suit is singing into a microphone",
            "a man singing into a microphone with his eyes closed",
            "a man in a striped shirt and jacket singing into a microphone",
            "a man in a white shirt and suspenders standing behind a bar",
            "a man is standing behind a bar with a glass"
        ],
        "timestamps": [
            93.08000183105469,
            93.95999908447266,
            95.72000122070312,
            96.55999755859375,
            98.87999725341797,
            100.08000183105469,
            101.4000015258789,
            102.68000030517578
        ]
    },
    {
        "captions": [
            "a man with red hair singing into a microphone",
            "a shadow of a person standing on a sidewalk",
            "a man with a white shirt and a blue tie",
            "a woman wearing sunglasses stands in front of a white wall",
            "a man wearing sunglasses standing in front of a white wall",
            "a woman with blonde hair standing in front of a white wall",
            "a man's feet in black shoes standing on a sidewalk",
            "a man in a white t - shirt and jeans is standing in front of a brick wall"
        ],
        "timestamps": [
            105.68000030517578,
            110.27999877929688,
            112.76000213623047,
            114.76000213623047,
            116.63999938964844,
            118.19999694824219,
            118.83999633789062,
            119.83999633789062
        ]
    },
    {
        "captions": [
            "a man in blue jeans and a white shirt is walking",
            "david bowie - david bowie - david bowie - david bowie - david bowie - david bowie - david bowie - david bowie - david bowie - david bowie - david bowie - david bowie - david bowie - david bowie - david bowie - david bowie",
            "a man walking under an arched tunnel at night",
            "a man in shorts is jumping over a fence",
            "a young man wearing sunglasses and a blue shirt",
            "a shadow of a person standing on a sidewalk",
            "a shadow of a person standing on a sidewalk",
            "a shadow of a person holding a cell phone"
        ],
        "timestamps": [
            120.72000122070312,
            121.72000122070312,
            123.08000183105469,
            128.36000061035156,
            128.44000244140625,
            130.1999969482422,
            132.1999969482422,
            134.27999877929688
        ]
    },
    {
        "captions": [
            "a shadow of a person holding a cell phone",
            "a man standing in front of a large window with a woman and two girls",
            "a man in a striped shirt and jacket singing",
            "a man in a white jacket singing into a microphone",
            "a man in a white coat standing in front of a brick wall",
            "a woman in a black leotard doing a handstand in front of a brick wall",
            "a woman is walking through an archway in a dark room",
            "a man in a white jacket is singing"
        ],
        "timestamps": [
            135.1999969482422,
            140.1999969482422,
            141.16000366210938,
            144.0,
            144.8000030517578,
            145.55999755859375,
            147.0,
            147.1199951171875
        ]
    },
    {
        "captions": [
            "david bowie - starman",
            "a man in a trench coat is standing in an alley",
            "a man with a white jacket and a blue shirt",
            "a man with his mouth open singing in front of a brick wall",
            "a man in a white coat is standing in front of a brick wall",
            "a man in a trench coat standing in front of a brick wall",
            "a man standing in front of a brick wall",
            "a man in a white shirt is jumping in the air"
        ],
        "timestamps": [
            150.67999267578125,
            153.24000549316406,
            154.55999755859375,
            158.8000030517578,
            159.60000610351562,
            159.9199981689453,
            161.36000061035156,
            165.72000122070312
        ]
    },
    {
        "captions": [
            "a man is doing a flip in an old building",
            "a man in white shirt doing a handstand in front of a brick wall",
            "a woman in a white top is smiling",
            "david bowie - starman",
            "a woman with blonde hair and blue eyes",
            "a woman with a white headband sitting in front of a brick wall",
            "a man is dancing in the street",
            "a man in white shirt and pants is dancing"
        ],
        "timestamps": [
            166.9199981689453,
            171.67999267578125,
            172.44000244140625,
            173.1999969482422,
            174.67999267578125,
            175.24000549316406,
            175.32000732421875,
            176.52000427246094
        ]
    },
    {
        "captions": [
            "a man is dancing in front of a brick wall",
            "david bowie - the man who sold the world - david bowie stock videos & royalty",
            "a man and woman are dancing on a stage",
            "david bowie - starman - david bowie - david bowie - david bowie",
            "a man in a white shirt is standing next to a bar",
            "three women in black outfits are dancing on a stage",
            "a man in a striped shirt singing into a microphone",
            "a man in a trench coat standing in an alley"
        ],
        "timestamps": [
            178.47999572753906,
            178.8800048828125,
            180.63999938964844,
            182.55999755859375,
            182.67999267578125,
            183.9600067138672,
            186.67999267578125,
            189.55999755859375
        ]
    },
    {
        "captions": [
            "a man in a striped shirt singing into a microphone",
            "a man in a suit is singing into a microphone",
            "a man in a white coat is standing in front of a brick wall",
            "a man singing into a microphone in front of a window",
            "a man in a white jacket and black shirt",
            "a man in a white shirt and black turtle neck",
            "a man with a white shirt and black tie"
        ],
        "timestamps": [
            190.75999450683594,
            195.16000366210938,
            195.24000549316406,
            197.16000366210938,
            200.63999938964844,
            203.1999969482422,
            205.75999450683594
        ]
    },
    {
        "caption_ids": [
            1,
            2,
            3,
            4,
            5,
            6,
            7,
            8,
            9,
            10,
            11,
            12,
            13,
            14,
            15,
            16,
            17,
            18,
            19,
            20,
            21,
            22,
            23,
            24,
            25,
            26,
            27,
            28,
            29,
            30,
            31,
            32,
            33,
            34,
            35,
            36,
            37,
            38,
            39,
            40,
            41,
            42,
            43,
            44,
            45,
            46,
            47,
            48,
            49,
            50,
            51,
            52,
            53,
            54,
            55,
            56,
            57,
            58,
            59,
            60,
            61,
            62,
            63,
            64,
            65,
            66,
            67,
            68,
            69,
            70,
            71,
            72,
            73,
            74,
            75,
            76,
            77,
            78,
            79,
            80,
            81,
            82,
            83,
            84,
            85,
            86,
            87,
            88,
            89,
            90,
            91,
            92,
            93,
            94,
            95,
            96,
            97,
            98,
            99,
            100,
            101,
            102,
            103,
            104,
            105,
            106,
            107,
            108,
            109,
            110,
            111,
            112,
            113,
            114,
            115,
            116,
            117,
            118,
            119,
            120,
            121,
            122,
            123,
            124,
            125,
            126,
            127
        ],
        "transcription_id": 1
    }
]