[
    {
        "completion": "Based"
    },
    {
        "completion": " on"
    },
    {
        "completion": " the"
    },
    {
        "completion": " video"
    },
    {
        "completion": ","
    },
    {
        "completion": " the"
    },
    {
        "completion": " speaker"
    },
    {
        "completion": " is"
    },
    {
        "completion": " discussing"
    },
    {
        "completion": " the"
    },
    {
        "completion": " concept"
    },
    {
        "completion": " of"
    },
    {
        "completion": " conservation"
    },
    {
        "completion": " of"
    },
    {
        "completion": " mechanical"
    },
    {
        "completion": " energy"
    },
    {
        "completion": ","
    },
    {
        "completion": " specifically"
    },
    {
        "completion": " using"
    },
    {
        "completion": " a"
    },
    {
        "completion": " pend"
    },
    {
        "completion": "ulum"
    },
    {
        "completion": " to"
    },
    {
        "completion": " demonstrate"
    },
    {
        "completion": " the"
    },
    {
        "completion": " conversion"
    },
    {
        "completion": " of"
    },
    {
        "completion": " potential"
    },
    {
        "completion": " energy"
    },
    {
        "completion": " to"
    },
    {
        "completion": " kinetic"
    },
    {
        "completion": " energy"
    },
    {
        "completion": " and"
    },
    {
        "completion": " back"
    },
    {
        "completion": " to"
    },
    {
        "completion": " potential"
    },
    {
        "completion": " energy"
    },
    {
        "completion": "."
    },
    {
        "completion": " The"
    },
    {
        "completion": " speaker"
    },
    {
        "completion": " is"
    },
    {
        "completion": " using"
    },
    {
        "completion": " a"
    },
    {
        "completion": " personal"
    },
    {
        "completion": " anecd"
    },
    {
        "completion": "ote"
    },
    {
        "completion": " to"
    },
    {
        "completion": " illustrate"
    },
    {
        "completion": " the"
    },
    {
        "completion": " concept"
    },
    {
        "completion": ","
    },
    {
        "completion": " stating"
    },
    {
        "completion": " that"
    },
    {
        "completion": " they"
    },
    {
        "completion": " are"
    },
    {
        "completion": " willing"
    },
    {
        "completion": " to"
    },
    {
        "completion": " put"
    },
    {
        "completion": " their"
    },
    {
        "completion": " life"
    },
    {
        "completion": " on"
    },
    {
        "completion": " the"
    },
    {
        "completion": " line"
    },
    {
        "completion": " to"
    },
    {
        "completion": " demonstrate"
    },
    {
        "completion": " the"
    },
    {
        "completion": " conservation"
    },
    {
        "completion": " of"
    },
    {
        "completion": " mechanical"
    },
    {
        "completion": " energy"
    },
    {
        "completion": "."
    },
    {
        "completion": ""
    }
]