[
    {
        "media_id": "squirrel.mp4",
        "metadata": {
            "description": "",
            "title": "squirrel"
        }
    },
    {
        "info": {
            "language": "silence",
            "language_confidence": 1.0
        },
        "segments": [],
        "transcription": {
            "text": ""
        }
    },
    {
        "captions": [
            "a squirrel is sitting on top of a table with its mouth open and eating something off of it's hand. it's sitting on a table with a green background",
            "a squirrel sitting on top of a table with a green background behind it and a green squirrel in the background with a green squirrel sitting on top of a table with a green background behind it",
            "a squirrel is sitting on a table with its mouth open and its tail in the air, looking at something in the distance. it is standing on a table with a green background",
            "a squirrel is sitting on top of a table with its mouth open and its eyes closed in the middle of the day in the woods near a lake in the middle of the woods"
        ],
        "timestamps": [
            0.0,
            3.0399999618530273,
            6.079999923706055,
            9.119999885559082
        ]
    },
    {
        "caption_ids": [
            1,
            2,
            3,
            4
        ],
        "transcription_id": 1
    }
]