[
    {
        "completion": "Based"
    },
    {
        "completion": " on"
    },
    {
        "completion": " the"
    },
    {
        "completion": " video"
    },
    {
        "completion": ","
    },
    {
        "completion": " the"
    },
    {
        "completion": " speaker"
    },
    {
        "completion": " is"
    },
    {
        "completion": " discussing"
    },
    {
        "completion": " the"
    },
    {
        "completion": " concept"
    },
    {
        "completion": " of"
    },
    {
        "completion": " conservation"
    },
    {
        "completion": " of"
    },
    {
        "completion": " mechanical"
    },
    {
        "completion": " energy"
    },
    {
        "completion": ","
    },
    {
        "completion": " specifically"
    },
    {
        "completion": " using"
    },
    {
        "completion": " a"
    },
    {
        "completion": " pend"
    },
    {
        "completion": "ulum"
    },
    {
        "completion": " to"
    },
    {
        "completion": " demonstrate"
    },
    {
        "completion": " the"
    },
    {
        "completion": " conversion"
    },
    {
        "completion": " of"
    },
    {
        "completion": " potential"
    },
    {
        "completion": " energy"
    },
    {
        "completion": " to"
    },
    {
        "completion": " kinetic"
    },
    {
        "completion": " energy"
    },
    {
        "completion": "."
    },
    {
        "completion": " He"
    },
    {
        "completion": " explains"
    },
    {
        "completion": " that"
    },
    {
        "completion": " the"
    },
    {
        "completion": " pend"
    },
    {
        "completion": "ulum"
    },
    {
        "completion": "'s"
    },
    {
        "completion": " potential"
    },
    {
        "completion": " energy"
    },
    {
        "completion": " is"
    },
    {
        "completion": " converted"
    },
    {
        "completion": " to"
    },
    {
        "completion": " kinetic"
    },
    {
        "completion": " energy"
    },
    {
        "completion": " as"
    },
    {
        "completion": " it"
    },
    {
        "completion": " swings"
    },
    {
        "completion": ","
    },
    {
        "completion": " and"
    },
    {
        "completion": " that"
    },
    {
        "completion": " the"
    },
    {
        "completion": " energy"
    },
    {
        "completion": " is"
    },
    {
        "completion": " cons"
    },
    {
        "completion": "erved"
    },
    {
        "completion": " throughout"
    },
    {
        "completion": " the"
    },
    {
        "completion": " motion"
    },
    {
        "completion": "."
    },
    {
        "completion": " The"
    },
    {
        "completion": " speaker"
    },
    {
        "completion": " also"
    },
    {
        "completion": " mentions"
    },
    {
        "completion": " that"
    },
    {
        "completion": " he"
    },
    {
        "completion": " is"
    },
    {
        "completion": " willing"
    },
    {
        "completion": " to"
    },
    {
        "completion": " put"
    },
    {
        "completion": " his"
    },
    {
        "completion": " life"
    },
    {
        "completion": " on"
    },
    {
        "completion": " the"
    },
    {
        "completion": " line"
    },
    {
        "completion": " to"
    },
    {
        "completion": " demonstrate"
    },
    {
        "completion": " the"
    },
    {
        "completion": " conservation"
    },
    {
        "completion": " of"
    },
    {
        "completion": " mechanical"
    },
    {
        "completion": " energy"
    },
    {
        "completion": ","
    },
    {
        "completion": " and"
    },
    {
        "completion": " he"
    },
    {
        "completion": " plans"
    },
    {
        "completion": " to"
    },
    {
        "completion": " release"
    },
    {
        "completion": " the"
    },
    {
        "completion": " pend"
    },
    {
        "completion": "ulum"
    },
    {
        "completion": " from"
    },
    {
        "completion": " a"
    },
    {
        "completion": " certain"
    },
    {
        "completion": " height"
    },
    {
        "completion": " to"
    },
    {
        "completion": " show"
    },
    {
        "completion": " that"
    },
    {
        "completion": " it"
    },
    {
        "completion": " will"
    },
    {
        "completion": " not"
    },
    {
        "completion": " be"
    },
    {
        "completion": " able"
    },
    {
        "completion": " to"
    },
    {
        "completion": " reach"
    },
    {
        "completion": " a"
    },
    {
        "completion": " higher"
    },
    {
        "completion": " height"
    },
    {
        "completion": " once"
    },
    {
        "completion": " it"
    },
    {
        "completion": " has"
    },
    {
        "completion": " been"
    },
    {
        "completion": " released"
    },
    {
        "completion": "."
    },
    {
        "completion": ""
    }
]