[
    {
        "completion": "Based"
    },
    {
        "completion": " on"
    },
    {
        "completion": " the"
    },
    {
        "completion": " analysis"
    },
    {
        "completion": ","
    },
    {
        "completion": " here"
    },
    {
        "completion": " is"
    },
    {
        "completion": " a"
    },
    {
        "completion": " summary"
    },
    {
        "completion": " of"
    },
    {
        "completion": " the"
    },
    {
        "completion": " video"
    },
    {
        "completion": ":"
    },
    {
        "completion": " The"
    },
    {
        "completion": " video"
    },
    {
        "completion": " shows"
    },
    {
        "completion": " a"
    },
    {
        "completion": " squirrel"
    },
    {
        "completion": " eating"
    },
    {
        "completion": " something"
    },
    {
        "completion": " from"
    },
    {
        "completion": " its"
    },
    {
        "completion": " hand"
    },
    {
        "completion": " while"
    },
    {
        "completion": " sitting"
    },
    {
        "completion": " on"
    },
    {
        "completion": " a"
    },
    {
        "completion": " table"
    },
    {
        "completion": " with"
    },
    {
        "completion": " a"
    },
    {
        "completion": " green"
    },
    {
        "completion": " background"
    },
    {
        "completion": "."
    },
    {
        "completion": " The"
    },
    {
        "completion": " squirrel"
    },
    {
        "completion": " is"
    },
    {
        "completion": " seen"
    },
    {
        "completion": " in"
    },
    {
        "completion": " different"
    },
    {
        "completion": " poses"
    },
    {
        "completion": ","
    },
    {
        "completion": " including"
    },
    {
        "completion": " with"
    },
    {
        "completion": " its"
    },
    {
        "completion": " mouth"
    },
    {
        "completion": " open"
    },
    {
        "completion": " and"
    },
    {
        "completion": " tail"
    },
    {
        "completion": " in"
    },
    {
        "completion": " the"
    },
    {
        "completion": " air"
    },
    {
        "completion": ","
    },
    {
        "completion": " and"
    },
    {
        "completion": " with"
    },
    {
        "completion": " its"
    },
    {
        "completion": " eyes"
    },
    {
        "completion": " closed"
    },
    {
        "completion": "."
    },
    {
        "completion": " The"
    },
    {
        "completion": " video"
    },
    {
        "completion": " appears"
    },
    {
        "completion": " to"
    },
    {
        "completion": " be"
    },
    {
        "completion": " shot"
    },
    {
        "completion": " in"
    },
    {
        "completion": " a"
    },
    {
        "completion": " natural"
    },
    {
        "completion": " setting"
    },
    {
        "completion": ","
    },
    {
        "completion": " possibly"
    },
    {
        "completion": " in"
    },
    {
        "completion": " the"
    },
    {
        "completion": " woods"
    },
    {
        "completion": " near"
    },
    {
        "completion": " a"
    },
    {
        "completion": " lake"
    },
    {
        "completion": "."
    },
    {
        "completion": ""
    }
]