{
    "metadata": {
        "description": "",
        "duration": 203.33333333333334,
        "title": ""
    }
}