[
    {
        "completion": "Based"
    },
    {
        "completion": " on"
    },
    {
        "completion": " the"
    },
    {
        "completion": " analysis"
    },
    {
        "completion": ","
    },
    {
        "completion": " here"
    },
    {
        "completion": " is"
    },
    {
        "completion": " a"
    },
    {
        "completion": " summary"
    },
    {
        "completion": " of"
    },
    {
        "completion": " the"
    },
    {
        "completion": " video"
    },
    {
        "completion": ":"
    },
    {
        "completion": ""
    }
]