{
    "metadata": {
        "description": "",
        "duration": 10.0,
        "title": "squirrel"
    }
}