[
    {
        "media_id": "dQw4w9WgXcQ",
        "metadata": {
            "description": "The official video for \u201cNever Gonna Give You Up\u201d by Rick Astley. \n\nThe new album 'Are We There Yet?' is out now: Download here: https://RickAstley.lnk.to/AreWeThereYetFA/itunes\n\n\u201cNever Gonna Give You Up\u201d was a global smash on its release in July 1987, topping the charts in 25 countries including Rick\u2019s native UK and the US Billboard Hot 100.  It also won the Brit Award for Best single in 1988. Stock Aitken and Waterman wrote and produced the track which was the lead-off single and lead track from Rick\u2019s debut LP \u201cWhenever You Need Somebody\u201d.  The album was itself a UK number one and would go on to sell over 15 million copies worldwide.\n\nThe legendary video was directed by Simon West \u2013 who later went on to make Hollywood blockbusters such as Con Air, Lara Croft \u2013 Tomb Raider and The Expendables 2.  The video passed the 1bn YouTube views milestone on 28 July 2021.\n\nSubscribe to the official Rick Astley YouTube channel: https://RickAstley.lnk.to/YTSubID\n\nFollow Rick Astley:\nFacebook: https://RickAstley.lnk.to/FBFollowID \nTwitter: https://RickAstley.lnk.to/TwitterID \nInstagram: https://RickAstley.lnk.to/InstagramID \nWebsite: https://RickAstley.lnk.to/storeID \nTikTok: https://RickAstley.lnk.to/TikTokID\n\nListen to Rick Astley:\nSpotify: https://RickAstley.lnk.to/SpotifyID \nApple Music: https://RickAstley.lnk.to/AppleMusicID \nAmazon Music: https://RickAstley.lnk.to/AmazonMusicID \nDeezer: https://RickAstley.lnk.to/DeezerID \n\nLyrics:\nWe\u2019re no strangers to love\nYou know the rules and so do I\nA full commitment\u2019s what I\u2019m thinking of\nYou wouldn\u2019t get this from any other guy\n\nI just wanna tell you how I\u2019m feeling\nGotta make you understand\n\nNever gonna give you up\nNever gonna let you down\nNever gonna run around and desert you\nNever gonna make you cry\nNever gonna say goodbye\nNever gonna tell a lie and hurt you\n\nWe\u2019ve known each other for so long\nYour heart\u2019s been aching but you\u2019re too shy to say it\nInside we both know what\u2019s been going on\nWe know the game and we\u2019re gonna play it\n\nAnd if you ask me how I\u2019m feeling\nDon\u2019t tell me you\u2019re too blind to see\n\nNever gonna give you up\nNever gonna let you down\nNever gonna run around and desert you\nNever gonna make you cry\nNever gonna say goodbye\nNever gonna tell a lie and hurt you\n\n#RickAstley #NeverGonnaGiveYouUp #WheneverYouNeedSomebody #OfficialMusicVideo",
            "title": "Rick Astley - Never Gonna Give You Up (Official Music Video)"
        }
    },
    {
        "info": {
            "language": "en",
            "language_confidence": 0.60302734375
        },
        "segments": [
            {
                "confidence": null,
                "no_speech_confidence": null,
                "text": " I just wanna tell you how I'm feeling Gotta make you understand Never gonna give you up Never gonna let you down Never gonna run around and desert you Never gonna make you cry",
                "time_interval": {
                    "end": 53.607,
                    "start": 35.932
                },
                "words": []
            }
        ],
        "transcription": {
            "text": " I just wanna tell you how I'm feeling Gotta make you understand Never gonna give you up Never gonna let you down Never gonna run around and desert you Never gonna make you cry"
        }
    },
    {
        "info": {
            "language": "en",
            "language_confidence": 0.60302734375
        },
        "segments": [
            {
                "confidence": null,
                "no_speech_confidence": null,
                "text": " Don't tell me you're too blind to see Never gonna give you up Never gonna let you down Never gonna run around and desert you Never gonna make you",
                "time_interval": {
                    "end": 95.006,
                    "start": 82.246
                },
                "words": []
            }
        ],
        "transcription": {
            "text": " Don't tell me you're too blind to see Never gonna give you up Never gonna let you down Never gonna run around and desert you Never gonna make you"
        }
    },
    {
        "info": {
            "language": "en",
            "language_confidence": 0.60302734375
        },
        "segments": [
            {
                "confidence": null,
                "no_speech_confidence": null,
                "text": " You're gonna say goodbye",
                "time_interval": {
                    "end": 114.443,
                    "start": 107.827
                },
                "words": []
            }
        ],
        "transcription": {
            "text": " You're gonna say goodbye"
        }
    },
    {
        "info": {
            "language": "en",
            "language_confidence": 0.60302734375
        },
        "segments": [
            {
                "confidence": null,
                "no_speech_confidence": null,
                "text": " You're too shy to say it It's time we both know what's been",
                "time_interval": {
                    "end": 147.208,
                    "start": 142.263
                },
                "words": []
            }
        ],
        "transcription": {
            "text": " You're too shy to say it It's time we both know what's been"
        }
    },
    {
        "info": {
            "language": "en",
            "language_confidence": 0.60302734375
        },
        "segments": [
            {
                "confidence": null,
                "no_speech_confidence": null,
                "text": " I'm gonna let you down I'm gonna run around and desert you I'm gonna make you cry I'm gonna say",
                "time_interval": {
                    "end": 172.89,
                    "start": 163.731
                },
                "words": []
            }
        ],
        "transcription": {
            "text": " I'm gonna let you down I'm gonna run around and desert you I'm gonna make you cry I'm gonna say"
        }
    },
    {
        "info": {
            "language": "en",
            "language_confidence": 0.60302734375
        },
        "segments": [
            {
                "confidence": null,
                "no_speech_confidence": null,
                "text": " you",
                "time_interval": {
                    "end": 210.143,
                    "start": 207.792
                },
                "words": []
            }
        ],
        "transcription": {
            "text": " you"
        }
    },
    {
        "captions": [
            "a black background with a white background and a black background with a white background and a black background with a white background and a black background with a white background and a black background with a white background and a black background with a white background and a black background with a white background and a black background with a white background and",
            "a man in a suit is singing into a microphone in front of a window with a church in the background. the man is looking down at his face with his eyes closed",
            "a man in a suit is singing into a microphone in front of a window with a tree in the background and a wall behind him with a window in it and a tree in the background",
            "a person is holding a black jacket and a white shirt on their arm in a room with a white wall and a door in the background. the person is wearing a black suit and a striped shirt",
            "a man in a suit is singing into a microphone in front of a window with a stained glass window in the background. the man is wearing a striped shirt and black jacket",
            "a man is smiling and wearing a white jacket and black shirt and tie and black pants and black shoes and black socks and black socks and black shoes and black socks and black shoes and black socks and black shoes and black socks and black shoes and black socks and black shoes and black socks and black shoes and black socks and black",
            "a man in a white coat is standing in front of a brick wall with arches in the background and a man in a black suit is standing next to him",
            "a man in a white coat is standing in front of a brick wall with a brick wall behind him and a brick wall in front of him and a brick wall in front of him"
        ],
        "timestamps": [
            0.0,
            0.07999999821186066,
            0.6800000071525574,
            2.0,
            5.320000171661377,
            7.440000057220459,
            7.960000038146973,
            8.760000228881836
        ]
    },
    {
        "captions": [
            "a blonde woman with a yellow bow in her hair standing in front of a window with a large window in the background and a large white wall behind her. the woman is looking at something",
            "a woman with blonde hair standing in front of a window with a large window behind her and a large window in front of her and a large window in front of her",
            "a man wearing sunglasses standing in front of a chain link fence with a smile on his face and a woman standing next to him with a smile on her face in the background",
            "a man in a blue shirt and sunglasses is walking by a fence in front of a wall and a wall with a fence in the background. He is holding a frisbee",
            "a woman in a white dress and sunglasses is standing in front of a white brick wall with her hand outstretched to the side of her body. the woman is looking at something",
            "a woman with blonde hair standing in front of a white wall with her back to the camera and her head turned to the side. the woman is wearing a blue and white striped dress",
            "a woman with long blonde hair standing in front of a white wall with her hair blowing in the wind - hair stock videos & royalty-free footageI'm not sure if this is a good thing or a bad thing.",
            "a man in a trench coat is standing in front of a brick wall with a brick wall behind him and a brick wall in front of him and a brick wall in front of him"
        ],
        "timestamps": [
            9.4399995803833,
            10.079999923706055,
            11.279999732971191,
            12.039999961853027,
            15.0,
            17.399999618530273,
            18.040000915527344,
            18.239999771118164
        ]
    },
    {
        "captions": [
            "a man in sunglasses and a blue shirt is walking by a fence and a wall with a chain link fence in the background. He is wearing a blue shirt and jeans",
            "a young man wearing sunglasses and a blue shirt standing in front of a fence with a chain link fence behind him and a chain link fence in the background with a chain link fence in the background",
            "a man wearing sunglasses and a blue shirt standing in front of a fence with a chain link fence behind him and a chain link fence in front of him with a chain link fence in front of him",
            "a man in a blue jumpsuit and sunglasses walking by a fence in front of a wall and a tree in the background - 1980s stock videos & royalty-free footage",
            "a young man wearing sunglasses and a blue shirt is standing in front of a fence with a fence in the background and a chain link fence in the foreground with a man in sunglasses standing next to him",
            "the shadow of a person standing on the ground with their hands up in the air and their shadow is on the ground behind them. stock footage & royalty-free footage",
            "a shadow of a person standing on a sidewalk with a skateboard in their hand and a skateboard in the air in front of them. the shadow is of a person standing on the sidewalk",
            "a man in a blue jumpsuit standing next to a fence with his hands up in the air and pointing at something behind him. He is wearing sunglasses and a hat"
        ],
        "timestamps": [
            24.200000762939453,
            24.520000457763672,
            26.600000381469727,
            27.799999237060547,
            28.959999084472656,
            30.440000534057617,
            31.040000915527344,
            32.0
        ]
    },
    {
        "captions": [
            "a man in a white jacket is making a face with his hands outstretched and his mouth open in a smiley face gesture. he is wearing a black shirt and white jacket",
            "a man standing in an alleyway with a brick wall behind him and a blue sky in the background at night time. the man is wearing a white coat and a tie",
            "a man in a white jacket is singing into a microphone in a video clip from the 1980s television show 'the simpsons' [video] [video]",
            "a young man wearing sunglasses and a blue shirt standing in front of a chain link fence with a fence in the background and a fence in the background and a fence in the background",
            "a woman in a dress and sunglasses walking by a brick wall in front of a white building in a scene from the movie 'the man who loved women' - 1980 stock videos & royalty-free footage",
            "a woman in a white dress and sunglasses is standing in front of a brick wall and a white building with a sign that says \"the wall\" on it.",
            "a woman with long blonde hair and sunglasses standing in front of a brick wall and a white wall behind her - 1980s stock videos & royalty-free footage & footage",
            "a man in sunglasses is standing next to a fence in front of a tree and a wall with a fence in the background. He is wearing a blue shirt and jeans"
        ],
        "timestamps": [
            33.20000076293945,
            34.7599983215332,
            36.31999969482422,
            37.720001220703125,
            38.439998626708984,
            38.68000030517578,
            39.599998474121094,
            42.119998931884766
        ]
    },
    {
        "captions": [
            "a large room with tables and chairs in front of a large window with sun shining through it. The room is empty except for the people standing in front of the window",
            "a man in a suit is singing into a microphone in front of a window with a purple background behind him. the man is wearing a black shirt and tie and has a white beard",
            "a man with a microphone in front of a window with a man in a suit and tie looking at the camera with a smile on his face. the man is wearing a black shirt and tie",
            "david bowie - starman - video - stock videos & royalty-free footage | royalty-free stock videos & footage | royalty-free stock videos & footage",
            "a man in a white shirt and tie standing behind a bar with a glass of alcohol in front of him and a bottle of water next to him on the counter",
            "a man in a white shirt and suspenders sitting at a bar with glasses on the table in front of him and a glass in his hand with a red tie",
            "a man in a suit singing into a microphone in front of a window with a stained glass window behind him and a stained glass window in the background behind him and a stained glass window in the background behind him",
            "a woman with blonde hair standing in front of a wall with a blue background and a white background behind her. the woman is wearing a black dress and has her hair blowing in the wind"
        ],
        "timestamps": [
            42.31999969482422,
            43.68000030517578,
            47.84000015258789,
            48.040000915527344,
            51.15999984741211,
            53.439998626708984,
            57.08000183105469,
            59.720001220703125
        ]
    },
    {
        "captions": [
            "a man in a trench coat standing in front of a brick wall with a brick wall behind him and a brick wall in front of him with a brick wall in front of him",
            "a man with his eyes closed singing in front of a brick wall with a brick wall in the background and a brick wall in the background and a brick wall in the background",
            "a man with a white shirt and black jacket standing in front of a brick wall with his mouth open and a smile on his face. he is wearing a white shirt and black jacket",
            "a man in a white jacket standing in front of a brick wall with his mouth open and a white shirt on his back and a black tie on his head and a black jacket on his back",
            "a man in a trench coat standing in front of a brick wall with arches in the background and a light in the middle of the wall. the man is holding a microphone",
            "a man in a trench coat is walking in the street with his hands in his pockets and his head down in the air while wearing a white shirt and black pants",
            "a man in a white jacket is talking into the camera with his mouth open and a blue brick wall behind him. he is wearing a black turtle neck sweater and a white shirt",
            "a man in a white shirt and black jacket standing in front of a brick wall with a brick wall in the background and a brick wall in the background and a brick wall in the background"
        ],
        "timestamps": [
            60.7599983215332,
            62.15999984741211,
            63.15999984741211,
            64.31999969482422,
            66.80000305175781,
            68.04000091552734,
            69.12000274658203,
            70.04000091552734
        ]
    },
    {
        "captions": [
            "three women are standing on chairs in front of a large window with a large table in the background and a large table in the middle of the room with chairs on it",
            "a man in suspenders holding a glass of wine in his hand while standing next to a table with a glass of wine and a bottle of wine next to it",
            "three women stand in front of a large window in a church room with a large table in the middle of the room and chairs on the floor behind them. the sun is shining through the window",
            "david bowie - starman - video stock videos & royalty-free footage - 1 min - david bowie - starman - david bowie - starman",
            "a man in a white shirt is holding a glass of wine in his hand and looking at the camera with a smile on his face. He is standing in front of a bar",
            "a man standing in front of a wall with wine glasses on it and a bottle of wine in the background - wine glasses stock videos & royalty-free footageI'm not sure if this is a good thing or a bad thing.",
            "a man in a suit is singing into a microphone in front of a window with a church in the background and a church bell in the background and a church in the background",
            "a man in a suit is singing into a microphone in front of a window with a church in the background. the man is wearing a white shirt and black jacket"
        ],
        "timestamps": [
            72.5999984741211,
            74.55999755859375,
            76.23999786376953,
            77.23999786376953,
            78.31999969482422,
            79.72000122070312,
            80.23999786376953,
            80.87999725341797
        ]
    },
    {
        "captions": [
            "a man in a white coat standing in front of a brick wall with his hands outstretched and his mouth open in a smiley face gesture. he is wearing a black shirt and black pants",
            "a man in a white coat is standing in front of a brick wall with a brick wall behind him and a brick wall in front of him and a brick wall in front of him",
            "a man in a trench coat standing in front of a brick wall with arches in the background and a light in the background behind him. he is holding a black bag",
            "a man in a white jacket standing in front of a brick wall with a brick wall behind him and a brick wall in front of him and a brick wall in front of him",
            "a man in a white jacket is singing into a microphone in front of a brick wall and a brick wall behind him. he is wearing a black shirt and a white jacket",
            "a group of people standing in front of chairs in a large room with windows and a large window in the middle of the room. The chairs are on the floor",
            "a man singing into a microphone while wearing a suit and tie and a white shirt and tie and a white shirt and tie and a white shirt and tie and a white shirt and tie",
            "a man singing into a microphone in front of a window with a white background behind him and a white background in front of him with a white background in front of him"
        ],
        "timestamps": [
            82.4000015258789,
            84.55999755859375,
            86.08000183105469,
            86.16000366210938,
            88.08000183105469,
            90.08000183105469,
            91.4800033569336,
            92.44000244140625
        ]
    },
    {
        "captions": [
            "a man and woman dancing in front of a large window with chairs and tables in the background - dance video stock videos and b-roll footageI'm not sure if this is a good thing or a bad thing.",
            "a man is standing behind a bar with a glass in his hand and a clock on the wall behind him in the background. the man is wearing a white shirt and a tie",
            "two people are standing on stage in front of tables and chairs with windows in the background and a large window in the middle of the room with a large table in the middle",
            "a man in a suit is singing into a microphone in front of a large window with people in the background watching him perform on stage. he is wearing a striped shirt and black tie",
            "a man singing into a microphone with his eyes closed and his mouth open wide open in the air, with his mouth open wide open and his eyes closed, with his mouth open wide open and his eyes closed",
            "a man in a striped shirt and jacket singing into a microphone in front of a window with a stained glass window behind him. the man is smiling and holding his hands up",
            "a man in a white shirt and suspenders standing behind a bar with a bottle of wine in his hand and a glass in front of him with a red tie",
            "a man is standing behind a bar with a glass in his hand and a bottle of water next to him on the countertop. He is pouring the water into the glass"
        ],
        "timestamps": [
            93.08000183105469,
            93.95999908447266,
            95.72000122070312,
            96.55999755859375,
            98.87999725341797,
            100.08000183105469,
            101.4000015258789,
            102.68000030517578
        ]
    },
    {
        "captions": [
            "a man with red hair singing into a microphone in front of a window with a large window in the background and a large building in the background behind him. the man is smiling",
            "a shadow of a person standing on a sidewalk with their arms outstretched and their shadow is on the ground next to them. the shadow is on the ground next to them",
            "a man with a white shirt and a blue tie is standing in front of a brick wall with a brick wall in the background and a brick wall in the background",
            "a woman wearing sunglasses stands in front of a white wall with a brick wall in the background and a white building in the background - woman in sunglasses stock videos & royalty-free footage",
            "a man wearing sunglasses standing in front of a white wall with a white brick wall in the background and a white car in the background - 1990 stock videos & royalty-free footage",
            "a woman with blonde hair standing in front of a white wall with her hand up in the air and a white handkerchief in her hand - handkerchief stock videos & royalty-free footage",
            "a man's feet in black shoes standing on a sidewalk with a shadow of his leg on the ground in the background - man's feet stock videos & royalty-free footage",
            "a man in a white t - shirt and jeans is standing in front of a brick wall with his hands in his pockets and his head tilted to the side."
        ],
        "timestamps": [
            105.68000030517578,
            110.27999877929688,
            112.76000213623047,
            114.76000213623047,
            116.63999938964844,
            118.19999694824219,
            118.83999633789062,
            119.83999633789062
        ]
    },
    {
        "captions": [
            "a man in blue jeans and a white shirt is walking by a fence in front of a wall and a fence in the background. He is wearing a blue shirt",
            "david bowie - david bowie - david bowie - david bowie - david bowie - david bowie - david bowie - david bowie - david bowie - david bowie - david bowie - david bowie - david bowie - david bowie - david bowie - david bowie",
            "a man walking under an arched tunnel at night with a light shining on him from above him and a light shining on the ground below him from below him, and a light shining on the ground from above him",
            "a man in shorts is jumping over a fence in front of a wall and a fence in the background. He is wearing a white shirt and black shorts. He is jumping over the fence",
            "a young man wearing sunglasses and a blue shirt standing in front of a chain link fence with a fence in the background and a chain link fence in the background and a fence in the background",
            "a shadow of a person standing on a concrete floor with their hand in the air and their shadow on the ground behind them. the shadow is long and the person is standing",
            "a shadow of a person standing on a sidewalk with their shadow on the ground in the background - man shadow stock videos & royalty-free footageI'm not sure if this is a good thing or a bad thing.",
            "a shadow of a person holding a cell phone in the air and a shadow of the person's shadow on the ground next to it. stock footage and b-roll video"
        ],
        "timestamps": [
            120.72000122070312,
            121.72000122070312,
            123.08000183105469,
            128.36000061035156,
            128.44000244140625,
            130.1999969482422,
            132.1999969482422,
            134.27999877929688
        ]
    },
    {
        "captions": [
            "a shadow of a person holding a cell phone up to their ear in the air, with the shadow of their hand on the ground behind them, and the shadow of their head in the air",
            "a man standing in front of a large window with a woman and two girls standing behind him on a stage in front of him. The man is wearing a black suit and white shirt",
            "a man in a striped shirt and jacket singing into a microphone in front of a window with a stained glass window in the background.com/images/thumb/f/f8/thumb_f8_thumb_f8_thumb_f8_thumb_f8_thumb",
            "a man in a white jacket singing into a microphone while standing in front of a brick wall and a brick wall behind him. the man is wearing a black shirt and white jacket",
            "a man in a white coat standing in front of a brick wall with his arms outstretched and his hands in the air. he is wearing a black shirt and black pants",
            "a woman in a black leotard doing a handstand in front of a brick wall at night time in a dark room with a light shining through the arch",
            "a woman is walking through an archway in a dark room at night time with a light shining on her face and a light shining on the wall behind her.",
            "a man in a white jacket is singing into a microphone in front of a brick wall and a brick wall behind him. he is wearing a black turtle neck sweater"
        ],
        "timestamps": [
            135.1999969482422,
            140.1999969482422,
            141.16000366210938,
            144.0,
            144.8000030517578,
            145.55999755859375,
            147.0,
            147.1199951171875
        ]
    },
    {
        "captions": [
            "david bowie - starman - video - product placement - product placement - product placement - product placement - product placement - product placement - product placement - product placement - product placement - product placement - product placement - product placement - product placement - product placement - product placement - product placement - product placement - product placement -",
            "a man in a trench coat is standing in an alleyway with a brick wall behind him and a brick wall in front of him with a brick wall in the background",
            "a man with a white jacket and a blue shirt is singing into a microphone in a video clip from the 1980s television show, 'the simpsons' - stock footage, video, and video stock",
            "a man with his mouth open singing in front of a brick wall and a brick wall in the background. the video is from the movie 'the big lebowski'",
            "a man in a white coat is standing in front of a brick wall with a brick wall behind him and a brick wall in front of him and a brick wall in front of him",
            "a man in a trench coat standing in front of a brick wall with a woman in a white coat standing next to him in the background. the woman is holding a microphone",
            "a man standing in front of a brick wall with his shadow on it's backside and a shadow of a woman standing behind him in the background. the shadow is of a woman",
            "a man in a white shirt is jumping in the air in front of a brick wall with arches in it. the man is wearing a black shirt and black pants"
        ],
        "timestamps": [
            150.67999267578125,
            153.24000549316406,
            154.55999755859375,
            158.8000030517578,
            159.60000610351562,
            159.9199981689453,
            161.36000061035156,
            165.72000122070312
        ]
    },
    {
        "captions": [
            "a man is doing a flip in an old building with arches in it. the man is upside down and doing a flip in the air. the man is upside down and doing a flip in the air",
            "a man in white shirt doing a handstand in front of a brick wall and a blue wall behind him. the man is doing a handstand and stretching his arms out",
            "a woman in a white top is smiling and looking at something behind her back in a scene from the movie 'the last dance' - the last dance movie stock videos and b-roll",
            "david bowie - starman - david bowie - david bowie - david bowie - david bowie - david bowie - david bowie - david bowie - david bowie - david bowie - david bowie - david bowie - david bowie - david bowie - david bowie -",
            "a woman with blonde hair and blue eyes is looking at the camera in a scene from the movie 'the last movie' in the 80s.jpg, image size 640x480",
            "a woman with a white headband sitting in front of a brick wall with a white background and a white background behind her headband and a white background behind her",
            "a man is dancing in the street with his arms outstretched and his back to the camera, while a woman is walking by him with her arms outstretched and her back to the camera",
            "a man in white shirt and pants is dancing in an alleyway with a brick wall behind him and a brick wall in front of him. the man is wearing white pants and white shoes"
        ],
        "timestamps": [
            166.9199981689453,
            171.67999267578125,
            172.44000244140625,
            173.1999969482422,
            174.67999267578125,
            175.24000549316406,
            175.32000732421875,
            176.52000427246094
        ]
    },
    {
        "captions": [
            "a man is dancing in front of a brick wall in a video game scene from the game \"the last of us\" - the last of us stock videos & royalty-free footage",
            "david bowie - the man who sold the world - david bowie stock videos & royalty-free footage - 1980 stock videos & royalty-free footage https://www.youtube.com/watch?v=J9jxr7l3_xo",
            "a man and woman are dancing on a stage in front of a large window with smoke coming out of it. one of the dancers is wearing a black dress and the other is wearing a white dress",
            "david bowie - starman - david bowie - david bowie - david bowie - david bowie - david bowie - david bowie - david bowie - david bowie - david bowie - david bowie - david bowie - david bowie - david bowie - david bowie -",
            "a man in a white shirt is standing next to a bar with a glass of wine in his hand and a red candle in the middle of the room. He is leaning over the bar",
            "three women in black outfits are dancing on a stage in front of a large window with a large window in the background and a large building in the background with a large window in the background",
            "a man in a striped shirt singing into a microphone in front of a window with a large window behind him and a large window in the background behind him and a large window in the background behind him",
            "a man in a trench coat standing in an alleyway with a woman standing next to him in the background with a sign that says \"the man in the trench coat\""
        ],
        "timestamps": [
            178.47999572753906,
            178.8800048828125,
            180.63999938964844,
            182.55999755859375,
            182.67999267578125,
            183.9600067138672,
            186.67999267578125,
            189.55999755859375
        ]
    },
    {
        "captions": [
            "a man in a striped shirt singing into a microphone in front of a church window with a stained glass window behind him and a stained glass window in the background behind him",
            "a man in a suit is singing into a microphone in front of a window with a large window behind him and a large building in the background. the man is looking down at something",
            "a man in a white coat is standing in front of a brick wall with his hands outstretched and a woman is walking by him in a black dress and white coat",
            "a man singing into a microphone in front of a window with a white background and a man in a suit and tie singing into the microphone with his eyes closed and his mouth open",
            "a man in a white jacket and black shirt is standing in front of a brick wall with his arms outstretched and his mouth open wide. he is wearing a white shirt and black pants",
            "a man in a white shirt and black turtle neck is looking at the camera with a smile on his face. he is wearing a black tie and white shirt.",
            "a man with a white shirt and black tie standing in front of a brick wall with a blue wall behind him and a blue sky in the background. he is smiling"
        ],
        "timestamps": [
            190.75999450683594,
            195.16000366210938,
            195.24000549316406,
            197.16000366210938,
            200.63999938964844,
            203.1999969482422,
            205.75999450683594
        ]
    },
    {
        "caption_ids": [
            1,
            2,
            3,
            4,
            5,
            6,
            7,
            8,
            9,
            10,
            11,
            12,
            13,
            14,
            15,
            16,
            17,
            18,
            19,
            20,
            21,
            22,
            23,
            24,
            25,
            26,
            27,
            28,
            29,
            30,
            31,
            32,
            33,
            34,
            35,
            36,
            37,
            38,
            39,
            40,
            41,
            42,
            43,
            44,
            45,
            46,
            47,
            48,
            49,
            50,
            51,
            52,
            53,
            54,
            55,
            56,
            57,
            58,
            59,
            60,
            61,
            62,
            63,
            64,
            65,
            66,
            67,
            68,
            69,
            70,
            71,
            72,
            73,
            74,
            75,
            76,
            77,
            78,
            79,
            80,
            81,
            82,
            83,
            84,
            85,
            86,
            87,
            88,
            89,
            90,
            91,
            92,
            93,
            94,
            95,
            96,
            97,
            98,
            99,
            100,
            101,
            102,
            103,
            104,
            105,
            106,
            107,
            108,
            109,
            110,
            111,
            112,
            113,
            114,
            115,
            116,
            117,
            118,
            119,
            120,
            121,
            122,
            123,
            124,
            125,
            126,
            127
        ],
        "transcription_id": 1
    }
]