{
    "metadata": {
        "description": "",
        "duration": 203.0,
        "title": ""
    }
}