{
    "segments": [
        {
            "text": " Hello. Hello.",
            "time_interval": {
                "start": 6.38,
                "end": 7.84
            },
            "confidence": 0.8329984157521475,
            "no_speech_confidence": 0.012033582665026188,
            "words": [
                {
                    "word": " Hello.",
                    "speaker": "SPEAKER_01",
                    "time_interval": {
                        "start": 6.38,
                        "end": 7.0
                    },
                    "alignment_confidence": 0.6853185296058655
                },
                {
                    "word": " Hello.",
                    "speaker": "SPEAKER_01",
                    "time_interval": {
                        "start": 7.5,
                        "end": 7.84
                    },
                    "alignment_confidence": 0.7124693989753723
                }
            ],
            "speaker": "SPEAKER_01"
        },
        {
            "text": " Oh, hello. I didn't know you were there.",
            "time_interval": {
                "start": 8.3,
                "end": 9.68
            },
            "confidence": 0.8329984157521475,
            "no_speech_confidence": 0.012033582665026188,
            "words": [
                {
                    "word": " Oh,",
                    "speaker": "SPEAKER_02",
                    "time_interval": {
                        "start": 8.3,
                        "end": 8.48
                    },
                    "alignment_confidence": 0.8500092029571533
                },
                {
                    "word": " hello.",
                    "speaker": "SPEAKER_02",
                    "time_interval": {
                        "start": 8.5,
                        "end": 8.76
                    },
                    "alignment_confidence": 0.9408962726593018
                },
                {
                    "word": " I",
                    "speaker": "SPEAKER_02",
                    "time_interval": {
                        "start": 8.92,
                        "end": 8.94
                    },
                    "alignment_confidence": 0.9970371723175049
                },
                {
                    "word": " didn't",
                    "speaker": "SPEAKER_02",
                    "time_interval": {
                        "start": 8.94,
                        "end": 9.14
                    },
                    "alignment_confidence": 0.9951577484607697
                },
                {
                    "word": " know",
                    "speaker": "SPEAKER_02",
                    "time_interval": {
                        "start": 9.14,
                        "end": 9.28
                    },
                    "alignment_confidence": 0.9988951086997986
                },
                {
                    "word": " you",
                    "speaker": "SPEAKER_02",
                    "time_interval": {
                        "start": 9.28,
                        "end": 9.4
                    },
                    "alignment_confidence": 0.9883798360824585
                },
                {
                    "word": " were",
                    "speaker": "SPEAKER_02",
                    "time_interval": {
                        "start": 9.4,
                        "end": 9.5
                    },
                    "alignment_confidence": 0.9613558053970337
                },
                {
                    "word": " there.",
                    "speaker": "SPEAKER_02",
                    "time_interval": {
                        "start": 9.5,
                        "end": 9.68
                    },
                    "alignment_confidence": 0.9957772493362427
                }
            ],
            "speaker": "SPEAKER_02"
        },
        {
            "text": " Neither did I.",
            "time_interval": {
                "start": 9.98,
                "end": 10.64
            },
            "confidence": 0.8329984157521475,
            "no_speech_confidence": 0.012033582665026188,
            "words": [
                {
                    "word": " Neither",
                    "speaker": "SPEAKER_01",
                    "time_interval": {
                        "start": 9.98,
                        "end": 10.22
                    },
                    "alignment_confidence": 0.7853943109512329
                },
                {
                    "word": " did",
                    "speaker": "SPEAKER_01",
                    "time_interval": {
                        "start": 10.22,
                        "end": 10.56
                    },
                    "alignment_confidence": 0.991905689239502
                },
                {
                    "word": " I.",
                    "speaker": "SPEAKER_01",
                    "time_interval": {
                        "start": 10.56,
                        "end": 10.64
                    },
                    "alignment_confidence": 0.9961293935775757
                }
            ],
            "speaker": "SPEAKER_01"
        },
        {
            "text": " Okay, I thought, you know, I heard it deep. This is Diane in New Jersey.",
            "time_interval": {
                "start": 10.64,
                "end": 13.94
            },
            "confidence": 0.8329984157521475,
            "no_speech_confidence": 0.012033582665026188,
            "words": [
                {
                    "word": " Okay,",
                    "speaker": "SPEAKER_02",
                    "time_interval": {
                        "start": 10.64,
                        "end": 11.0
                    },
                    "alignment_confidence": 0.5810848474502563
                },
                {
                    "word": " I",
                    "speaker": "SPEAKER_02",
                    "time_interval": {
                        "start": 11.1,
                        "end": 11.3
                    },
                    "alignment_confidence": 0.8348276615142822
                },
                {
                    "word": " thought,",
                    "speaker": "SPEAKER_02",
                    "time_interval": {
                        "start": 11.3,
                        "end": 11.52
                    },
                    "alignment_confidence": 0.8927552700042725
                },
                {
                    "word": " you",
                    "speaker": "SPEAKER_02",
                    "time_interval": {
                        "start": 11.7,
                        "end": 11.82
                    },
                    "alignment_confidence": 0.9182931780815125
                },
                {
                    "word": " know,",
                    "speaker": "SPEAKER_02",
                    "time_interval": {
                        "start": 11.82,
                        "end": 11.9
                    },
                    "alignment_confidence": 0.9988963603973389
                },
                {
                    "word": " I",
                    "speaker": "SPEAKER_02",
                    "time_interval": {
                        "start": 11.96,
                        "end": 11.98
                    },
                    "alignment_confidence": 0.9913604855537415
                },
                {
                    "word": " heard",
                    "speaker": "SPEAKER_02",
                    "time_interval": {
                        "start": 11.98,
                        "end": 12.12
                    },
                    "alignment_confidence": 0.992224931716919
                },
                {
                    "word": " it",
                    "speaker": "SPEAKER_02",
                    "time_interval": {
                        "start": 12.12,
                        "end": 12.22
                    },
                    "alignment_confidence": 0.41407883167266846
                },
                {
                    "word": " deep.",
                    "speaker": "SPEAKER_02",
                    "time_interval": {
                        "start": 12.22,
                        "end": 12.38
                    },
                    "alignment_confidence": 0.7947677969932556
                },
                {
                    "word": " This",
                    "speaker": "SPEAKER_02",
                    "time_interval": {
                        "start": 12.56,
                        "end": 12.66
                    },
                    "alignment_confidence": 0.9929931163787842
                },
                {
                    "word": " is",
                    "speaker": "SPEAKER_02",
                    "time_interval": {
                        "start": 12.66,
                        "end": 12.82
                    },
                    "alignment_confidence": 0.9977980852127075
                },
                {
                    "word": " Diane",
                    "speaker": "SPEAKER_02",
                    "time_interval": {
                        "start": 12.82,
                        "end": 13.12
                    },
                    "alignment_confidence": 0.884567379951477
                },
                {
                    "word": " in",
                    "speaker": "SPEAKER_02",
                    "time_interval": {
                        "start": 13.12,
                        "end": 13.4
                    },
                    "alignment_confidence": 0.9688433408737183
                },
                {
                    "word": " New",
                    "speaker": "SPEAKER_02",
                    "time_interval": {
                        "start": 13.4,
                        "end": 13.54
                    },
                    "alignment_confidence": 0.9953000545501709
                },
                {
                    "word": " Jersey.",
                    "speaker": "SPEAKER_02",
                    "time_interval": {
                        "start": 13.54,
                        "end": 13.94
                    },
                    "alignment_confidence": 0.9994387030601501
                }
            ],
            "speaker": "SPEAKER_02"
        },
        {
            "text": " And I'm Sheila in Texas, originally from Chicago.",
            "time_interval": {
                "start": 14.36,
                "end": 17.42
            },
            "confidence": 0.8329984157521475,
            "no_speech_confidence": 0.012033582665026188,
            "words": [
                {
                    "word": " And",
                    "speaker": "SPEAKER_00",
                    "time_interval": {
                        "start": 14.36,
                        "end": 14.52
                    },
                    "alignment_confidence": 0.9156690239906311
                },
                {
                    "word": " I'm",
                    "speaker": "SPEAKER_00",
                    "time_interval": {
                        "start": 14.52,
                        "end": 14.72
                    },
                    "alignment_confidence": 0.9674701690673828
                },
                {
                    "word": " Sheila",
                    "speaker": "SPEAKER_00",
                    "time_interval": {
                        "start": 14.72,
                        "end": 15.06
                    },
                    "alignment_confidence": 0.967194139957428
                },
                {
                    "word": " in",
                    "speaker": "SPEAKER_00",
                    "time_interval": {
                        "start": 15.06,
                        "end": 15.5
                    },
                    "alignment_confidence": 0.9479336738586426
                },
                {
                    "word": " Texas,",
                    "speaker": "SPEAKER_00",
                    "time_interval": {
                        "start": 15.5,
                        "end": 15.98
                    },
                    "alignment_confidence": 0.9921407699584961
                },
                {
                    "word": " originally",
                    "speaker": "SPEAKER_00",
                    "time_interval": {
                        "start": 16.16,
                        "end": 16.7
                    },
                    "alignment_confidence": 0.998430073261261
                },
                {
                    "word": " from",
                    "speaker": "SPEAKER_00",
                    "time_interval": {
                        "start": 16.7,
                        "end": 17.08
                    },
                    "alignment_confidence": 0.9941904544830322
                },
                {
                    "word": " Chicago.",
                    "speaker": "SPEAKER_00",
                    "time_interval": {
                        "start": 17.08,
                        "end": 17.42
                    },
                    "alignment_confidence": 0.9997063279151917
                }
            ],
            "speaker": "SPEAKER_00"
        },
        {
            "text": " Oh, I'm originally from Chicago also. I'm in New Jersey now, though.",
            "time_interval": {
                "start": 18.04,
                "end": 21.34
            },
            "confidence": 0.8329984157521475,
            "no_speech_confidence": 0.012033582665026188,
            "words": [
                {
                    "word": " Oh,",
                    "speaker": "SPEAKER_02",
                    "time_interval": {
                        "start": 18.04,
                        "end": 18.36
                    },
                    "alignment_confidence": 0.8741865754127502
                },
                {
                    "word": " I'm",
                    "speaker": "SPEAKER_02",
                    "time_interval": {
                        "start": 18.4,
                        "end": 18.62
                    },
                    "alignment_confidence": 0.9828968346118927
                },
                {
                    "word": " originally",
                    "speaker": "SPEAKER_02",
                    "time_interval": {
                        "start": 18.62,
                        "end": 18.86
                    },
                    "alignment_confidence": 0.9990705847740173
                },
                {
                    "word": " from",
                    "speaker": "SPEAKER_02",
                    "time_interval": {
                        "start": 18.86,
                        "end": 19.16
                    },
                    "alignment_confidence": 0.9991160035133362
                },
                {
                    "word": " Chicago",
                    "speaker": "SPEAKER_02",
                    "time_interval": {
                        "start": 19.16,
                        "end": 19.56
                    },
                    "alignment_confidence": 0.9996306896209717
                },
                {
                    "word": " also.",
                    "speaker": "SPEAKER_02",
                    "time_interval": {
                        "start": 19.56,
                        "end": 19.98
                    },
                    "alignment_confidence": 0.8224349021911621
                },
                {
                    "word": " I'm",
                    "speaker": "SPEAKER_02",
                    "time_interval": {
                        "start": 20.18,
                        "end": 20.24
                    },
                    "alignment_confidence": 0.9975096881389618
                },
                {
                    "word": " in",
                    "speaker": "SPEAKER_02",
                    "time_interval": {
                        "start": 20.24,
                        "end": 20.34
                    },
                    "alignment_confidence": 0.9985995888710022
                },
                {
                    "word": " New",
                    "speaker": "SPEAKER_02",
                    "time_interval": {
                        "start": 20.34,
                        "end": 20.46
                    },
                    "alignment_confidence": 0.9962742328643799
                },
                {
                    "word": " Jersey",
                    "speaker": "SPEAKER_02",
                    "time_interval": {
                        "start": 20.46,
                        "end": 20.76
                    },
                    "alignment_confidence": 0.99826979637146
                },
                {
                    "word": " now,",
                    "speaker": "SPEAKER_02",
                    "time_interval": {
                        "start": 20.76,
                        "end": 21.14
                    },
                    "alignment_confidence": 0.9930222630500793
                },
                {
                    "word": " though.",
                    "speaker": "SPEAKER_02",
                    "time_interval": {
                        "start": 21.22,
                        "end": 21.34
                    },
                    "alignment_confidence": 0.9972519278526306
                }
            ],
            "speaker": "SPEAKER_02"
        },
        {
            "text": " Well, there is not much difference. At least, you know, they all call me a Yankee down here, so what can I say?",
            "time_interval": {
                "start": 21.74,
                "end": 28.32
            },
            "confidence": 0.8329984157521475,
            "no_speech_confidence": 0.012033582665026188,
            "words": [
                {
                    "word": " Well,",
                    "speaker": "SPEAKER_00",
                    "time_interval": {
                        "start": 21.74,
                        "end": 22.14
                    },
                    "alignment_confidence": 0.9893079400062561
                },
                {
                    "word": " there",
                    "speaker": "SPEAKER_00",
                    "time_interval": {
                        "start": 22.26,
                        "end": 22.54
                    },
                    "alignment_confidence": 0.9968032836914062
                },
                {
                    "word": " is",
                    "speaker": "SPEAKER_00",
                    "time_interval": {
                        "start": 22.54,
                        "end": 22.7
                    },
                    "alignment_confidence": 0.45982280373573303
                },
                {
                    "word": " not",
                    "speaker": "SPEAKER_00",
                    "time_interval": {
                        "start": 22.7,
                        "end": 22.86
                    },
                    "alignment_confidence": 0.9138479828834534
                },
                {
                    "word": " much",
                    "speaker": "SPEAKER_00",
                    "time_interval": {
                        "start": 22.86,
                        "end": 23.24
                    },
                    "alignment_confidence": 0.9922243356704712
                },
                {
                    "word": " difference.",
                    "speaker": "SPEAKER_00",
                    "time_interval": {
                        "start": 23.24,
                        "end": 23.76
                    },
                    "alignment_confidence": 0.9899066090583801
                },
                {
                    "word": " At",
                    "speaker": "SPEAKER_00",
                    "time_interval": {
                        "start": 24.06,
                        "end": 24.1
                    },
                    "alignment_confidence": 0.9863474369049072
                },
                {
                    "word": " least,",
                    "speaker": "SPEAKER_00",
                    "time_interval": {
                        "start": 24.1,
                        "end": 24.36
                    },
                    "alignment_confidence": 0.9989750385284424
                },
                {
                    "word": " you",
                    "speaker": "SPEAKER_00",
                    "time_interval": {
                        "start": 24.56,
                        "end": 25.02
                    },
                    "alignment_confidence": 0.9212563037872314
                },
                {
                    "word": " know,",
                    "speaker": "SPEAKER_00",
                    "time_interval": {
                        "start": 25.02,
                        "end": 25.18
                    },
                    "alignment_confidence": 0.9995958209037781
                },
                {
                    "word": " they",
                    "speaker": "SPEAKER_00",
                    "time_interval": {
                        "start": 25.26,
                        "end": 25.36
                    },
                    "alignment_confidence": 0.9974746108055115
                },
                {
                    "word": " all",
                    "speaker": "SPEAKER_00",
                    "time_interval": {
                        "start": 25.36,
                        "end": 25.54
                    },
                    "alignment_confidence": 0.9924041628837585
                },
                {
                    "word": " call",
                    "speaker": "SPEAKER_00",
                    "time_interval": {
                        "start": 25.54,
                        "end": 25.82
                    },
                    "alignment_confidence": 0.9877074360847473
                },
                {
                    "word": " me",
                    "speaker": "SPEAKER_00",
                    "time_interval": {
                        "start": 25.82,
                        "end": 26.08
                    },
                    "alignment_confidence": 0.9994006156921387
                },
                {
                    "word": " a",
                    "speaker": "SPEAKER_00",
                    "time_interval": {
                        "start": 26.08,
                        "end": 26.26
                    },
                    "alignment_confidence": 0.9883056879043579
                },
                {
                    "word": " Yankee",
                    "speaker": "SPEAKER_00",
                    "time_interval": {
                        "start": 26.26,
                        "end": 26.7
                    },
                    "alignment_confidence": 0.9602178335189819
                },
                {
                    "word": " down",
                    "speaker": "SPEAKER_00",
                    "time_interval": {
                        "start": 26.7,
                        "end": 27.02
                    },
                    "alignment_confidence": 0.9819284677505493
                },
                {
                    "word": " here,",
                    "speaker": "SPEAKER_00",
                    "time_interval": {
                        "start": 27.02,
                        "end": 27.28
                    },
                    "alignment_confidence": 0.9983890056610107
                },
                {
                    "word": " so",
                    "speaker": "SPEAKER_00",
                    "time_interval": {
                        "start": 27.5,
                        "end": 27.58
                    },
                    "alignment_confidence": 0.9930232763290405
                },
                {
                    "word": " what",
                    "speaker": "SPEAKER_00",
                    "time_interval": {
                        "start": 27.58,
                        "end": 27.82
                    },
                    "alignment_confidence": 0.7675526142120361
                },
                {
                    "word": " can",
                    "speaker": "SPEAKER_00",
                    "time_interval": {
                        "start": 27.82,
                        "end": 28.0
                    },
                    "alignment_confidence": 0.41074037551879883
                },
                {
                    "word": " I",
                    "speaker": "SPEAKER_00",
                    "time_interval": {
                        "start": 28.0,
                        "end": 28.22
                    },
                    "alignment_confidence": 0.9712743163108826
                },
                {
                    "word": " say?",
                    "speaker": "SPEAKER_00",
                    "time_interval": {
                        "start": 28.22,
                        "end": 28.32
                    },
                    "alignment_confidence": 0.9959589838981628
                }
            ],
            "speaker": "SPEAKER_00"
        },
        {
            "text": " Oh, I don't hear that in New Jersey now.",
            "time_interval": {
                "start": 28.38,
                "end": 29.82
            },
            "confidence": 0.8329984157521475,
            "no_speech_confidence": 0.012033582665026188,
            "words": [
                {
                    "word": " Oh,",
                    "speaker": "SPEAKER_02",
                    "time_interval": {
                        "start": 28.38,
                        "end": 28.4
                    },
                    "alignment_confidence": 0.8733147978782654
                },
                {
                    "word": " I",
                    "speaker": "SPEAKER_02",
                    "time_interval": {
                        "start": 28.44,
                        "end": 28.54
                    },
                    "alignment_confidence": 0.9966418743133545
                },
                {
                    "word": " don't",
                    "speaker": "SPEAKER_02",
                    "time_interval": {
                        "start": 28.54,
                        "end": 28.72
                    },
                    "alignment_confidence": 0.9991713762283325
                },
                {
                    "word": " hear",
                    "speaker": "SPEAKER_02",
                    "time_interval": {
                        "start": 28.72,
                        "end": 28.86
                    },
                    "alignment_confidence": 0.9954941272735596
                },
                {
                    "word": " that",
                    "speaker": "SPEAKER_02",
                    "time_interval": {
                        "start": 28.86,
                        "end": 29.06
                    },
                    "alignment_confidence": 0.9986012578010559
                },
                {
                    "word": " in",
                    "speaker": "SPEAKER_02",
                    "time_interval": {
                        "start": 29.06,
                        "end": 29.16
                    },
                    "alignment_confidence": 0.6615467071533203
                },
                {
                    "word": " New",
                    "speaker": "SPEAKER_02",
                    "time_interval": {
                        "start": 29.16,
                        "end": 29.26
                    },
                    "alignment_confidence": 0.9980757236480713
                },
                {
                    "word": " Jersey",
                    "speaker": "SPEAKER_02",
                    "time_interval": {
                        "start": 29.26,
                        "end": 29.58
                    },
                    "alignment_confidence": 0.9985470175743103
                },
                {
                    "word": " now.",
                    "speaker": "SPEAKER_02",
                    "time_interval": {
                        "start": 29.58,
                        "end": 29.82
                    },
                    "alignment_confidence": 0.9120670557022095
                }
            ],
            "speaker": "SPEAKER_02"
        }
    ],
    "transcription_info": {
        "language": "en",
        "language_confidence": 0.9959872364997864
    },
    "transcription": {
        "text": " Hello. Hello. Oh, hello. I didn't know you were there. Neither did I. Okay, I thought, you know, I heard it deep. This is Diane in New Jersey. And I'm Sheila in Texas, originally from Chicago. Oh, I'm originally from Chicago also. I'm in New Jersey now, though. Well, there is not much difference. At least, you know, they all call me a Yankee down here, so what can I say? Oh, I don't hear that in New Jersey now."
    }
}