{
    "segments": [],
    "transcription": {
        "text": ""
    },
    "transcription_info": {
        "language": "silence",
        "language_confidence": 1.0
    }
}