[
    {
        "info": {
            "language": "en",
            "language_confidence": 0.97216796875
        },
        "segments": [
            {
                "confidence": 0.9151541181286792,
                "no_speech_confidence": 0.01265716552734375,
                "text": " Now I want to return to the conservation of mechanical energy.",
                "time_interval": {
                    "end": 6.0,
                    "start": 0.0
                },
                "words": null
            }
        ],
        "transcription": {
            "text": " Now I want to return to the conservation of mechanical energy."
        }
    },
    {
        "info": {
            "language": "en",
            "language_confidence": 0.97216796875
        },
        "segments": [
            {
                "confidence": 0.9151541181286792,
                "no_speech_confidence": 0.01265716552734375,
                "text": " I have here a pendulum.",
                "time_interval": {
                    "end": 10.0,
                    "start": 6.0
                },
                "words": null
            }
        ],
        "transcription": {
            "text": " I have here a pendulum."
        }
    },
    {
        "info": {
            "language": "en",
            "language_confidence": 0.97216796875
        },
        "segments": [
            {
                "confidence": 0.9151541181286792,
                "no_speech_confidence": 0.01265716552734375,
                "text": " I have an object that weighs 15 kilograms",
                "time_interval": {
                    "end": 14.0,
                    "start": 10.0
                },
                "words": null
            }
        ],
        "transcription": {
            "text": " I have an object that weighs 15 kilograms"
        }
    },
    {
        "info": {
            "language": "en",
            "language_confidence": 0.97216796875
        },
        "segments": [
            {
                "confidence": 0.9151541181286792,
                "no_speech_confidence": 0.01265716552734375,
                "text": " and I can lift it up one meter, which I have done now.",
                "time_interval": {
                    "end": 18.0,
                    "start": 14.0
                },
                "words": null
            }
        ],
        "transcription": {
            "text": " and I can lift it up one meter, which I have done now."
        }
    },
    {
        "info": {
            "language": "en",
            "language_confidence": 0.97216796875
        },
        "segments": [
            {
                "confidence": 0.9151541181286792,
                "no_speech_confidence": 0.01265716552734375,
                "text": " That means I've done work. MGH is the work I have done,",
                "time_interval": {
                    "end": 22.0,
                    "start": 18.0
                },
                "words": null
            }
        ],
        "transcription": {
            "text": " That means I've done work. MGH is the work I have done,"
        }
    },
    {
        "info": {
            "language": "en",
            "language_confidence": 0.97216796875
        },
        "segments": [
            {
                "confidence": 0.9151541181286792,
                "no_speech_confidence": 0.01265716552734375,
                "text": " believe me.",
                "time_interval": {
                    "end": 24.0,
                    "start": 22.0
                },
                "words": null
            }
        ],
        "transcription": {
            "text": " believe me."
        }
    },
    {
        "info": {
            "language": "en",
            "language_confidence": 0.97216796875
        },
        "segments": [
            {
                "confidence": 0.9151541181286792,
                "no_speech_confidence": 0.01265716552734375,
                "text": " I've increased the potential energy of this object.",
                "time_interval": {
                    "end": 28.0,
                    "start": 24.0
                },
                "words": null
            }
        ],
        "transcription": {
            "text": " I've increased the potential energy of this object."
        }
    },
    {
        "info": {
            "language": "en",
            "language_confidence": 0.97216796875
        },
        "segments": [
            {
                "confidence": 0.9353229920980521,
                "no_speech_confidence": 0.0139923095703125,
                "text": " Then that will be converted to kinetic energy.",
                "time_interval": {
                    "end": 32.0,
                    "start": 28.0
                },
                "words": null
            }
        ],
        "transcription": {
            "text": " Then that will be converted to kinetic energy."
        }
    },
    {
        "info": {
            "language": "en",
            "language_confidence": 0.97216796875
        },
        "segments": [
            {
                "confidence": 0.9353229920980521,
                "no_speech_confidence": 0.0139923095703125,
                "text": " If I would let it swing from one meter height",
                "time_interval": {
                    "end": 36.0,
                    "start": 32.0
                },
                "words": null
            }
        ],
        "transcription": {
            "text": " If I would let it swing from one meter height"
        }
    },
    {
        "info": {
            "language": "en",
            "language_confidence": 0.97216796875
        },
        "segments": [
            {
                "confidence": 0.9353229920980521,
                "no_speech_confidence": 0.0139923095703125,
                "text": " and you would be there and it would hit you, you'd be dead.",
                "time_interval": {
                    "end": 40.0,
                    "start": 36.0
                },
                "words": null
            }
        ],
        "transcription": {
            "text": " and you would be there and it would hit you, you'd be dead."
        }
    },
    {
        "info": {
            "language": "en",
            "language_confidence": 0.97216796875
        },
        "segments": [
            {
                "confidence": 0.9353229920980521,
                "no_speech_confidence": 0.0139923095703125,
                "text": " 150 joules is enough to kill you.",
                "time_interval": {
                    "end": 44.0,
                    "start": 40.0
                },
                "words": null
            }
        ],
        "transcription": {
            "text": " 150 joules is enough to kill you."
        }
    },
    {
        "info": {
            "language": "en",
            "language_confidence": 0.97216796875
        },
        "segments": [
            {
                "confidence": 0.9353229920980521,
                "no_speech_confidence": 0.0139923095703125,
                "text": " They use these devices. They're called a wrecker ball.",
                "time_interval": {
                    "end": 48.0,
                    "start": 44.0
                },
                "words": null
            }
        ],
        "transcription": {
            "text": " They use these devices. They're called a wrecker ball."
        }
    },
    {
        "info": {
            "language": "en",
            "language_confidence": 0.97216796875
        },
        "segments": [
            {
                "confidence": 0.9353229920980521,
                "no_speech_confidence": 0.0139923095703125,
                "text": " They use them to demolish buildings.",
                "time_interval": {
                    "end": 52.0,
                    "start": 48.0
                },
                "words": null
            }
        ],
        "transcription": {
            "text": " They use them to demolish buildings."
        }
    },
    {
        "info": {
            "language": "en",
            "language_confidence": 0.97216796875
        },
        "segments": [
            {
                "confidence": 0.9353229920980521,
                "no_speech_confidence": 0.0139923095703125,
                "text": " You lift up a very heavy object, even heavier than this,",
                "time_interval": {
                    "end": 56.0,
                    "start": 52.0
                },
                "words": null
            }
        ],
        "transcription": {
            "text": " You lift up a very heavy object, even heavier than this,"
        }
    },
    {
        "info": {
            "language": "en",
            "language_confidence": 0.97216796875
        },
        "segments": [
            {
                "confidence": 0.9104680214074008,
                "no_speech_confidence": 0.0265350341796875,
                "text": " you let it go, you swing it,",
                "time_interval": {
                    "end": 58.0,
                    "start": 56.0
                },
                "words": null
            }
        ],
        "transcription": {
            "text": " you let it go, you swing it,"
        }
    },
    {
        "info": {
            "language": "en",
            "language_confidence": 0.97216796875
        },
        "segments": [
            {
                "confidence": 0.9104680214074008,
                "no_speech_confidence": 0.0265350341796875,
                "text": " thereby converting gravitational potential energy",
                "time_interval": {
                    "end": 62.0,
                    "start": 58.0
                },
                "words": null
            }
        ],
        "transcription": {
            "text": " thereby converting gravitational potential energy"
        }
    },
    {
        "info": {
            "language": "en",
            "language_confidence": 0.97216796875
        },
        "segments": [
            {
                "confidence": 0.9104680214074008,
                "no_speech_confidence": 0.0265350341796875,
                "text": " into kinetic energy,",
                "time_interval": {
                    "end": 64.0,
                    "start": 62.0
                },
                "words": null
            }
        ],
        "transcription": {
            "text": " into kinetic energy,"
        }
    },
    {
        "info": {
            "language": "en",
            "language_confidence": 0.97216796875
        },
        "segments": [
            {
                "confidence": 0.9104680214074008,
                "no_speech_confidence": 0.0265350341796875,
                "text": " and that way you can demolish a building.",
                "time_interval": {
                    "end": 68.0,
                    "start": 64.0
                },
                "words": null
            }
        ],
        "transcription": {
            "text": " and that way you can demolish a building."
        }
    },
    {
        "info": {
            "language": "en",
            "language_confidence": 0.97216796875
        },
        "segments": [
            {
                "confidence": 0.9104680214074008,
                "no_speech_confidence": 0.0265350341796875,
                "text": " You just let it hit and it breaks a building.",
                "time_interval": {
                    "end": 72.0,
                    "start": 68.0
                },
                "words": null
            }
        ],
        "transcription": {
            "text": " You just let it hit and it breaks a building."
        }
    },
    {
        "info": {
            "language": "en",
            "language_confidence": 0.97216796875
        },
        "segments": [
            {
                "confidence": 0.9104680214074008,
                "no_speech_confidence": 0.0265350341796875,
                "text": " And that's the whole idea of wrecking.",
                "time_interval": {
                    "end": 76.0,
                    "start": 72.0
                },
                "words": null
            }
        ],
        "transcription": {
            "text": " And that's the whole idea of wrecking."
        }
    },
    {
        "info": {
            "language": "en",
            "language_confidence": 0.97216796875
        },
        "segments": [
            {
                "confidence": 0.9104680214074008,
                "no_speech_confidence": 0.0265350341796875,
                "text": " So you are using, then, the conversion",
                "time_interval": {
                    "end": 80.0,
                    "start": 76.0
                },
                "words": null
            }
        ],
        "transcription": {
            "text": " So you are using, then, the conversion"
        }
    },
    {
        "info": {
            "language": "en",
            "language_confidence": 0.97216796875
        },
        "segments": [
            {
                "confidence": 0.9104680214074008,
                "no_speech_confidence": 0.0265350341796875,
                "text": " of gravitational potential energy to kinetic energy.",
                "time_interval": {
                    "end": 84.0,
                    "start": 80.0
                },
                "words": null
            }
        ],
        "transcription": {
            "text": " of gravitational potential energy to kinetic energy."
        }
    },
    {
        "info": {
            "language": "en",
            "language_confidence": 0.97216796875
        },
        "segments": [
            {
                "confidence": 0.961942945100935,
                "no_speech_confidence": 0.003101348876953125,
                "text": " Now, I am such a strong believer",
                "time_interval": {
                    "end": 88.0,
                    "start": 84.0
                },
                "words": null
            }
        ],
        "transcription": {
            "text": " Now, I am such a strong believer"
        }
    },
    {
        "info": {
            "language": "en",
            "language_confidence": 0.97216796875
        },
        "segments": [
            {
                "confidence": 0.961942945100935,
                "no_speech_confidence": 0.003101348876953125,
                "text": " of the conservation of mechanical energy",
                "time_interval": {
                    "end": 92.0,
                    "start": 88.0
                },
                "words": null
            }
        ],
        "transcription": {
            "text": " of the conservation of mechanical energy"
        }
    },
    {
        "info": {
            "language": "en",
            "language_confidence": 0.97216796875
        },
        "segments": [
            {
                "confidence": 0.961942945100935,
                "no_speech_confidence": 0.003101348876953125,
                "text": " that I am willing to put my life on the line.",
                "time_interval": {
                    "end": 96.0,
                    "start": 92.0
                },
                "words": null
            }
        ],
        "transcription": {
            "text": " that I am willing to put my life on the line."
        }
    },
    {
        "info": {
            "language": "en",
            "language_confidence": 0.97216796875
        },
        "segments": [
            {
                "confidence": 0.961942945100935,
                "no_speech_confidence": 0.003101348876953125,
                "text": " If I release that bob from a certain height,",
                "time_interval": {
                    "end": 104.0,
                    "start": 98.0
                },
                "words": null
            }
        ],
        "transcription": {
            "text": " If I release that bob from a certain height,"
        }
    },
    {
        "info": {
            "language": "en",
            "language_confidence": 0.97216796875
        },
        "segments": [
            {
                "confidence": 0.961942945100935,
                "no_speech_confidence": 0.003101348876953125,
                "text": " then that bob can never come back",
                "time_interval": {
                    "end": 108.0,
                    "start": 104.0
                },
                "words": null
            }
        ],
        "transcription": {
            "text": " then that bob can never come back"
        }
    },
    {
        "info": {
            "language": "en",
            "language_confidence": 0.97216796875
        },
        "segments": [
            {
                "confidence": 0.961942945100935,
                "no_speech_confidence": 0.003101348876953125,
                "text": " to a point where the height is any larger.",
                "time_interval": {
                    "end": 112.0,
                    "start": 108.0
                },
                "words": null
            }
        ],
        "transcription": {
            "text": " to a point where the height is any larger."
        }
    },
    {
        "info": {
            "language": "en",
            "language_confidence": 0.97216796875
        },
        "segments": [
            {
                "confidence": 0.9432879027129201,
                "no_speech_confidence": 0.0016651153564453125,
                "text": " If I release it from this height and it swings,",
                "time_interval": {
                    "end": 116.0,
                    "start": 112.0
                },
                "words": null
            }
        ],
        "transcription": {
            "text": " If I release it from this height and it swings,"
        }
    },
    {
        "info": {
            "language": "en",
            "language_confidence": 0.97216796875
        },
        "segments": [
            {
                "confidence": 0.9432879027129201,
                "no_speech_confidence": 0.0016651153564453125,
                "text": " then when it reaches here, it could not be higher.",
                "time_interval": {
                    "end": 120.0,
                    "start": 116.0
                },
                "words": null
            }
        ],
        "transcription": {
            "text": " then when it reaches here, it could not be higher."
        }
    },
    {
        "info": {
            "language": "en",
            "language_confidence": 0.97216796875
        },
        "segments": [
            {
                "confidence": 0.9432879027129201,
                "no_speech_confidence": 0.0016651153564453125,
                "text": " There is a conversion from gravitational potential energy",
                "time_interval": {
                    "end": 124.0,
                    "start": 120.0
                },
                "words": null
            }
        ],
        "transcription": {
            "text": " There is a conversion from gravitational potential energy"
        }
    },
    {
        "info": {
            "language": "en",
            "language_confidence": 0.97216796875
        },
        "segments": [
            {
                "confidence": 0.9432879027129201,
                "no_speech_confidence": 0.0016651153564453125,
                "text": " to kinetic energy back to gravitational potential energy",
                "time_interval": {
                    "end": 128.0,
                    "start": 124.0
                },
                "words": null
            }
        ],
        "transcription": {
            "text": " to kinetic energy back to gravitational potential energy"
        }
    },
    {
        "info": {
            "language": "en",
            "language_confidence": 0.97216796875
        },
        "segments": [
            {
                "confidence": 0.9432879027129201,
                "no_speech_confidence": 0.0016651153564453125,
                "text": " and it will come to a stop here.",
                "time_interval": {
                    "end": 130.0,
                    "start": 128.0
                },
                "words": null
            }
        ],
        "transcription": {
            "text": " and it will come to a stop here."
        }
    },
    {
        "info": {
            "language": "en",
            "language_confidence": 0.97216796875
        },
        "segments": [
            {
                "confidence": 0.9432879027129201,
                "no_speech_confidence": 0.0016651153564453125,
                "text": " And when it swings back,",
                "time_interval": {
                    "end": 132.0,
                    "start": 130.0
                },
                "words": null
            }
        ],
        "transcription": {
            "text": " And when it swings back,"
        }
    },
    {
        "info": {
            "language": "en",
            "language_confidence": 0.97216796875
        },
        "segments": [
            {
                "confidence": 0.9432879027129201,
                "no_speech_confidence": 0.0016651153564453125,
                "text": " it should not be able to reach any higher,",
                "time_interval": {
                    "end": 136.0,
                    "start": 132.0
                },
                "words": null
            }
        ],
        "transcription": {
            "text": " it should not be able to reach any higher,"
        }
    },
    {
        "info": {
            "language": "en",
            "language_confidence": 0.97216796875
        },
        "segments": [
            {
                "confidence": 0.9432879027129201,
                "no_speech_confidence": 0.0016651153564453125,
                "text": " provided that I do not give this object an initial speed",
                "time_interval": {
                    "end": 140.0,
                    "start": 136.0
                },
                "words": null
            }
        ],
        "transcription": {
            "text": " provided that I do not give this object an initial speed"
        }
    },
    {
        "info": {
            "language": "en",
            "language_confidence": 0.97216796875
        },
        "segments": [
            {
                "confidence": 0.9068384628790688,
                "no_speech_confidence": 0.0232086181640625,
                "text": " and I trust the conservation of mechanical energy for 100%.",
                "time_interval": {
                    "end": 146.0,
                    "start": 140.0
                },
                "words": null
            }
        ],
        "transcription": {
            "text": " and I trust the conservation of mechanical energy for 100%."
        }
    },
    {
        "info": {
            "language": "en",
            "language_confidence": 0.97216796875
        },
        "segments": [
            {
                "confidence": 0.9068384628790688,
                "no_speech_confidence": 0.0232086181640625,
                "text": " I may not trust myself.",
                "time_interval": {
                    "end": 150.0,
                    "start": 146.0
                },
                "words": null
            }
        ],
        "transcription": {
            "text": " I may not trust myself."
        }
    },
    {
        "info": {
            "language": "en",
            "language_confidence": 0.97216796875
        },
        "segments": [
            {
                "confidence": 0.9068384628790688,
                "no_speech_confidence": 0.0232086181640625,
                "text": " I'm going to release this object,",
                "time_interval": {
                    "end": 152.0,
                    "start": 150.0
                },
                "words": null
            }
        ],
        "transcription": {
            "text": " I'm going to release this object,"
        }
    },
    {
        "info": {
            "language": "en",
            "language_confidence": 0.97216796875
        },
        "segments": [
            {
                "confidence": 0.9068384628790688,
                "no_speech_confidence": 0.0232086181640625,
                "text": " and I hope I will be able to do it at zero speed",
                "time_interval": {
                    "end": 156.0,
                    "start": 152.0
                },
                "words": null
            }
        ],
        "transcription": {
            "text": " and I hope I will be able to do it at zero speed"
        }
    },
    {
        "info": {
            "language": "en",
            "language_confidence": 0.97216796875
        },
        "segments": [
            {
                "confidence": 0.9068384628790688,
                "no_speech_confidence": 0.0232086181640625,
                "text": " so that when it comes back,",
                "time_interval": {
                    "end": 158.0,
                    "start": 156.0
                },
                "words": null
            }
        ],
        "transcription": {
            "text": " so that when it comes back,"
        }
    },
    {
        "info": {
            "language": "en",
            "language_confidence": 0.97216796875
        },
        "segments": [
            {
                "confidence": 0.9068384628790688,
                "no_speech_confidence": 0.0232086181640625,
                "text": " it may touch my chin but it may not crush my chin.",
                "time_interval": {
                    "end": 162.0,
                    "start": 158.0
                },
                "words": null
            }
        ],
        "transcription": {
            "text": " it may touch my chin but it may not crush my chin."
        }
    },
    {
        "info": {
            "language": "en",
            "language_confidence": 0.97216796875
        },
        "segments": [
            {
                "confidence": 0.9068384628790688,
                "no_speech_confidence": 0.0232086181640625,
                "text": " I want you to be extremely quiet because this is no joke.",
                "time_interval": {
                    "end": 166.0,
                    "start": 162.0
                },
                "words": null
            }
        ],
        "transcription": {
            "text": " I want you to be extremely quiet because this is no joke."
        }
    },
    {
        "info": {
            "language": "en",
            "language_confidence": 0.97216796875
        },
        "segments": [
            {
                "confidence": 0.946622482115293,
                "no_speech_confidence": 0.01026153564453125,
                "text": " If I don't succeed in giving it zero speed,",
                "time_interval": {
                    "end": 170.0,
                    "start": 166.0
                },
                "words": null
            }
        ],
        "transcription": {
            "text": " If I don't succeed in giving it zero speed,"
        }
    },
    {
        "info": {
            "language": "en",
            "language_confidence": 0.97216796875
        },
        "segments": [
            {
                "confidence": 0.946622482115293,
                "no_speech_confidence": 0.01026153564453125,
                "text": " then this will be my last lecture.",
                "time_interval": {
                    "end": 174.0,
                    "start": 170.0
                },
                "words": null
            }
        ],
        "transcription": {
            "text": " then this will be my last lecture."
        }
    },
    {
        "info": {
            "language": "en",
            "language_confidence": 0.97216796875
        },
        "segments": [
            {
                "confidence": 0.946622482115293,
                "no_speech_confidence": 0.01026153564453125,
                "text": " I will close my eyes.",
                "time_interval": {
                    "end": 176.0,
                    "start": 174.0
                },
                "words": null
            }
        ],
        "transcription": {
            "text": " I will close my eyes."
        }
    },
    {
        "info": {
            "language": "en",
            "language_confidence": 0.97216796875
        },
        "segments": [
            {
                "confidence": 0.946622482115293,
                "no_speech_confidence": 0.01026153564453125,
                "text": " I don't want to see this.",
                "time_interval": {
                    "end": 178.0,
                    "start": 176.0
                },
                "words": null
            }
        ],
        "transcription": {
            "text": " I don't want to see this."
        }
    },
    {
        "info": {
            "language": "en",
            "language_confidence": 0.97216796875
        },
        "segments": [
            {
                "confidence": 0.946622482115293,
                "no_speech_confidence": 0.01026153564453125,
                "text": " So please be very quiet.",
                "time_interval": {
                    "end": 182.0,
                    "start": 178.0
                },
                "words": null
            }
        ],
        "transcription": {
            "text": " So please be very quiet."
        }
    },
    {
        "info": {
            "language": "en",
            "language_confidence": 0.97216796875
        },
        "segments": [
            {
                "confidence": 0.946622482115293,
                "no_speech_confidence": 0.01026153564453125,
                "text": " I almost didn't sleep all night.",
                "time_interval": {
                    "end": 186.0,
                    "start": 182.0
                },
                "words": null
            }
        ],
        "transcription": {
            "text": " I almost didn't sleep all night."
        }
    },
    {
        "info": {
            "language": "en",
            "language_confidence": 0.97216796875
        },
        "segments": [
            {
                "confidence": 0.946622482115293,
                "no_speech_confidence": 0.01026153564453125,
                "text": " Three, two, one, zero.",
                "time_interval": {
                    "end": 190.0,
                    "start": 186.0
                },
                "words": null
            }
        ],
        "transcription": {
            "text": " Three, two, one, zero."
        }
    },
    {
        "info": {
            "language": "en",
            "language_confidence": 0.97216796875
        },
        "segments": [
            {
                "confidence": 0.6528340599004091,
                "no_speech_confidence": 0.090576171875,
                "text": " Physics works, and I'm still alive.",
                "time_interval": {
                    "end": 200.0,
                    "start": 196.0
                },
                "words": null
            }
        ],
        "transcription": {
            "text": " Physics works, and I'm still alive."
        }
    },
    {
        "transcription_id": 1
    }
]