[
    {
        "info": {
            "language": "en",
            "language_confidence": 0.97216796875
        },
        "segments": [
            {
                "confidence": null,
                "no_speech_confidence": null,
                "text": " Now I want to return to the conservation of mechanical energy. I have here a pendulum. I have an object that weighs 15 kilograms and I can lift it up one meter, which I have done now. That means I've done work. mgh is the work I have done, believe me. I've increased the potential energy of this object. 15 times 10 is about 150 joules.",
                "time_interval": {
                    "end": 27.771,
                    "start": 0.0
                },
                "words": null
            }
        ],
        "transcription": {
            "text": " Now I want to return to the conservation of mechanical energy. I have here a pendulum. I have an object that weighs 15 kilograms and I can lift it up one meter, which I have done now. That means I've done work. mgh is the work I have done, believe me. I've increased the potential energy of this object. 15 times 10 is about 150 joules."
        }
    },
    {
        "info": {
            "language": "en",
            "language_confidence": 0.97216796875
        },
        "segments": [
            {
                "confidence": null,
                "no_speech_confidence": null,
                "text": " then that will be converted to kinetic energy. If I would let it swing from one meter height and you would be there and it would hit you, you'd be dead. 150 joules is enough to kill you. They use these devices. They're called a racquetball. They use them to demolish buildings. You lift up a very heavy object, even heavier than this",
                "time_interval": {
                    "end": 54.187,
                    "start": 28.117
                },
                "words": null
            }
        ],
        "transcription": {
            "text": " then that will be converted to kinetic energy. If I would let it swing from one meter height and you would be there and it would hit you, you'd be dead. 150 joules is enough to kill you. They use these devices. They're called a racquetball. They use them to demolish buildings. You lift up a very heavy object, even heavier than this"
        }
    },
    {
        "info": {
            "language": "en",
            "language_confidence": 0.97216796875
        },
        "segments": [
            {
                "confidence": null,
                "no_speech_confidence": null,
                "text": " And then you let it go, you swing it, thereby converting gravitational potential energy into kinetic energy, and that way you can demolish a building. You just let it hit... and it breaks a building. And that's the whole idea of wrecking. So you are using, then, the conversion of gravitational potential energy to kinetic energy.",
                "time_interval": {
                    "end": 83.163,
                    "start": 54.362
                },
                "words": null
            }
        ],
        "transcription": {
            "text": " And then you let it go, you swing it, thereby converting gravitational potential energy into kinetic energy, and that way you can demolish a building. You just let it hit... and it breaks a building. And that's the whole idea of wrecking. So you are using, then, the conversion of gravitational potential energy to kinetic energy."
        }
    },
    {
        "info": {
            "language": "en",
            "language_confidence": 0.97216796875
        },
        "segments": [
            {
                "confidence": null,
                "no_speech_confidence": null,
                "text": " Now, I am such a strong believer of the conservation of mechanical energy that I am willing to put my life on the line. If I release that bob from a certain height then that bob can never come back to a point where the height is any larger.",
                "time_interval": {
                    "end": 113.743,
                    "start": 83.851
                },
                "words": null
            }
        ],
        "transcription": {
            "text": " Now, I am such a strong believer of the conservation of mechanical energy that I am willing to put my life on the line. If I release that bob from a certain height then that bob can never come back to a point where the height is any larger."
        }
    },
    {
        "info": {
            "language": "en",
            "language_confidence": 0.97216796875
        },
        "segments": [
            {
                "confidence": null,
                "no_speech_confidence": null,
                "text": " and it swings, then when it reaches here it could not be higher. There is a conversion from gravitational potential energy to kinetic energy back to gravitational potential energy and it will come to a stop here. And when it swings back, it should not be able to reach any higher, provided that I do not give this object an initial speed when I stand here. I trust the conservation of mechanical energy",
                "time_interval": {
                    "end": 143.487,
                    "start": 114.175
                },
                "words": null
            }
        ],
        "transcription": {
            "text": " and it swings, then when it reaches here it could not be higher. There is a conversion from gravitational potential energy to kinetic energy back to gravitational potential energy and it will come to a stop here. And when it swings back, it should not be able to reach any higher, provided that I do not give this object an initial speed when I stand here. I trust the conservation of mechanical energy"
        }
    },
    {
        "info": {
            "language": "en",
            "language_confidence": 0.97216796875
        },
        "segments": [
            {
                "confidence": null,
                "no_speech_confidence": null,
                "text": " for 100%. I may not trust myself. I'm going to release this object and I hope I will be able to do it at zero speed so that when it comes back it may touch my chin but it may not crush my chin. I want you to be extremely quiet because this is no joke. If I don't succeed in giving it zero speed",
                "time_interval": {
                    "end": 172.583,
                    "start": 143.492
                },
                "words": null
            }
        ],
        "transcription": {
            "text": " for 100%. I may not trust myself. I'm going to release this object and I hope I will be able to do it at zero speed so that when it comes back it may touch my chin but it may not crush my chin. I want you to be extremely quiet because this is no joke. If I don't succeed in giving it zero speed"
        }
    },
    {
        "info": {
            "language": "en",
            "language_confidence": 0.97216796875
        },
        "segments": [
            {
                "confidence": null,
                "no_speech_confidence": null,
                "text": " I will close my eyes. I don't want to see this. So please be very quiet. I almost didn't sleep all night. Three, two, one, zero. Physics works and I'm still alive.",
                "time_interval": {
                    "end": 202.907,
                    "start": 174.635
                },
                "words": null
            }
        ],
        "transcription": {
            "text": " I will close my eyes. I don't want to see this. So please be very quiet. I almost didn't sleep all night. Three, two, one, zero. Physics works and I'm still alive."
        }
    },
    {
        "transcription_id": 1
    }
]