[
    {
        "info": {
            "language": "en",
<<<<<<<< HEAD:aana/tests/files/expected/endpoints/whisper/video_transcribe_4064f8cf8cdb49186fff70656e90b41e.json
            "language_confidence": 0.98291015625
        },
        "segments": [
            {
                "confidence": 0.9158259730943162,
                "no_speech_confidence": 0.007335662841796875,
========
            "language_confidence": 0.982421875
        },
        "segments": [
            {
                "confidence": 0.9155454257136106,
                "no_speech_confidence": 0.006999969482421875,
>>>>>>>> main:aana/tests/files/expected/endpoints/whisper/video_transcribe_939a73622958d6746f38d629039ac1fe.json
                "text": " Now I want to return to the conservation of mechanical energy.",
                "time_interval": {
                    "end": 6.0,
                    "start": 0.0
                },
                "words": []
            }
        ],
        "transcription": {
            "text": " Now I want to return to the conservation of mechanical energy."
        }
    },
    {
        "info": {
            "language": "en",
<<<<<<<< HEAD:aana/tests/files/expected/endpoints/whisper/video_transcribe_4064f8cf8cdb49186fff70656e90b41e.json
            "language_confidence": 0.98291015625
        },
        "segments": [
            {
                "confidence": 0.9158259730943162,
                "no_speech_confidence": 0.007335662841796875,
========
            "language_confidence": 0.982421875
        },
        "segments": [
            {
                "confidence": 0.9155454257136106,
                "no_speech_confidence": 0.006999969482421875,
>>>>>>>> main:aana/tests/files/expected/endpoints/whisper/video_transcribe_939a73622958d6746f38d629039ac1fe.json
                "text": " I have here a pendulum.",
                "time_interval": {
                    "end": 12.0,
                    "start": 6.0
                },
                "words": []
            }
        ],
        "transcription": {
            "text": " I have here a pendulum."
        }
    },
    {
        "info": {
            "language": "en",
<<<<<<<< HEAD:aana/tests/files/expected/endpoints/whisper/video_transcribe_4064f8cf8cdb49186fff70656e90b41e.json
            "language_confidence": 0.98291015625
        },
        "segments": [
            {
                "confidence": 0.9158259730943162,
                "no_speech_confidence": 0.007335662841796875,
========
            "language_confidence": 0.982421875
        },
        "segments": [
            {
                "confidence": 0.9155454257136106,
                "no_speech_confidence": 0.006999969482421875,
>>>>>>>> main:aana/tests/files/expected/endpoints/whisper/video_transcribe_939a73622958d6746f38d629039ac1fe.json
                "text": " I have an object that weighs 15 kilograms",
                "time_interval": {
                    "end": 18.0,
                    "start": 12.0
                },
                "words": []
            }
        ],
        "transcription": {
            "text": " I have an object that weighs 15 kilograms"
        }
    },
    {
        "info": {
            "language": "en",
<<<<<<<< HEAD:aana/tests/files/expected/endpoints/whisper/video_transcribe_4064f8cf8cdb49186fff70656e90b41e.json
            "language_confidence": 0.98291015625
        },
        "segments": [
            {
                "confidence": 0.9158259730943162,
                "no_speech_confidence": 0.007335662841796875,
========
            "language_confidence": 0.982421875
        },
        "segments": [
            {
                "confidence": 0.9155454257136106,
                "no_speech_confidence": 0.006999969482421875,
>>>>>>>> main:aana/tests/files/expected/endpoints/whisper/video_transcribe_939a73622958d6746f38d629039ac1fe.json
                "text": " and I can lift it up one meter, which I have done now.",
                "time_interval": {
                    "end": 24.0,
                    "start": 18.0
                },
                "words": []
            }
        ],
        "transcription": {
            "text": " and I can lift it up one meter, which I have done now."
        }
    },
    {
        "info": {
            "language": "en",
<<<<<<<< HEAD:aana/tests/files/expected/endpoints/whisper/video_transcribe_4064f8cf8cdb49186fff70656e90b41e.json
            "language_confidence": 0.98291015625
========
            "language_confidence": 0.982421875
>>>>>>>> main:aana/tests/files/expected/endpoints/whisper/video_transcribe_939a73622958d6746f38d629039ac1fe.json
        },
        "segments": [
            {
                "confidence": 0.8942957440327974,
                "no_speech_confidence": 0.478759765625,
                "text": " If I let it fall, then that will be converted to kinetic energy.",
                "time_interval": {
                    "end": 30.0,
                    "start": 24.0
                },
                "words": []
            }
        ],
        "transcription": {
            "text": " If I let it fall, then that will be converted to kinetic energy."
        }
    },
    {
        "info": {
            "language": "en",
<<<<<<<< HEAD:aana/tests/files/expected/endpoints/whisper/video_transcribe_4064f8cf8cdb49186fff70656e90b41e.json
            "language_confidence": 0.98291015625
========
            "language_confidence": 0.982421875
>>>>>>>> main:aana/tests/files/expected/endpoints/whisper/video_transcribe_939a73622958d6746f38d629039ac1fe.json
        },
        "segments": [
            {
                "confidence": 0.8942957440327974,
                "no_speech_confidence": 0.478759765625,
                "text": " If I would let it swing from one meter height",
                "time_interval": {
                    "end": 37.5,
                    "start": 30.0
                },
                "words": []
            }
        ],
        "transcription": {
            "text": " If I would let it swing from one meter height"
        }
    },
    {
        "info": {
            "language": "en",
<<<<<<<< HEAD:aana/tests/files/expected/endpoints/whisper/video_transcribe_4064f8cf8cdb49186fff70656e90b41e.json
            "language_confidence": 0.98291015625
========
            "language_confidence": 0.982421875
>>>>>>>> main:aana/tests/files/expected/endpoints/whisper/video_transcribe_939a73622958d6746f38d629039ac1fe.json
        },
        "segments": [
            {
                "confidence": 0.8942957440327974,
                "no_speech_confidence": 0.478759765625,
                "text": " and you would be there and it would hit you, you'd be dead.",
                "time_interval": {
                    "end": 43.5,
                    "start": 37.5
                },
                "words": []
            }
        ],
        "transcription": {
            "text": " and you would be there and it would hit you, you'd be dead."
        }
    },
    {
        "info": {
            "language": "en",
<<<<<<<< HEAD:aana/tests/files/expected/endpoints/whisper/video_transcribe_4064f8cf8cdb49186fff70656e90b41e.json
            "language_confidence": 0.98291015625
========
            "language_confidence": 0.982421875
>>>>>>>> main:aana/tests/files/expected/endpoints/whisper/video_transcribe_939a73622958d6746f38d629039ac1fe.json
        },
        "segments": [
            {
                "confidence": 0.8942957440327974,
                "no_speech_confidence": 0.478759765625,
                "text": " 150 joules is enough to kill you.",
                "time_interval": {
                    "end": 49.5,
                    "start": 43.5
                },
                "words": []
            }
        ],
        "transcription": {
            "text": " 150 joules is enough to kill you."
        }
    },
    {
        "info": {
            "language": "en",
<<<<<<<< HEAD:aana/tests/files/expected/endpoints/whisper/video_transcribe_4064f8cf8cdb49186fff70656e90b41e.json
            "language_confidence": 0.98291015625
        },
        "segments": [
            {
                "confidence": 0.8931678357435094,
                "no_speech_confidence": 0.6650390625,
========
            "language_confidence": 0.982421875
        },
        "segments": [
            {
                "confidence": 0.8811879148457943,
                "no_speech_confidence": 0.59521484375,
                "text": " They use them to demolish buildings.",
                "time_interval": {
                    "end": 54.0,
                    "start": 48.0
                },
                "words": []
            }
        ],
        "transcription": {
            "text": " They use them to demolish buildings."
        }
    },
    {
        "info": {
            "language": "en",
            "language_confidence": 0.982421875
        },
        "segments": [
            {
                "confidence": 0.8811879148457943,
                "no_speech_confidence": 0.59521484375,
>>>>>>>> main:aana/tests/files/expected/endpoints/whisper/video_transcribe_939a73622958d6746f38d629039ac1fe.json
                "text": " You lift up a very heavy object, even heavier than this,",
                "time_interval": {
                    "end": 55.5,
                    "start": 49.5
                },
                "words": []
            }
        ],
        "transcription": {
            "text": " You lift up a very heavy object, even heavier than this,"
        }
    },
    {
        "info": {
            "language": "en",
<<<<<<<< HEAD:aana/tests/files/expected/endpoints/whisper/video_transcribe_4064f8cf8cdb49186fff70656e90b41e.json
            "language_confidence": 0.98291015625
        },
        "segments": [
            {
                "confidence": 0.8931678357435094,
                "no_speech_confidence": 0.6650390625,
========
            "language_confidence": 0.982421875
        },
        "segments": [
            {
                "confidence": 0.8811879148457943,
                "no_speech_confidence": 0.59521484375,
>>>>>>>> main:aana/tests/files/expected/endpoints/whisper/video_transcribe_939a73622958d6746f38d629039ac1fe.json
                "text": " and then you let it go, you swing it,",
                "time_interval": {
                    "end": 61.5,
                    "start": 55.5
                },
                "words": []
            }
        ],
        "transcription": {
            "text": " and then you let it go, you swing it,"
        }
    },
    {
        "info": {
            "language": "en",
<<<<<<<< HEAD:aana/tests/files/expected/endpoints/whisper/video_transcribe_4064f8cf8cdb49186fff70656e90b41e.json
            "language_confidence": 0.98291015625
        },
        "segments": [
            {
                "confidence": 0.8931678357435094,
                "no_speech_confidence": 0.6650390625,
========
            "language_confidence": 0.982421875
        },
        "segments": [
            {
                "confidence": 0.8811879148457943,
                "no_speech_confidence": 0.59521484375,
>>>>>>>> main:aana/tests/files/expected/endpoints/whisper/video_transcribe_939a73622958d6746f38d629039ac1fe.json
                "text": " thereby converting gravitational potential energy into kinetic energy",
                "time_interval": {
                    "end": 67.5,
                    "start": 61.5
                },
                "words": []
            }
        ],
        "transcription": {
            "text": " thereby converting gravitational potential energy into kinetic energy"
        }
    },
    {
        "info": {
            "language": "en",
<<<<<<<< HEAD:aana/tests/files/expected/endpoints/whisper/video_transcribe_4064f8cf8cdb49186fff70656e90b41e.json
            "language_confidence": 0.98291015625
        },
        "segments": [
            {
                "confidence": 0.8931678357435094,
                "no_speech_confidence": 0.6650390625,
                "text": " and that way you can demolish a building.",
========
            "language_confidence": 0.982421875
        },
        "segments": [
            {
                "confidence": 0.8715343445859605,
                "no_speech_confidence": 0.40087890625,
                "text": " which is the whole idea of wrecking.",
>>>>>>>> main:aana/tests/files/expected/endpoints/whisper/video_transcribe_939a73622958d6746f38d629039ac1fe.json
                "time_interval": {
                    "end": 73.5,
                    "start": 67.5
                },
                "words": []
            }
        ],
        "transcription": {
            "text": " and that way you can demolish a building."
        }
    },
    {
        "info": {
            "language": "en",
<<<<<<<< HEAD:aana/tests/files/expected/endpoints/whisper/video_transcribe_4064f8cf8cdb49186fff70656e90b41e.json
            "language_confidence": 0.98291015625
        },
        "segments": [
            {
                "confidence": 0.886018756865865,
                "no_speech_confidence": 0.151611328125,
                "text": " So you are using then the conversion of gravitational potential energy",
========
            "language_confidence": 0.982421875
        },
        "segments": [
            {
                "confidence": 0.8715343445859605,
                "no_speech_confidence": 0.40087890625,
                "text": " So you are using then the conversion of gravitational potential energy to kinetic energy.",
>>>>>>>> main:aana/tests/files/expected/endpoints/whisper/video_transcribe_939a73622958d6746f38d629039ac1fe.json
                "time_interval": {
                    "end": 80.5,
                    "start": 74.5
                },
                "words": []
            }
        ],
        "transcription": {
            "text": " So you are using then the conversion of gravitational potential energy"
        }
    },
    {
        "info": {
            "language": "en",
<<<<<<<< HEAD:aana/tests/files/expected/endpoints/whisper/video_transcribe_4064f8cf8cdb49186fff70656e90b41e.json
            "language_confidence": 0.98291015625
        },
        "segments": [
            {
                "confidence": 0.886018756865865,
                "no_speech_confidence": 0.151611328125,
                "text": " to kinetic energy.",
                "time_interval": {
                    "end": 86.5,
                    "start": 80.5
                },
                "words": []
            }
        ],
        "transcription": {
            "text": " to kinetic energy."
        }
    },
    {
        "info": {
            "language": "en",
            "language_confidence": 0.98291015625
        },
        "segments": [
            {
                "confidence": 0.886018756865865,
                "no_speech_confidence": 0.151611328125,
========
            "language_confidence": 0.982421875
        },
        "segments": [
            {
                "confidence": 0.8715343445859605,
                "no_speech_confidence": 0.40087890625,
>>>>>>>> main:aana/tests/files/expected/endpoints/whisper/video_transcribe_939a73622958d6746f38d629039ac1fe.json
                "text": " Now, I am such a strong believer of the conservation of mechanical energy",
                "time_interval": {
                    "end": 92.5,
                    "start": 86.5
                },
                "words": []
            }
        ],
        "transcription": {
            "text": " Now, I am such a strong believer of the conservation of mechanical energy"
        }
    },
    {
        "info": {
            "language": "en",
<<<<<<<< HEAD:aana/tests/files/expected/endpoints/whisper/video_transcribe_4064f8cf8cdb49186fff70656e90b41e.json
            "language_confidence": 0.98291015625
        },
        "segments": [
            {
                "confidence": 0.886018756865865,
                "no_speech_confidence": 0.151611328125,
========
            "language_confidence": 0.982421875
        },
        "segments": [
            {
                "confidence": 0.8715343445859605,
                "no_speech_confidence": 0.40087890625,
>>>>>>>> main:aana/tests/files/expected/endpoints/whisper/video_transcribe_939a73622958d6746f38d629039ac1fe.json
                "text": " that I am willing to put my life on the line.",
                "time_interval": {
                    "end": 100.39,
                    "start": 92.5
                },
                "words": []
            }
        ],
        "transcription": {
            "text": " that I am willing to put my life on the line."
        }
    },
    {
        "info": {
            "language": "en",
<<<<<<<< HEAD:aana/tests/files/expected/endpoints/whisper/video_transcribe_4064f8cf8cdb49186fff70656e90b41e.json
            "language_confidence": 0.98291015625
        },
        "segments": [
            {
                "confidence": 0.8880297792454512,
                "no_speech_confidence": 0.255615234375,
========
            "language_confidence": 0.982421875
        },
        "segments": [
            {
                "confidence": 0.9383433771074657,
                "no_speech_confidence": 0.01447296142578125,
>>>>>>>> main:aana/tests/files/expected/endpoints/whisper/video_transcribe_939a73622958d6746f38d629039ac1fe.json
                "text": " If I release that bob from a certain height,",
                "time_interval": {
                    "end": 106.39,
                    "start": 100.39
                },
                "words": []
            }
        ],
        "transcription": {
            "text": " If I release that bob from a certain height,"
        }
    },
    {
        "info": {
            "language": "en",
<<<<<<<< HEAD:aana/tests/files/expected/endpoints/whisper/video_transcribe_4064f8cf8cdb49186fff70656e90b41e.json
            "language_confidence": 0.98291015625
        },
        "segments": [
            {
                "confidence": 0.8880297792454512,
                "no_speech_confidence": 0.255615234375,
========
            "language_confidence": 0.982421875
        },
        "segments": [
            {
                "confidence": 0.9383433771074657,
                "no_speech_confidence": 0.01447296142578125,
>>>>>>>> main:aana/tests/files/expected/endpoints/whisper/video_transcribe_939a73622958d6746f38d629039ac1fe.json
                "text": " then that bob can never come back to a point where the height is any larger.",
                "time_interval": {
                    "end": 112.39,
                    "start": 106.39
                },
                "words": []
            }
        ],
        "transcription": {
            "text": " then that bob can never come back to a point where the height is any larger."
        }
    },
    {
        "info": {
            "language": "en",
<<<<<<<< HEAD:aana/tests/files/expected/endpoints/whisper/video_transcribe_4064f8cf8cdb49186fff70656e90b41e.json
            "language_confidence": 0.98291015625
        },
        "segments": [
            {
                "confidence": 0.8880297792454512,
                "no_speech_confidence": 0.255615234375,
========
            "language_confidence": 0.982421875
        },
        "segments": [
            {
                "confidence": 0.9383433771074657,
                "no_speech_confidence": 0.01447296142578125,
>>>>>>>> main:aana/tests/files/expected/endpoints/whisper/video_transcribe_939a73622958d6746f38d629039ac1fe.json
                "text": " If I release it from this height and it swings,",
                "time_interval": {
                    "end": 118.39,
                    "start": 112.39
                },
                "words": []
            }
        ],
        "transcription": {
            "text": " If I release it from this height and it swings,"
        }
    },
    {
        "info": {
            "language": "en",
<<<<<<<< HEAD:aana/tests/files/expected/endpoints/whisper/video_transcribe_4064f8cf8cdb49186fff70656e90b41e.json
            "language_confidence": 0.98291015625
        },
        "segments": [
            {
                "confidence": 0.8880297792454512,
                "no_speech_confidence": 0.255615234375,
========
            "language_confidence": 0.982421875
        },
        "segments": [
            {
                "confidence": 0.9383433771074657,
                "no_speech_confidence": 0.01447296142578125,
>>>>>>>> main:aana/tests/files/expected/endpoints/whisper/video_transcribe_939a73622958d6746f38d629039ac1fe.json
                "text": " then when it reaches here, it could not be higher.",
                "time_interval": {
                    "end": 124.39,
                    "start": 118.39
                },
                "words": []
            }
        ],
        "transcription": {
            "text": " then when it reaches here, it could not be higher."
        }
    },
    {
        "info": {
            "language": "en",
<<<<<<<< HEAD:aana/tests/files/expected/endpoints/whisper/video_transcribe_4064f8cf8cdb49186fff70656e90b41e.json
            "language_confidence": 0.98291015625
        },
        "segments": [
            {
                "confidence": 0.8114389842593486,
                "no_speech_confidence": 0.435302734375,
                "text": " It should not be able to reach any higher",
========
            "language_confidence": 0.982421875
        },
        "segments": [
            {
                "confidence": 0.8513452785243097,
                "no_speech_confidence": 0.2396240234375,
                "text": " It could go from gravitational potential energy to kinetic energy",
>>>>>>>> main:aana/tests/files/expected/endpoints/whisper/video_transcribe_939a73622958d6746f38d629039ac1fe.json
                "time_interval": {
                    "end": 130.39,
                    "start": 124.39
                },
                "words": []
            }
        ],
        "transcription": {
            "text": " It should not be able to reach any higher"
        }
    },
    {
        "info": {
            "language": "en",
<<<<<<<< HEAD:aana/tests/files/expected/endpoints/whisper/video_transcribe_4064f8cf8cdb49186fff70656e90b41e.json
            "language_confidence": 0.98291015625
        },
        "segments": [
            {
                "confidence": 0.8114389842593486,
                "no_speech_confidence": 0.435302734375,
========
            "language_confidence": 0.982421875
        },
        "segments": [
            {
                "confidence": 0.8513452785243097,
                "no_speech_confidence": 0.2396240234375,
                "text": " back to gravitational potential energy and it will come to a stop here.",
                "time_interval": {
                    "end": 133.0,
                    "start": 127.0
                },
                "words": []
            }
        ],
        "transcription": {
            "text": " back to gravitational potential energy and it will come to a stop here."
        }
    },
    {
        "info": {
            "language": "en",
            "language_confidence": 0.982421875
        },
        "segments": [
            {
                "confidence": 0.8513452785243097,
                "no_speech_confidence": 0.2396240234375,
                "text": " And when it swings back, it should not be able to reach any higher",
                "time_interval": {
                    "end": 139.0,
                    "start": 133.0
                },
                "words": []
            }
        ],
        "transcription": {
            "text": " And when it swings back, it should not be able to reach any higher"
        }
    },
    {
        "info": {
            "language": "en",
            "language_confidence": 0.982421875
        },
        "segments": [
            {
                "confidence": 0.8513452785243097,
                "no_speech_confidence": 0.2396240234375,
>>>>>>>> main:aana/tests/files/expected/endpoints/whisper/video_transcribe_939a73622958d6746f38d629039ac1fe.json
                "text": " provided that I do not give this object an initial speed when I stand here.",
                "time_interval": {
                    "end": 136.39,
                    "start": 130.39
                },
                "words": []
            }
        ],
        "transcription": {
            "text": " provided that I do not give this object an initial speed when I stand here."
        }
    },
    {
        "info": {
            "language": "en",
<<<<<<<< HEAD:aana/tests/files/expected/endpoints/whisper/video_transcribe_4064f8cf8cdb49186fff70656e90b41e.json
            "language_confidence": 0.98291015625
        },
        "segments": [
            {
                "confidence": 0.8114389842593486,
                "no_speech_confidence": 0.435302734375,
                "text": " I trust the conservation of mechanical energy for 100%.",
                "time_interval": {
                    "end": 143.77,
                    "start": 136.39
                },
                "words": []
            }
        ],
        "transcription": {
            "text": " I trust the conservation of mechanical energy for 100%."
        }
    },
    {
        "info": {
            "language": "en",
            "language_confidence": 0.98291015625
        },
        "segments": [
            {
                "confidence": 0.8114389842593486,
                "no_speech_confidence": 0.435302734375,
========
            "language_confidence": 0.982421875
        },
        "segments": [
            {
                "confidence": 0.9217725291204704,
                "no_speech_confidence": 0.0235748291015625,
>>>>>>>> main:aana/tests/files/expected/endpoints/whisper/video_transcribe_939a73622958d6746f38d629039ac1fe.json
                "text": " I may not trust myself.",
                "time_interval": {
                    "end": 151.66,
                    "start": 143.77
                },
                "words": []
            }
        ],
        "transcription": {
            "text": " I may not trust myself."
        }
    },
    {
        "info": {
            "language": "en",
<<<<<<<< HEAD:aana/tests/files/expected/endpoints/whisper/video_transcribe_4064f8cf8cdb49186fff70656e90b41e.json
            "language_confidence": 0.98291015625
        },
        "segments": [
            {
                "confidence": 0.9162691014512296,
                "no_speech_confidence": 0.1353759765625,
                "text": " And I hope I will be able to do it at zero speed",
========
            "language_confidence": 0.982421875
        },
        "segments": [
            {
                "confidence": 0.9217725291204704,
                "no_speech_confidence": 0.0235748291015625,
                "text": " I am going to release this object and I hope I will be able to do it at zero speed",
>>>>>>>> main:aana/tests/files/expected/endpoints/whisper/video_transcribe_939a73622958d6746f38d629039ac1fe.json
                "time_interval": {
                    "end": 157.66,
                    "start": 151.66
                },
                "words": []
            }
        ],
        "transcription": {
<<<<<<<< HEAD:aana/tests/files/expected/endpoints/whisper/video_transcribe_4064f8cf8cdb49186fff70656e90b41e.json
            "text": " And I hope I will be able to do it at zero speed"
========
            "text": " I am going to release this object and I hope I will be able to do it at zero speed"
>>>>>>>> main:aana/tests/files/expected/endpoints/whisper/video_transcribe_939a73622958d6746f38d629039ac1fe.json
        }
    },
    {
        "info": {
            "language": "en",
<<<<<<<< HEAD:aana/tests/files/expected/endpoints/whisper/video_transcribe_4064f8cf8cdb49186fff70656e90b41e.json
            "language_confidence": 0.98291015625
        },
        "segments": [
            {
                "confidence": 0.9162691014512296,
                "no_speech_confidence": 0.1353759765625,
                "text": " so that when it comes back, it may touch my chin,",
========
            "language_confidence": 0.982421875
        },
        "segments": [
            {
                "confidence": 0.9217725291204704,
                "no_speech_confidence": 0.0235748291015625,
                "text": " so that when it comes back it may touch my chin but it may not crush my chin.",
>>>>>>>> main:aana/tests/files/expected/endpoints/whisper/video_transcribe_939a73622958d6746f38d629039ac1fe.json
                "time_interval": {
                    "end": 165.16,
                    "start": 157.66
                },
                "words": []
            }
        ],
        "transcription": {
            "text": " so that when it comes back, it may touch my chin,"
        }
    },
    {
        "info": {
            "language": "en",
<<<<<<<< HEAD:aana/tests/files/expected/endpoints/whisper/video_transcribe_4064f8cf8cdb49186fff70656e90b41e.json
            "language_confidence": 0.98291015625
        },
        "segments": [
            {
                "confidence": 0.9162691014512296,
                "no_speech_confidence": 0.1353759765625,
                "text": " but it may not crush my chin.",
                "time_interval": {
                    "end": 171.16,
                    "start": 165.16
                },
                "words": []
            }
        ],
        "transcription": {
            "text": " but it may not crush my chin."
        }
    },
    {
        "info": {
            "language": "en",
            "language_confidence": 0.98291015625
        },
        "segments": [
            {
                "confidence": 0.9162691014512296,
                "no_speech_confidence": 0.1353759765625,
========
            "language_confidence": 0.982421875
        },
        "segments": [
            {
                "confidence": 0.9217725291204704,
                "no_speech_confidence": 0.0235748291015625,
>>>>>>>> main:aana/tests/files/expected/endpoints/whisper/video_transcribe_939a73622958d6746f38d629039ac1fe.json
                "text": " I want you to be extremely quiet because this is no joke.",
                "time_interval": {
                    "end": 178.86,
                    "start": 171.16
                },
                "words": []
            }
        ],
        "transcription": {
            "text": " I want you to be extremely quiet because this is no joke."
        }
    },
    {
        "info": {
            "language": "en",
<<<<<<<< HEAD:aana/tests/files/expected/endpoints/whisper/video_transcribe_4064f8cf8cdb49186fff70656e90b41e.json
            "language_confidence": 0.98291015625
        },
        "segments": [
            {
                "confidence": 0.8203560433115938,
                "no_speech_confidence": 0.429443359375,
                "text": " I want you to be very quiet. I almost didn't sleep all night.",
========
            "language_confidence": 0.982421875
        },
        "segments": [
            {
                "confidence": 0.8646648422853658,
                "no_speech_confidence": 0.429931640625,
                "text": " If I release this object at zero speed, then this will be my last lecture.",
>>>>>>>> main:aana/tests/files/expected/endpoints/whisper/video_transcribe_939a73622958d6746f38d629039ac1fe.json
                "time_interval": {
                    "end": 186.62,
                    "start": 178.86
                },
                "words": []
            }
        ],
        "transcription": {
            "text": " I want you to be very quiet. I almost didn't sleep all night."
        }
    },
    {
        "info": {
            "language": "en",
<<<<<<<< HEAD:aana/tests/files/expected/endpoints/whisper/video_transcribe_4064f8cf8cdb49186fff70656e90b41e.json
            "language_confidence": 0.98291015625
        },
        "segments": [
            {
                "confidence": 0.8203560433115938,
                "no_speech_confidence": 0.429443359375,
========
            "language_confidence": 0.982421875
        },
        "segments": [
            {
                "confidence": 0.8646648422853658,
                "no_speech_confidence": 0.429931640625,
                "text": " I will close my eyes. I don't want to see this.",
                "time_interval": {
                    "end": 181.0,
                    "start": 175.0
                },
                "words": []
            }
        ],
        "transcription": {
            "text": " I will close my eyes. I don't want to see this."
        }
    },
    {
        "info": {
            "language": "en",
            "language_confidence": 0.982421875
        },
        "segments": [
            {
                "confidence": 0.8646648422853658,
                "no_speech_confidence": 0.429931640625,
                "text": " So please be very quiet. I almost didn't sleep all night.",
                "time_interval": {
                    "end": 187.0,
                    "start": 181.0
                },
                "words": []
            }
        ],
        "transcription": {
            "text": " So please be very quiet. I almost didn't sleep all night."
        }
    },
    {
        "info": {
            "language": "en",
            "language_confidence": 0.982421875
        },
        "segments": [
            {
                "confidence": 0.8646648422853658,
                "no_speech_confidence": 0.429931640625,
>>>>>>>> main:aana/tests/files/expected/endpoints/whisper/video_transcribe_939a73622958d6746f38d629039ac1fe.json
                "text": " Three, two, one, zero.",
                "time_interval": {
                    "end": 200.81,
                    "start": 186.62
                },
                "words": []
            }
        ],
        "transcription": {
            "text": " Three, two, one, zero."
        }
    },
    {
        "info": {
            "language": "en",
<<<<<<<< HEAD:aana/tests/files/expected/endpoints/whisper/video_transcribe_4064f8cf8cdb49186fff70656e90b41e.json
            "language_confidence": 0.98291015625
        },
        "segments": [
            {
                "confidence": 0.8203560433115938,
                "no_speech_confidence": 0.429443359375,
                "text": " Physics works and I am still alive.",
                "time_interval": {
                    "end": 206.81,
                    "start": 200.81
========
            "language_confidence": 0.982421875
        },
        "segments": [
            {
                "confidence": 0.8780664047938203,
                "no_speech_confidence": 0.07843017578125,
                "text": " Physics works and I am still alive.",
                "time_interval": {
                    "end": 205.0,
                    "start": 199.0
>>>>>>>> main:aana/tests/files/expected/endpoints/whisper/video_transcribe_939a73622958d6746f38d629039ac1fe.json
                },
                "words": []
            }
        ],
        "transcription": {
            "text": " Physics works and I am still alive."
<<<<<<<< HEAD:aana/tests/files/expected/endpoints/whisper/video_transcribe_4064f8cf8cdb49186fff70656e90b41e.json
========
        }
    },
    {
        "info": {
            "language": "en",
            "language_confidence": 0.982421875
        },
        "segments": [
            {
                "confidence": 0.8780664047938203,
                "no_speech_confidence": 0.07843017578125,
                "text": " Physics works and I am still alive.",
                "time_interval": {
                    "end": 211.0,
                    "start": 205.0
                },
                "words": []
            }
        ],
        "transcription": {
            "text": " Physics works and I am still alive."
        }
    },
    {
        "info": {
            "language": "en",
            "language_confidence": 0.982421875
        },
        "segments": [
            {
                "confidence": 0.8780664047938203,
                "no_speech_confidence": 0.07843017578125,
                "text": " Physics works and I am still alive.",
                "time_interval": {
                    "end": 217.0,
                    "start": 211.0
                },
                "words": []
            }
        ],
        "transcription": {
            "text": " Physics works and I am still alive."
        }
    },
    {
        "info": {
            "language": "en",
            "language_confidence": 0.982421875
        },
        "segments": [
            {
                "confidence": 0.8780664047938203,
                "no_speech_confidence": 0.07843017578125,
                "text": " Physics works and I am still alive.",
                "time_interval": {
                    "end": 223.0,
                    "start": 217.0
                },
                "words": []
            }
        ],
        "transcription": {
            "text": " Physics works and I am still alive."
        }
    },
    {
        "info": {
            "language": "en",
            "language_confidence": 0.982421875
        },
        "segments": [
            {
                "confidence": 0.8780664047938203,
                "no_speech_confidence": 0.07843017578125,
                "text": " Physics works and I am still alive.",
                "time_interval": {
                    "end": 227.0,
                    "start": 223.0
                },
                "words": []
            }
        ],
        "transcription": {
            "text": " Physics works and I am still alive."
>>>>>>>> main:aana/tests/files/expected/endpoints/whisper/video_transcribe_939a73622958d6746f38d629039ac1fe.json
        }
    },
    {
        "transcription_id": 1
    }
]