{
  "segments": [
    {
      "time_interval": {
        "start": 0.0,
        "end": 27.789093750000003
      },
      "segments": [
        [
          0.0,
          5.15971875
        ],
        [
          6.49534375,
          7.5728437500000005
        ],
        [
          8.402218750000001,
          9.378468750000001
        ],
        [
          10.022218750000002,
          13.377843750000002
        ],
        [
          13.43096875,
          15.318468750000003
        ],
        [
          15.506593750000002,
          17.022843750000003
        ],
        [
          17.31221875,
          22.574718750000002
        ],
        [
          22.84721875,
          25.797843750000002
        ],
        [
          26.35721875,
          27.789093750000003
        ]
      ]
    },
    {
      "time_interval": {
        "start": 28.11221875,
        "end": 54.19846875
      },
      "segments": [
        [
          28.11221875,
          31.012218750000002
        ],
        [
          31.87534375,
          33.492843750000006
        ],
        [
          35.35159375,
          39.98971875
        ],
        [
          40.63346875,
          42.85846875000001
        ],
        [
          44.16034375,
          47.431593750000005
        ],
        [
          47.78846875,
          49.82784375000001
        ],
        [
          50.20159375,
          54.19846875
        ]
      ]
    },
    {
      "time_interval": {
        "start": 54.352843750000005,
        "end": 83.17284375
      },
      "segments": [
        [
          54.352843750000005,
          65.40346875
        ],
        [
          65.67596875000001,
          66.88846875
        ],
        [
          70.24909375000001,
          74.02659375
        ],
        [
          75.37909375000001,
          77.03034375
        ],
        [
          77.11721875,
          79.07221875
        ],
        [
          79.37846875000001,
          81.87346875
        ],
        [
          82.11221875000001,
          83.17284375
        ]
      ]
    },
    {
      "time_interval": {
        "start": 83.86721875,
        "end": 113.76721875
      },
      "segments": [
        [
          83.86721875,
          84.65784375
        ],
        [
          84.91346875,
          86.98659375
        ],
        [
          87.25909375,
          88.55596875
        ],
        [
          88.76096875000002,
          91.59346875
        ],
        [
          92.01784375000001,
          93.23034375
        ],
        [
          93.62096875000002,
          94.91784375
        ],
        [
          95.19034375000001,
          96.11596875
        ],
        [
          98.31221875000001,
          99.81159375
        ],
        [
          99.94909375000002,
          101.41471875
        ],
        [
          101.87284375000002,
          103.55784375
        ],
        [
          104.33659375,
          105.12721875
        ],
        [
          105.51784375000001,
          107.97909375
        ],
        [
          108.04909375000001,
          109.17721875
        ],
        [
          109.28096875000001,
          111.32034375
        ],
        [
          111.77846875000002,
          113.76721875
        ]
      ]
    },
    {
      "time_interval": {
        "start": 114.17471875000001,
        "end": 140.95284375
      },
      "segments": [
        [
          114.17471875000001,
          115.58971875
        ],
        [
          116.04784375000001,
          118.77909375
        ],
        [
          119.11909375000002,
          128.04346875000002
        ],
        [
          128.26534375,
          131.26659375
        ],
        [
          131.53909375,
          132.88659375
        ],
        [
          133.15909375,
          137.98284375
        ],
        [
          139.70659375000002,
          140.95284375
        ]
      ]
    },
    {
      "time_interval": {
        "start": 141.27596875,
        "end": 170.04534375
      },
      "segments": [
        [
          141.27596875,
          144.91846875000002
        ],
        [
          145.68034375000002,
          147.58471875
        ],
        [
          149.64596875,
          151.70221875000001
        ],
        [
          152.00846875000002,
          155.29659375
        ],
        [
          155.94034375,
          158.82346875000002
        ],
        [
          159.01159375,
          160.67971875
        ],
        [
          162.52159375000002,
          165.86034375
        ],
        [
          166.55471875,
          170.04534375
        ]
      ]
    },
    {
      "time_interval": {
        "start": 170.18284375000002,
        "end": 187.89909375000002
      },
      "segments": [
        [
          170.18284375000002,
          172.61034375
        ],
        [
          174.63784375000003,
          177.21721875
        ],
        [
          177.94534375,
          180.06909375
        ],
        [
          182.07971875,
          183.64659375
        ],
        [
          184.96534375000002,
          185.67159375
        ],
        [
          185.70784375000002,
          186.34659375
        ],
        [
          186.43346875000003,
          187.10596875000002
        ],
        [
          187.24346875,
          187.89909375000002
        ]
      ]
    },
    {
      "time_interval": {
        "start": 200.72659375,
        "end": 202.90096875
      },
      "segments": [
        [
          200.72659375,
          202.90096875
        ]
      ]
    }
  ]
}