{
    "segments": [
        {
            "time_interval": {
                "start": 0.0,
                "end": 27.787713310580205
            },
            "segments": [
                [
                    0.0,
                    5.159726962457338
                ],
                [
                    6.478498293515359,
                    7.565870307167235
                ],
                [
                    8.389761092150172,
                    9.374744027303754
                ],
                [
                    10.027986348122868,
                    13.384982935153584
                ],
                [
                    13.440955631399317,
                    15.313310580204778
                ],
                [
                    15.50580204778157,
                    17.019795221843005
                ],
                [
                    17.31467576791809,
                    22.565870307167238
                ],
                [
                    22.86075085324232,
                    25.791126279863484
                ],
                [
                    26.35904436860068,
                    27.787713310580205
                ]
            ]
        },
        {
            "time_interval": {
                "start": 28.116723549488054,
                "end": 54.20409556313994
            },
            "segments": [
                [
                    28.116723549488054,
                    31.01296928327645
                ],
                [
                    31.87098976109215,
                    33.487372013651886
                ],
                [
                    35.352218430034135,
                    39.989078498293516
                ],
                [
                    40.64232081911263,
                    42.855972696245736
                ],
                [
                    44.15767918088738,
                    47.42935153583618
                ],
                [
                    47.77542662116041,
                    49.8184300341297
                ],
                [
                    50.19863481228669,
                    54.20409556313994
                ]
            ]
        },
        {
            "time_interval": {
                "start": 54.36245733788396,
                "end": 83.18020477815699
            },
            "segments": [
                [
                    54.36245733788396,
                    65.39863481228669
                ],
                [
                    65.6764505119454,
                    66.90034129692833
                ],
                [
                    70.24982935153585,
                    74.01638225255972
                ],
                [
                    75.3863481228669,
                    77.03686006825939
                ],
                [
                    77.10989761092151,
                    79.06757679180888
                ],
                [
                    79.37952218430036,
                    81.88327645051194
                ],
                [
                    82.10989761092151,
                    83.18020477815699
                ]
            ]
        },
        {
            "time_interval": {
                "start": 83.8505119453925,
                "end": 113.76040955631399
            },
            "segments": [
                [
                    83.8505119453925,
                    84.64778156996587
                ],
                [
                    84.9085324232082,
                    86.98566552901023
                ],
                [
                    87.24641638225258,
                    88.5556313993174
                ],
                [
                    88.7651877133106,
                    91.59317406143344
                ],
                [
                    92.0245733788396,
                    93.23139931740614
                ],
                [
                    93.61160409556315,
                    94.92081911262798
                ],
                [
                    95.1986348122867,
                    96.11535836177474
                ],
                [
                    98.30443686006828,
                    99.81843003412969
                ],
                [
                    99.94266211604096,
                    101.40546075085324
                ],
                [
                    101.87098976109216,
                    103.5556313993174
                ],
                [
                    104.3283276450512,
                    105.12559726962458
                ],
                [
                    105.52286689419796,
                    107.97542662116041
                ],
                [
                    108.03139931740616,
                    109.18703071672356
                ],
                [
                    109.27713310580206,
                    111.32013651877133
                ],
                [
                    111.76860068259387,
                    113.76040955631399
                ]
            ]
        },
        {
            "time_interval": {
                "start": 114.17474402730377,
                "end": 140.94470989761092
            },
            "segments": [
                [
                    114.17474402730377,
                    115.56928327645052
                ],
                [
                    116.05187713310582,
                    118.77747440273038
                ],
                [
                    119.12354948805462,
                    128.04368600682594
                ],
                [
                    128.27030716723553,
                    131.26894197952217
                ],
                [
                    131.52969283276454,
                    132.89010238907852
                ],
                [
                    133.1679180887372,
                    137.97542662116044
                ],
                [
                    139.70375426621163,
                    140.94470989761092
                ]
            ]
        },
        {
            "time_interval": {
                "start": 141.2737201365188,
                "end": 170.04027303754268
            },
            "segments": [
                [
                    141.2737201365188,
                    144.92081911262798
                ],
                [
                    145.67645051194543,
                    147.58293515358363
                ],
                [
                    149.6525597269625,
                    151.69556313993175
                ],
                [
                    152.0075085324232,
                    155.29624573378842
                ],
                [
                    155.93242320819112,
                    158.81160409556313
                ],
                [
                    159.00409556313994,
                    160.6716723549488
                ],
                [
                    162.5194539249147,
                    165.84232081911264
                ],
                [
                    166.5467576791809,
                    170.04027303754268
                ]
            ]
        },
        {
            "time_interval": {
                "start": 170.1986348122867,
                "end": 187.89010238907852
            },
            "segments": [
                [
                    170.1986348122867,
                    172.6
                ],
                [
                    174.63549488054608,
                    177.2245733788396
                ],
                [
                    177.94607508532422,
                    180.07440273037545
                ],
                [
                    182.07576791808876,
                    183.6409556313993
                ],
                [
                    184.95972696245738,
                    185.6716723549488
                ],
                [
                    185.71058020477815,
                    186.33720136518772
                ],
                [
                    186.44436860068262,
                    187.1051194539249
                ],
                [
                    187.2464163822526,
                    187.89010238907852
                ]
            ]
        },
        {
            "time_interval": {
                "start": 200.72764505119457,
                "end": 202.92423208191124
            },
            "segments": [
                [
                    200.72764505119457,
                    202.92423208191124
                ]
            ]
        }
    ]
}