{
    "segments": [
        {
            "time_interval": {
                "start": 6.730343750000001,
                "end": 7.16909375
            },
            "speaker": "SPEAKER_01"
        },
        {
            "time_interval": {
                "start": 7.16909375,
                "end": 7.185968750000001
            },
            "speaker": "SPEAKER_02"
        },
        {
            "time_interval": {
                "start": 7.59096875,
                "end": 8.316593750000003
            },
            "speaker": "SPEAKER_01"
        },
        {
            "time_interval": {
                "start": 8.316593750000003,
                "end": 9.919718750000001
            },
            "speaker": "SPEAKER_02"
        },
        {
            "time_interval": {
                "start": 9.919718750000001,
                "end": 10.93221875
            },
            "speaker": "SPEAKER_01"
        },
        {
            "time_interval": {
                "start": 10.93221875,
                "end": 14.745968750000003
            },
            "speaker": "SPEAKER_02"
        },
        {
            "time_interval": {
                "start": 14.745968750000003,
                "end": 17.88471875
            },
            "speaker": "SPEAKER_00"
        },
        {
            "time_interval": {
                "start": 18.01971875,
                "end": 21.512843750000002
            },
            "speaker": "SPEAKER_02"
        },
        {
            "time_interval": {
                "start": 21.512843750000002,
                "end": 28.49909375
            },
            "speaker": "SPEAKER_00"
        },
        {
            "time_interval": {
                "start": 28.49909375,
                "end": 29.96721875
            },
            "speaker": "SPEAKER_02"
        }
    ]
}