[
  {
    "generated_text": "the starry night by van gogh\n"
  }
]